
   WARN  Metadata found in doc-comment for method Tests\Integration\ApiIntegrationTest::test_auth_login_flow(). Metadata in doc-comments is deprecated and will no longer be supported in PHPUnit 12. Update your test code to use attributes instead.

   WARN  Metadata found in doc-comment for method Tests\Integration\ApiIntegrationTest::test_auth_login_invalid_credentials(). Metadata in doc-comments is deprecated and will no longer be supported in PHPUnit 12. Update your test code to use attributes instead.

   WARN  Metadata found in doc-comment for method Tests\Integration\ApiIntegrationTest::test_auth_register_flow(). Metadata in doc-comments is deprecated and will no longer be supported in PHPUnit 12. Update your test code to use attributes instead.

   WARN  Metadata found in doc-comment for method Tests\Integration\ApiIntegrationTest::test_get_authenticated_user(). Metadata in doc-comments is deprecated and will no longer be supported in PHPUnit 12. Update your test code to use attributes instead.

   WARN  Metadata found in doc-comment for method Tests\Integration\ApiIntegrationTest::test_logout_clears_token(). Metadata in doc-comments is deprecated and will no longer be supported in PHPUnit 12. Update your test code to use attributes instead.

   WARN  Metadata found in doc-comment for method Tests\Integration\ApiIntegrationTest::test_get_all_properties_public(). Metadata in doc-comments is deprecated and will no longer be supported in PHPUnit 12. Update your test code to use attributes instead.

   WARN  Metadata found in doc-comment for method Tests\Integration\ApiIntegrationTest::test_get_property_by_id(). Metadata in doc-comments is deprecated and will no longer be supported in PHPUnit 12. Update your test code to use attributes instead.

   WARN  Metadata found in doc-comment for method Tests\Integration\ApiIntegrationTest::test_search_properties_by_city(). Metadata in doc-comments is deprecated and will no longer be supported in PHPUnit 12. Update your test code to use attributes instead.

   WARN  Metadata found in doc-comment for method Tests\Integration\ApiIntegrationTest::test_create_property_requires_auth(). Metadata in doc-comments is deprecated and will no longer be supported in PHPUnit 12. Update your test code to use attributes instead.

   WARN  Metadata found in doc-comment for method Tests\Integration\ApiIntegrationTest::test_create_property_authenticated(). Metadata in doc-comments is deprecated and will no longer be supported in PHPUnit 12. Update your test code to use attributes instead.

   WARN  Metadata found in doc-comment for method Tests\Integration\ApiIntegrationTest::test_create_reservation(). Metadata in doc-comments is deprecated and will no longer be supported in PHPUnit 12. Update your test code to use attributes instead.

   WARN  Metadata found in doc-comment for method Tests\Integration\ApiIntegrationTest::test_create_reservation_invalid_dates(). Metadata in doc-comments is deprecated and will no longer be supported in PHPUnit 12. Update your test code to use attributes instead.

   WARN  Metadata found in doc-comment for method Tests\Integration\ApiIntegrationTest::test_confirm_reservation(). Metadata in doc-comments is deprecated and will no longer be supported in PHPUnit 12. Update your test code to use attributes instead.

   WARN  Metadata found in doc-comment for method Tests\Integration\ApiIntegrationTest::test_cancel_reservation(). Metadata in doc-comments is deprecated and will no longer be supported in PHPUnit 12. Update your test code to use attributes instead.

   WARN  Metadata found in doc-comment for method Tests\Integration\ApiIntegrationTest::test_complete_payment_flow(). Metadata in doc-comments is deprecated and will no longer be supported in PHPUnit 12. Update your test code to use attributes instead.

   WARN  Metadata found in doc-comment for method Tests\Integration\ApiIntegrationTest::test_get_payment_status(). Metadata in doc-comments is deprecated and will no longer be supported in PHPUnit 12. Update your test code to use attributes instead.

   WARN  Metadata found in doc-comment for method Tests\Integration\ApiIntegrationTest::test_create_review_after_completion(). Metadata in doc-comments is deprecated and will no longer be supported in PHPUnit 12. Update your test code to use attributes instead.

   WARN  Metadata found in doc-comment for method Tests\Integration\ApiIntegrationTest::test_cannot_review_incomplete_reservation(). Metadata in doc-comments is deprecated and will no longer be supported in PHPUnit 12. Update your test code to use attributes instead.

   WARN  Metadata found in doc-comment for method Tests\Integration\ApiIntegrationTest::test_add_property_to_favorites(). Metadata in doc-comments is deprecated and will no longer be supported in PHPUnit 12. Update your test code to use attributes instead.

   WARN  Metadata found in doc-comment for method Tests\Integration\ApiIntegrationTest::test_remove_from_favorites(). Metadata in doc-comments is deprecated and will no longer be supported in PHPUnit 12. Update your test code to use attributes instead.

   WARN  Metadata found in doc-comment for method Tests\Integration\ApiIntegrationTest::test_get_user_favorites(). Metadata in doc-comments is deprecated and will no longer be supported in PHPUnit 12. Update your test code to use attributes instead.

   WARN  Metadata found in doc-comment for method Tests\Integration\ApiIntegrationTest::test_create_cohost_assignment(). Metadata in doc-comments is deprecated and will no longer be supported in PHPUnit 12. Update your test code to use attributes instead.

   WARN  Metadata found in doc-comment for method Tests\Integration\ApiIntegrationTest::test_cohost_accept_invitation(). Metadata in doc-comments is deprecated and will no longer be supported in PHPUnit 12. Update your test code to use attributes instead.

   WARN  Metadata found in doc-comment for method Tests\Integration\ApiIntegrationTest::test_get_user_reservations(). Metadata in doc-comments is deprecated and will no longer be supported in PHPUnit 12. Update your test code to use attributes instead.

   WARN  Metadata found in doc-comment for method Tests\Integration\ApiIntegrationTest::test_get_host_reservations(). Metadata in doc-comments is deprecated and will no longer be supported in PHPUnit 12. Update your test code to use attributes instead.

   WARN  Metadata found in doc-comment for method Tests\Integration\ApiIntegrationTest::test_csrf_token_endpoint(). Metadata in doc-comments is deprecated and will no longer be supported in PHPUnit 12. Update your test code to use attributes instead.

   FAIL  Tests\Integration\ApiIntegrationTest
  Ô£ô auth login flow                                                      0.48s  
  Ô¿» auth login invalid credentials                                       0.03s  
  Ô£ô auth register flow                                                   0.03s  
  Ô¿» get authenticated user                                               0.02s  
  Ô£ô logout clears token                                                  0.02s  
  Ô¿» get all properties public                                            0.03s  
  Ô¿» get property by id                                                   0.04s  
  Ô£ô search properties by city                                            0.02s  
  Ô¿» create property requires auth                                        0.02s  
  Ô¿» create property authenticated                                        0.02s  
  Ô¿» create reservation                                                   0.02s  
  Ô¿» create reservation invalid dates                                     0.02s  
  Ô¿» confirm reservation                                                  0.02s  
  Ô¿» cancel reservation                                                   0.23s  
  Ô¿» complete payment flow                                                0.02s  
  Ô¿» get payment status                                                   0.02s  
  Ô¿» create review after completion                                       0.02s  
  Ô¿» cannot review incomplete reservation                                 0.02s  
  Ô¿» add property to favorites                                            0.02s  
  Ô¿» remove from favorites                                                0.02s  
  Ô¿» get user favorites                                                   0.03s  
  Ô¿» create cohost assignment                                             0.02s  
  Ô¿» cohost accept invitation                                             0.02s  
  Ô¿» get user reservations                                                0.02s  
  Ô¿» get host reservations                                                0.03s  
  Ô£ô csrf token endpoint                                                  0.02s  
  ÔöÇÔöÇÔöÇÔöÇÔöÇÔöÇÔöÇÔöÇÔöÇÔöÇÔöÇÔöÇÔöÇÔöÇÔöÇÔöÇÔöÇÔöÇÔöÇÔöÇÔöÇÔöÇÔöÇÔöÇÔöÇÔöÇÔöÇÔöÇÔöÇÔöÇÔöÇÔöÇÔöÇÔöÇÔöÇÔöÇÔöÇÔöÇÔöÇÔöÇÔöÇÔöÇÔöÇÔöÇÔöÇÔöÇÔöÇÔöÇÔöÇÔöÇÔöÇÔöÇÔöÇÔöÇÔöÇÔöÇÔöÇÔöÇÔöÇÔöÇÔöÇÔöÇÔöÇÔöÇÔöÇÔöÇÔöÇÔöÇÔöÇÔöÇÔöÇÔöÇÔöÇÔöÇÔöÇÔöÇ  
   FAILED  Tests\Integration\ApiIntegrationTest > auth login invalid credentÔÇª   
  Expected response status code [401] but received 422.
Failed asserting that 422 is identical to 401.

  at tests\Integration\ApiIntegrationTest.php:72
     68Ôûò             'email' => 'nonexistent@test.com',
     69Ôûò             'password' => 'wrongpassword'
     70Ôûò         ]);
     71Ôûò 
  Ô×£  72Ôûò         $response->assertUnauthorized();
     73Ôûò     }
     74Ôûò 
     75Ôûò     /** @test */
     76Ôûò     public function test_auth_register_flow()

  ÔöÇÔöÇÔöÇÔöÇÔöÇÔöÇÔöÇÔöÇÔöÇÔöÇÔöÇÔöÇÔöÇÔöÇÔöÇÔöÇÔöÇÔöÇÔöÇÔöÇÔöÇÔöÇÔöÇÔöÇÔöÇÔöÇÔöÇÔöÇÔöÇÔöÇÔöÇÔöÇÔöÇÔöÇÔöÇÔöÇÔöÇÔöÇÔöÇÔöÇÔöÇÔöÇÔöÇÔöÇÔöÇÔöÇÔöÇÔöÇÔöÇÔöÇÔöÇÔöÇÔöÇÔöÇÔöÇÔöÇÔöÇÔöÇÔöÇÔöÇÔöÇÔöÇÔöÇÔöÇÔöÇÔöÇÔöÇÔöÇÔöÇÔöÇÔöÇÔöÇÔöÇÔöÇÔöÇÔöÇ  
   FAILED  Tests\Integration\ApiIntegrationTest > get authenticated user        
  Expected response status code [200] but received 401.
Failed asserting that 401 is identical to 200.

  at tests\Integration\ApiIntegrationTest.php:99
     95Ôûò         $response = $this->getJson('/api/user', [
     96Ôûò             'Authorization' => $this->token
     97Ôûò         ]);
     98Ôûò 
  Ô×£  99Ôûò         $response->assertOk()
    100Ôûò             ->assertJsonPath('email', $this->user->email)
    101Ôûò             ->assertJsonPath('name', $this->user->name);
    102Ôûò     }
    103Ôûò

  ÔöÇÔöÇÔöÇÔöÇÔöÇÔöÇÔöÇÔöÇÔöÇÔöÇÔöÇÔöÇÔöÇÔöÇÔöÇÔöÇÔöÇÔöÇÔöÇÔöÇÔöÇÔöÇÔöÇÔöÇÔöÇÔöÇÔöÇÔöÇÔöÇÔöÇÔöÇÔöÇÔöÇÔöÇÔöÇÔöÇÔöÇÔöÇÔöÇÔöÇÔöÇÔöÇÔöÇÔöÇÔöÇÔöÇÔöÇÔöÇÔöÇÔöÇÔöÇÔöÇÔöÇÔöÇÔöÇÔöÇÔöÇÔöÇÔöÇÔöÇÔöÇÔöÇÔöÇÔöÇÔöÇÔöÇÔöÇÔöÇÔöÇÔöÇÔöÇÔöÇÔöÇÔöÇÔöÇÔöÇ  
   FAILED  Tests\Integration\ApiIntegrationTest > get all properties public     
  Failed asserting that an array has the key 'meta'.

  at tests\Integration\ApiIntegrationTest.php:122
    118Ôûò 
    119Ôûò         $response = $this->getJson('/api/properties');
    120Ôûò 
    121Ôûò         $response->assertOk()
  Ô×£ 122Ôûò             ->assertJsonStructure(['data', 'meta']);
    123Ôûò     }
    124Ôûò 
    125Ôûò     /** @test */
    126Ôûò     public function test_get_property_by_id()

  ÔöÇÔöÇÔöÇÔöÇÔöÇÔöÇÔöÇÔöÇÔöÇÔöÇÔöÇÔöÇÔöÇÔöÇÔöÇÔöÇÔöÇÔöÇÔöÇÔöÇÔöÇÔöÇÔöÇÔöÇÔöÇÔöÇÔöÇÔöÇÔöÇÔöÇÔöÇÔöÇÔöÇÔöÇÔöÇÔöÇÔöÇÔöÇÔöÇÔöÇÔöÇÔöÇÔöÇÔöÇÔöÇÔöÇÔöÇÔöÇÔöÇÔöÇÔöÇÔöÇÔöÇÔöÇÔöÇÔöÇÔöÇÔöÇÔöÇÔöÇÔöÇÔöÇÔöÇÔöÇÔöÇÔöÇÔöÇÔöÇÔöÇÔöÇÔöÇÔöÇÔöÇÔöÇÔöÇÔöÇ  
   FAILED  Tests\Integration\ApiIntegrationTest > get property by id            
  Expected response status code [200] but received 500.
Failed asserting that 500 is identical to 200.

The following exception occurred during the last request:

PDOException: SQLSTATE[HY000]: General error: 1 no such table: calendar_availabilities in C:\Users\Matheus\Desktop\box1111\PROJETO BOX11 V 1.0\backend\vendor\laravel\framework\src\Illuminate\Database\Connection.php:420
Stack trace:
#0 C:\Users\Matheus\Desktop\box1111\PROJETO BOX11 V 1.0\backend\vendor\laravel\framework\src\Illuminate\Database\Connection.php(420): PDO->prepare('select * from "...')
#1 C:\Users\Matheus\Desktop\box1111\PROJETO BOX11 V 1.0\backend\vendor\laravel\framework\src\Illuminate\Database\Connection.php(827): Illuminate\Database\Connection->Illuminate\Database\{closure}('select * from "...', Array)
#2 C:\Users\Matheus\Desktop\box1111\PROJETO BOX11 V 1.0\backend\vendor\laravel\framework\src\Illuminate\Database\Connection.php(794): Illuminate\Database\Connection->runQueryCallback('select * from "...', Array, Object(Closure))
#3 C:\Users\Matheus\Desktop\box1111\PROJETO BOX11 V 1.0\backend\vendor\laravel\framework\src\Illuminate\Database\Connection.php(411): Illuminate\Database\Connection->run('select * from "...', Array, Object(Closure))
#4 C:\Users\Matheus\Desktop\box1111\PROJETO BOX11 V 1.0\backend\vendor\laravel\framework\src\Illuminate\Database\Query\Builder.php(3475): Illuminate\Database\Connection->select('select * from "...', Array, true)
#5 C:\Users\Matheus\Desktop\box1111\PROJETO BOX11 V 1.0\backend\vendor\laravel\framework\src\Illuminate\Database\Query\Builder.php(3460): Illuminate\Database\Query\Builder->runSelect()
#6 C:\Users\Matheus\Desktop\box1111\PROJETO BOX11 V 1.0\backend\vendor\laravel\framework\src\Illuminate\Database\Query\Builder.php(4050): Illuminate\Database\Query\Builder->Illuminate\Database\Query\{closure}()
#7 C:\Users\Matheus\Desktop\box1111\PROJETO BOX11 V 1.0\backend\vendor\laravel\framework\src\Illuminate\Database\Query\Builder.php(3459): Illuminate\Database\Query\Builder->onceWithColumns(Array, Object(Closure))
#8 C:\Users\Matheus\Desktop\box1111\PROJETO BOX11 V 1.0\backend\vendor\laravel\framework\src\Illuminate\Database\Eloquent\Builder.php(902): Illuminate\Database\Query\Builder->get(Array)
#9 C:\Users\Matheus\Desktop\box1111\PROJETO BOX11 V 1.0\backend\vendor\laravel\framework\src\Illuminate\Database\Eloquent\Builder.php(884): Illuminate\Database\Eloquent\Builder->getModels(Array)
#10 C:\Users\Matheus\Desktop\box1111\PROJETO BOX11 V 1.0\backend\vendor\laravel\framework\src\Illuminate\Database\Eloquent\Relations\Relation.php(212): Illuminate\Database\Eloquent\Builder->get(Array)
#11 C:\Users\Matheus\Desktop\box1111\PROJETO BOX11 V 1.0\backend\vendor\laravel\framework\src\Illuminate\Database\Eloquent\Relations\Relation.php(175): Illuminate\Database\Eloquent\Relations\Relation->get()
#12 C:\Users\Matheus\Desktop\box1111\PROJETO BOX11 V 1.0\backend\vendor\laravel\framework\src\Illuminate\Database\Eloquent\Builder.php(950): Illuminate\Database\Eloquent\Relations\Relation->getEager()
#13 C:\Users\Matheus\Desktop\box1111\PROJETO BOX11 V 1.0\backend\vendor\laravel\framework\src\Illuminate\Database\Eloquent\Builder.php(919): Illuminate\Database\Eloquent\Builder->eagerLoadRelation(Array, 'availability', Object(Closure))
#14 C:\Users\Matheus\Desktop\box1111\PROJETO BOX11 V 1.0\backend\vendor\laravel\framework\src\Illuminate\Database\Eloquent\Model.php(800): Illuminate\Database\Eloquent\Builder->eagerLoadRelations(Array)
#15 C:\Users\Matheus\Desktop\box1111\PROJETO BOX11 V 1.0\backend\app\Http\Controllers\Api\PropertyController.php(44): Illuminate\Database\Eloquent\Model->load(Array)
#16 C:\Users\Matheus\Desktop\box1111\PROJETO BOX11 V 1.0\backend\vendor\laravel\framework\src\Illuminate\Routing\ControllerDispatcher.php(46): App\Http\Controllers\Api\PropertyController->show(Object(App\Models\Property))
#17 C:\Users\Matheus\Desktop\box1111\PROJETO BOX11 V 1.0\backend\vendor\laravel\framework\src\Illuminate\Routing\Route.php(265): Illuminate\Routing\ControllerDispatcher->dispatch(Object(Illuminate\Routing\Route), Object(App\Http\Controllers\Api\PropertyController), 'show')
#18 C:\Users\Matheus\Desktop\box1111\PROJETO BOX11 V 1.0\backend\vendor\laravel\framework\src\Illuminate\Routing\Route.php(211): Illuminate\Routing\Route->runController()
#19 C:\Users\Matheus\Desktop\box1111\PROJETO BOX11 V 1.0\backend\vendor\laravel\framework\src\Illuminate\Routing\Router.php(822): Illuminate\Routing\Route->run()
#20 C:\Users\Matheus\Desktop\box1111\PROJETO BOX11 V 1.0\backend\vendor\laravel\framework\src\Illuminate\Pipeline\Pipeline.php(180): Illuminate\Routing\Router->Illuminate\Routing\{closure}(Object(Illuminate\Http\Request))
#21 C:\Users\Matheus\Desktop\box1111\PROJETO BOX11 V 1.0\backend\vendor\laravel\framework\src\Illuminate\Routing\Middleware\SubstituteBindings.php(50): Illuminate\Pipeline\Pipeline->Illuminate\Pipeline\{closure}(Object(Illuminate\Http\Request))
#22 C:\Users\Matheus\Desktop\box1111\PROJETO BOX11 V 1.0\backend\vendor\laravel\framework\src\Illuminate\Pipeline\Pipeline.php(219): Illuminate\Routing\Middleware\SubstituteBindings->handle(Object(Illuminate\Http\Request), Object(Closure))
#23 C:\Users\Matheus\Desktop\box1111\PROJETO BOX11 V 1.0\backend\vendor\laravel\framework\src\Illuminate\Pipeline\Pipeline.php(137): Illuminate\Pipeline\Pipeline->Illuminate\Pipeline\{closure}(Object(Illuminate\Http\Request))
#24 C:\Users\Matheus\Desktop\box1111\PROJETO BOX11 V 1.0\backend\vendor\laravel\framework\src\Illuminate\Routing\Router.php(821): Illuminate\Pipeline\Pipeline->then(Object(Closure))
#25 C:\Users\Matheus\Desktop\box1111\PROJETO BOX11 V 1.0\backend\vendor\laravel\framework\src\Illuminate\Routing\Router.php(800): Illuminate\Routing\Router->runRouteWithinStack(Object(Illuminate\Routing\Route), Object(Illuminate\Http\Request))
#26 C:\Users\Matheus\Desktop\box1111\PROJETO BOX11 V 1.0\backend\vendor\laravel\framework\src\Illuminate\Routing\Router.php(764): Illuminate\Routing\Router->runRoute(Object(Illuminate\Http\Request), Object(Illuminate\Routing\Route))
#27 C:\Users\Matheus\Desktop\box1111\PROJETO BOX11 V 1.0\backend\vendor\laravel\framework\src\Illuminate\Routing\Router.php(753): Illuminate\Routing\Router->dispatchToRoute(Object(Illuminate\Http\Request))
#28 C:\Users\Matheus\Desktop\box1111\PROJETO BOX11 V 1.0\backend\vendor\laravel\framework\src\Illuminate\Foundation\Http\Kernel.php(200): Illuminate\Routing\Router->dispatch(Object(Illuminate\Http\Request))
#29 C:\Users\Matheus\Desktop\box1111\PROJETO BOX11 V 1.0\backend\vendor\laravel\framework\src\Illuminate\Pipeline\Pipeline.php(180): Illuminate\Foundation\Http\Kernel->Illuminate\Foundation\Http\{closure}(Object(Illuminate\Http\Request))
#30 C:\Users\Matheus\Desktop\box1111\PROJETO BOX11 V 1.0\backend\vendor\laravel\framework\src\Illuminate\Foundation\Http\Middleware\VerifyCsrfToken.php(87): Illuminate\Pipeline\Pipeline->Illuminate\Pipeline\{closure}(Object(Illuminate\Http\Request))
#31 C:\Users\Matheus\Desktop\box1111\PROJETO BOX11 V 1.0\backend\vendor\laravel\framework\src\Illuminate\Pipeline\Pipeline.php(219): Illuminate\Foundation\Http\Middleware\VerifyCsrfToken->handle(Object(Illuminate\Http\Request), Object(Closure))
#32 C:\Users\Matheus\Desktop\box1111\PROJETO BOX11 V 1.0\backend\vendor\laravel\framework\src\Illuminate\View\Middleware\ShareErrorsFromSession.php(48): Illuminate\Pipeline\Pipeline->Illuminate\Pipeline\{closure}(Object(Illuminate\Http\Request))
#33 C:\Users\Matheus\Desktop\box1111\PROJETO BOX11 V 1.0\backend\vendor\laravel\framework\src\Illuminate\Pipeline\Pipeline.php(219): Illuminate\View\Middleware\ShareErrorsFromSession->handle(Object(Illuminate\Http\Request), Object(Closure))
#34 C:\Users\Matheus\Desktop\box1111\PROJETO BOX11 V 1.0\backend\vendor\laravel\framework\src\Illuminate\Session\Middleware\StartSession.php(120): Illuminate\Pipeline\Pipeline->Illuminate\Pipeline\{closure}(Object(Illuminate\Http\Request))
#35 C:\Users\Matheus\Desktop\box1111\PROJETO BOX11 V 1.0\backend\vendor\laravel\framework\src\Illuminate\Session\Middleware\StartSession.php(63): Illuminate\Session\Middleware\StartSession->handleStatefulRequest(Object(Illuminate\Http\Request), Object(Illuminate\Session\Store), Object(Closure))
#36 C:\Users\Matheus\Desktop\box1111\PROJETO BOX11 V 1.0\backend\vendor\laravel\framework\src\Illuminate\Pipeline\Pipeline.php(219): Illuminate\Session\Middleware\StartSession->handle(Object(Illuminate\Http\Request), Object(Closure))
#37 C:\Users\Matheus\Desktop\box1111\PROJETO BOX11 V 1.0\backend\vendor\laravel\framework\src\Illuminate\Cookie\Middleware\EncryptCookies.php(74): Illuminate\Pipeline\Pipeline->Illuminate\Pipeline\{closure}(Object(Illuminate\Http\Request))
#38 C:\Users\Matheus\Desktop\box1111\PROJETO BOX11 V 1.0\backend\vendor\laravel\framework\src\Illuminate\Pipeline\Pipeline.php(219): Illuminate\Cookie\Middleware\EncryptCookies->handle(Object(Illuminate\Http\Request), Object(Closure))
#39 C:\Users\Matheus\Desktop\box1111\PROJETO BOX11 V 1.0\backend\vendor\laravel\framework\src\Illuminate\Foundation\Http\Middleware\TransformsRequest.php(21): Illuminate\Pipeline\Pipeline->Illuminate\Pipeline\{closure}(Object(Illuminate\Http\Request))
#40 C:\Users\Matheus\Desktop\box1111\PROJETO BOX11 V 1.0\backend\vendor\laravel\framework\src\Illuminate\Foundation\Http\Middleware\ConvertEmptyStringsToNull.php(31): Illuminate\Foundation\Http\Middleware\TransformsRequest->handle(Object(Illuminate\Http\Request), Object(Closure))
#41 C:\Users\Matheus\Desktop\box1111\PROJETO BOX11 V 1.0\backend\vendor\laravel\framework\src\Illuminate\Pipeline\Pipeline.php(219): Illuminate\Foundation\Http\Middleware\ConvertEmptyStringsToNull->handle(Object(Illuminate\Http\Request), Object(Closure))
#42 C:\Users\Matheus\Desktop\box1111\PROJETO BOX11 V 1.0\backend\vendor\laravel\framework\src\Illuminate\Foundation\Http\Middleware\TransformsRequest.php(21): Illuminate\Pipeline\Pipeline->Illuminate\Pipeline\{closure}(Object(Illuminate\Http\Request))
#43 C:\Users\Matheus\Desktop\box1111\PROJETO BOX11 V 1.0\backend\vendor\laravel\framework\src\Illuminate\Foundation\Http\Middleware\TrimStrings.php(51): Illuminate\Foundation\Http\Middleware\TransformsRequest->handle(Object(Illuminate\Http\Request), Object(Closure))
#44 C:\Users\Matheus\Desktop\box1111\PROJETO BOX11 V 1.0\backend\vendor\laravel\framework\src\Illuminate\Pipeline\Pipeline.php(219): Illuminate\Foundation\Http\Middleware\TrimStrings->handle(Object(Illuminate\Http\Request), Object(Closure))
#45 C:\Users\Matheus\Desktop\box1111\PROJETO BOX11 V 1.0\backend\vendor\laravel\framework\src\Illuminate\Http\Middleware\ValidatePostSize.php(27): Illuminate\Pipeline\Pipeline->Illuminate\Pipeline\{closure}(Object(Illuminate\Http\Request))
#46 C:\Users\Matheus\Desktop\box1111\PROJETO BOX11 V 1.0\backend\vendor\laravel\framework\src\Illuminate\Pipeline\Pipeline.php(219): Illuminate\Http\Middleware\ValidatePostSize->handle(Object(Illuminate\Http\Request), Object(Closure))
#47 C:\Users\Matheus\Desktop\box1111\PROJETO BOX11 V 1.0\backend\vendor\laravel\framework\src\Illuminate\Foundation\Http\Middleware\PreventRequestsDuringMaintenance.php(109): Illuminate\Pipeline\Pipeline->Illuminate\Pipeline\{closure}(Object(Illuminate\Http\Request))
#48 C:\Users\Matheus\Desktop\box1111\PROJETO BOX11 V 1.0\backend\vendor\laravel\framework\src\Illuminate\Pipeline\Pipeline.php(219): Illuminate\Foundation\Http\Middleware\PreventRequestsDuringMaintenance->handle(Object(Illuminate\Http\Request), Object(Closure))
#49 C:\Users\Matheus\Desktop\box1111\PROJETO BOX11 V 1.0\backend\vendor\laravel\framework\src\Illuminate\Http\Middleware\HandleCors.php(74): Illuminate\Pipeline\Pipeline->Illuminate\Pipeline\{closure}(Object(Illuminate\Http\Request))
#50 C:\Users\Matheus\Desktop\box1111\PROJETO BOX11 V 1.0\backend\vendor\laravel\framework\src\Illuminate\Pipeline\Pipeline.php(219): Illuminate\Http\Middleware\HandleCors->handle(Object(Illuminate\Http\Request), Object(Closure))
#51 C:\Users\Matheus\Desktop\box1111\PROJETO BOX11 V 1.0\backend\vendor\laravel\framework\src\Illuminate\Http\Middleware\TrustProxies.php(58): Illuminate\Pipeline\Pipeline->Illuminate\Pipeline\{closure}(Object(Illuminate\Http\Request))
#52 C:\Users\Matheus\Desktop\box1111\PROJETO BOX11 V 1.0\backend\vendor\laravel\framework\src\Illuminate\Pipeline\Pipeline.php(219): Illuminate\Http\Middleware\TrustProxies->handle(Object(Illuminate\Http\Request), Object(Closure))
#53 C:\Users\Matheus\Desktop\box1111\PROJETO BOX11 V 1.0\backend\vendor\laravel\framework\src\Illuminate\Foundation\Http\Middleware\InvokeDeferredCallbacks.php(22): Illuminate\Pipeline\Pipeline->Illuminate\Pipeline\{closure}(Object(Illuminate\Http\Request))
#54 C:\Users\Matheus\Desktop\box1111\PROJETO BOX11 V 1.0\backend\vendor\laravel\framework\src\Illuminate\Pipeline\Pipeline.php(219): Illuminate\Foundation\Http\Middleware\InvokeDeferredCallbacks->handle(Object(Illuminate\Http\Request), Object(Closure))
#55 C:\Users\Matheus\Desktop\box1111\PROJETO BOX11 V 1.0\backend\vendor\laravel\framework\src\Illuminate\Http\Middleware\ValidatePathEncoding.php(26): Illuminate\Pipeline\Pipeline->Illuminate\Pipeline\{closure}(Object(Illuminate\Http\Request))
#56 C:\Users\Matheus\Desktop\box1111\PROJETO BOX11 V 1.0\backend\vendor\laravel\framework\src\Illuminate\Pipeline\Pipeline.php(219): Illuminate\Http\Middleware\ValidatePathEncoding->handle(Object(Illuminate\Http\Request), Object(Closure))
#57 C:\Users\Matheus\Desktop\box1111\PROJETO BOX11 V 1.0\backend\vendor\laravel\framework\src\Illuminate\Pipeline\Pipeline.php(137): Illuminate\Pipeline\Pipeline->Illuminate\Pipeline\{closure}(Object(Illuminate\Http\Request))
#58 C:\Users\Matheus\Desktop\box1111\PROJETO BOX11 V 1.0\backend\vendor\laravel\framework\src\Illuminate\Foundation\Http\Kernel.php(175): Illuminate\Pipeline\Pipeline->then(Object(Closure))
#59 C:\Users\Matheus\Desktop\box1111\PROJETO BOX11 V 1.0\backend\vendor\laravel\framework\src\Illuminate\Foundation\Http\Kernel.php(144): Illuminate\Foundation\Http\Kernel->sendRequestThroughRouter(Object(Illuminate\Http\Request))
#60 C:\Users\Matheus\Desktop\box1111\PROJETO BOX11 V 1.0\backend\vendor\laravel\framework\src\Illuminate\Foundation\Testing\Concerns\MakesHttpRequests.php(607): Illuminate\Foundation\Http\Kernel->handle(Object(Illuminate\Http\Request))
#61 C:\Users\Matheus\Desktop\box1111\PROJETO BOX11 V 1.0\backend\vendor\laravel\framework\src\Illuminate\Foundation\Testing\Concerns\MakesHttpRequests.php(573): Illuminate\Foundation\Testing\TestCase->call('GET', '/api/properties...', Array, Array, Array, Array, '[]')
#62 C:\Users\Matheus\Desktop\box1111\PROJETO BOX11 V 1.0\backend\vendor\laravel\framework\src\Illuminate\Foundation\Testing\Concerns\MakesHttpRequests.php(381): Illuminate\Foundation\Testing\TestCase->json('GET', '/api/properties...', Array, Array, 0)
#63 C:\Users\Matheus\Desktop\box1111\PROJETO BOX11 V 1.0\backend\tests\Integration\ApiIntegrationTest.php(128): Illuminate\Foundation\Testing\TestCase->getJson('/api/properties...')
#64 C:\Users\Matheus\Desktop\box1111\PROJETO BOX11 V 1.0\backend\vendor\phpunit\phpunit\src\Framework\TestCase.php(1667): Tests\Integration\ApiIntegrationTest->test_get_property_by_id()
#65 C:\Users\Matheus\Desktop\box1111\PROJETO BOX11 V 1.0\backend\vendor\phpunit\phpunit\src\Framework\TestCase.php(519): PHPUnit\Framework\TestCase->runTest()
#66 C:\Users\Matheus\Desktop\box1111\PROJETO BOX11 V 1.0\backend\vendor\phpunit\phpunit\src\Framework\TestRunner\TestRunner.php(87): PHPUnit\Framework\TestCase->runBare()
#67 C:\Users\Matheus\Desktop\box1111\PROJETO BOX11 V 1.0\backend\vendor\phpunit\phpunit\src\Framework\TestCase.php(365): PHPUnit\Framework\TestRunner->run(Object(Tests\Integration\ApiIntegrationTest))
#68 C:\Users\Matheus\Desktop\box1111\PROJETO BOX11 V 1.0\backend\vendor\phpunit\phpunit\src\Framework\TestSuite.php(369): PHPUnit\Framework\TestCase->run()
#69 C:\Users\Matheus\Desktop\box1111\PROJETO BOX11 V 1.0\backend\vendor\phpunit\phpunit\src\TextUI\TestRunner.php(64): PHPUnit\Framework\TestSuite->run()
#70 C:\Users\Matheus\Desktop\box1111\PROJETO BOX11 V 1.0\backend\vendor\phpunit\phpunit\src\TextUI\Application.php(211): PHPUnit\TextUI\TestRunner->run(Object(PHPUnit\TextUI\Configuration\Configuration), Object(PHPUnit\Runner\ResultCache\DefaultResultCache), Object(PHPUnit\Framework\TestSuite))
#71 C:\Users\Matheus\Desktop\box1111\PROJETO BOX11 V 1.0\backend\vendor\phpunit\phpunit\phpunit(104): PHPUnit\TextUI\Application->run(Array)
#72 {main}

Next Illuminate\Database\QueryException: SQLSTATE[HY000]: General error: 1 no such table: calendar_availabilities (Connection: sqlite, Database: :memory:, SQL: select * from "calendar_availabilities" where "calendar_availabilities"."property_id" in (1)) in C:\Users\Matheus\Desktop\box1111\PROJETO BOX11 V 1.0\backend\vendor\laravel\framework\src\Illuminate\Database\Connection.php:838
Stack trace:
#0 C:\Users\Matheus\Desktop\box1111\PROJETO BOX11 V 1.0\backend\vendor\laravel\framework\src\Illuminate\Database\Connection.php(794): Illuminate\Database\Connection->runQueryCallback('select * from "...', Array, Object(Closure))
#1 C:\Users\Matheus\Desktop\box1111\PROJETO BOX11 V 1.0\backend\vendor\laravel\framework\src\Illuminate\Database\Connection.php(411): Illuminate\Database\Connection->run('select * from "...', Array, Object(Closure))
#2 C:\Users\Matheus\Desktop\box1111\PROJETO BOX11 V 1.0\backend\vendor\laravel\framework\src\Illuminate\Database\Query\Builder.php(3475): Illuminate\Database\Connection->select('select * from "...', Array, true)
#3 C:\Users\Matheus\Desktop\box1111\PROJETO BOX11 V 1.0\backend\vendor\laravel\framework\src\Illuminate\Database\Query\Builder.php(3460): Illuminate\Database\Query\Builder->runSelect()
#4 C:\Users\Matheus\Desktop\box1111\PROJETO BOX11 V 1.0\backend\vendor\laravel\framework\src\Illuminate\Database\Query\Builder.php(4050): Illuminate\Database\Query\Builder->Illuminate\Database\Query\{closure}()
#5 C:\Users\Matheus\Desktop\box1111\PROJETO BOX11 V 1.0\backend\vendor\laravel\framework\src\Illuminate\Database\Query\Builder.php(3459): Illuminate\Database\Query\Builder->onceWithColumns(Array, Object(Closure))
#6 C:\Users\Matheus\Desktop\box1111\PROJETO BOX11 V 1.0\backend\vendor\laravel\framework\src\Illuminate\Database\Eloquent\Builder.php(902): Illuminate\Database\Query\Builder->get(Array)
#7 C:\Users\Matheus\Desktop\box1111\PROJETO BOX11 V 1.0\backend\vendor\laravel\framework\src\Illuminate\Database\Eloquent\Builder.php(884): Illuminate\Database\Eloquent\Builder->getModels(Array)
#8 C:\Users\Matheus\Desktop\box1111\PROJETO BOX11 V 1.0\backend\vendor\laravel\framework\src\Illuminate\Database\Eloquent\Relations\Relation.php(212): Illuminate\Database\Eloquent\Builder->get(Array)
#9 C:\Users\Matheus\Desktop\box1111\PROJETO BOX11 V 1.0\backend\vendor\laravel\framework\src\Illuminate\Database\Eloquent\Relations\Relation.php(175): Illuminate\Database\Eloquent\Relations\Relation->get()
#10 C:\Users\Matheus\Desktop\box1111\PROJETO BOX11 V 1.0\backend\vendor\laravel\framework\src\Illuminate\Database\Eloquent\Builder.php(950): Illuminate\Database\Eloquent\Relations\Relation->getEager()
#11 C:\Users\Matheus\Desktop\box1111\PROJETO BOX11 V 1.0\backend\vendor\laravel\framework\src\Illuminate\Database\Eloquent\Builder.php(919): Illuminate\Database\Eloquent\Builder->eagerLoadRelation(Array, 'availability', Object(Closure))
#12 C:\Users\Matheus\Desktop\box1111\PROJETO BOX11 V 1.0\backend\vendor\laravel\framework\src\Illuminate\Database\Eloquent\Model.php(800): Illuminate\Database\Eloquent\Builder->eagerLoadRelations(Array)
#13 C:\Users\Matheus\Desktop\box1111\PROJETO BOX11 V 1.0\backend\app\Http\Controllers\Api\PropertyController.php(44): Illuminate\Database\Eloquent\Model->load(Array)
#14 C:\Users\Matheus\Desktop\box1111\PROJETO BOX11 V 1.0\backend\vendor\laravel\framework\src\Illuminate\Routing\ControllerDispatcher.php(46): App\Http\Controllers\Api\PropertyController->show(Object(App\Models\Property))
#15 C:\Users\Matheus\Desktop\box1111\PROJETO BOX11 V 1.0\backend\vendor\laravel\framework\src\Illuminate\Routing\Route.php(265): Illuminate\Routing\ControllerDispatcher->dispatch(Object(Illuminate\Routing\Route), Object(App\Http\Controllers\Api\PropertyController), 'show')
#16 C:\Users\Matheus\Desktop\box1111\PROJETO BOX11 V 1.0\backend\vendor\laravel\framework\src\Illuminate\Routing\Route.php(211): Illuminate\Routing\Route->runController()
#17 C:\Users\Matheus\Desktop\box1111\PROJETO BOX11 V 1.0\backend\vendor\laravel\framework\src\Illuminate\Routing\Router.php(822): Illuminate\Routing\Route->run()
#18 C:\Users\Matheus\Desktop\box1111\PROJETO BOX11 V 1.0\backend\vendor\laravel\framework\src\Illuminate\Pipeline\Pipeline.php(180): Illuminate\Routing\Router->Illuminate\Routing\{closure}(Object(Illuminate\Http\Request))
#19 C:\Users\Matheus\Desktop\box1111\PROJETO BOX11 V 1.0\backend\vendor\laravel\framework\src\Illuminate\Routing\Middleware\SubstituteBindings.php(50): Illuminate\Pipeline\Pipeline->Illuminate\Pipeline\{closure}(Object(Illuminate\Http\Request))
#20 C:\Users\Matheus\Desktop\box1111\PROJETO BOX11 V 1.0\backend\vendor\laravel\framework\src\Illuminate\Pipeline\Pipeline.php(219): Illuminate\Routing\Middleware\SubstituteBindings->handle(Object(Illuminate\Http\Request), Object(Closure))
#21 C:\Users\Matheus\Desktop\box1111\PROJETO BOX11 V 1.0\backend\vendor\laravel\framework\src\Illuminate\Pipeline\Pipeline.php(137): Illuminate\Pipeline\Pipeline->Illuminate\Pipeline\{closure}(Object(Illuminate\Http\Request))
#22 C:\Users\Matheus\Desktop\box1111\PROJETO BOX11 V 1.0\backend\vendor\laravel\framework\src\Illuminate\Routing\Router.php(821): Illuminate\Pipeline\Pipeline->then(Object(Closure))
#23 C:\Users\Matheus\Desktop\box1111\PROJETO BOX11 V 1.0\backend\vendor\laravel\framework\src\Illuminate\Routing\Router.php(800): Illuminate\Routing\Router->runRouteWithinStack(Object(Illuminate\Routing\Route), Object(Illuminate\Http\Request))
#24 C:\Users\Matheus\Desktop\box1111\PROJETO BOX11 V 1.0\backend\vendor\laravel\framework\src\Illuminate\Routing\Router.php(764): Illuminate\Routing\Router->runRoute(Object(Illuminate\Http\Request), Object(Illuminate\Routing\Route))
#25 C:\Users\Matheus\Desktop\box1111\PROJETO BOX11 V 1.0\backend\vendor\laravel\framework\src\Illuminate\Routing\Router.php(753): Illuminate\Routing\Router->dispatchToRoute(Object(Illuminate\Http\Request))
#26 C:\Users\Matheus\Desktop\box1111\PROJETO BOX11 V 1.0\backend\vendor\laravel\framework\src\Illuminate\Foundation\Http\Kernel.php(200): Illuminate\Routing\Router->dispatch(Object(Illuminate\Http\Request))
#27 C:\Users\Matheus\Desktop\box1111\PROJETO BOX11 V 1.0\backend\vendor\laravel\framework\src\Illuminate\Pipeline\Pipeline.php(180): Illuminate\Foundation\Http\Kernel->Illuminate\Foundation\Http\{closure}(Object(Illuminate\Http\Request))
#28 C:\Users\Matheus\Desktop\box1111\PROJETO BOX11 V 1.0\backend\vendor\laravel\framework\src\Illuminate\Foundation\Http\Middleware\VerifyCsrfToken.php(87): Illuminate\Pipeline\Pipeline->Illuminate\Pipeline\{closure}(Object(Illuminate\Http\Request))
#29 C:\Users\Matheus\Desktop\box1111\PROJETO BOX11 V 1.0\backend\vendor\laravel\framework\src\Illuminate\Pipeline\Pipeline.php(219): Illuminate\Foundation\Http\Middleware\VerifyCsrfToken->handle(Object(Illuminate\Http\Request), Object(Closure))
#30 C:\Users\Matheus\Desktop\box1111\PROJETO BOX11 V 1.0\backend\vendor\laravel\framework\src\Illuminate\View\Middleware\ShareErrorsFromSession.php(48): Illuminate\Pipeline\Pipeline->Illuminate\Pipeline\{closure}(Object(Illuminate\Http\Request))
#31 C:\Users\Matheus\Desktop\box1111\PROJETO BOX11 V 1.0\backend\vendor\laravel\framework\src\Illuminate\Pipeline\Pipeline.php(219): Illuminate\View\Middleware\ShareErrorsFromSession->handle(Object(Illuminate\Http\Request), Object(Closure))
#32 C:\Users\Matheus\Desktop\box1111\PROJETO BOX11 V 1.0\backend\vendor\laravel\framework\src\Illuminate\Session\Middleware\StartSession.php(120): Illuminate\Pipeline\Pipeline->Illuminate\Pipeline\{closure}(Object(Illuminate\Http\Request))
#33 C:\Users\Matheus\Desktop\box1111\PROJETO BOX11 V 1.0\backend\vendor\laravel\framework\src\Illuminate\Session\Middleware\StartSession.php(63): Illuminate\Session\Middleware\StartSession->handleStatefulRequest(Object(Illuminate\Http\Request), Object(Illuminate\Session\Store), Object(Closure))
#34 C:\Users\Matheus\Desktop\box1111\PROJETO BOX11 V 1.0\backend\vendor\laravel\framework\src\Illuminate\Pipeline\Pipeline.php(219): Illuminate\Session\Middleware\StartSession->handle(Object(Illuminate\Http\Request), Object(Closure))
#35 C:\Users\Matheus\Desktop\box1111\PROJETO BOX11 V 1.0\backend\vendor\laravel\framework\src\Illuminate\Cookie\Middleware\EncryptCookies.php(74): Illuminate\Pipeline\Pipeline->Illuminate\Pipeline\{closure}(Object(Illuminate\Http\Request))
#36 C:\Users\Matheus\Desktop\box1111\PROJETO BOX11 V 1.0\backend\vendor\laravel\framework\src\Illuminate\Pipeline\Pipeline.php(219): Illuminate\Cookie\Middleware\EncryptCookies->handle(Object(Illuminate\Http\Request), Object(Closure))
#37 C:\Users\Matheus\Desktop\box1111\PROJETO BOX11 V 1.0\backend\vendor\laravel\framework\src\Illuminate\Foundation\Http\Middleware\TransformsRequest.php(21): Illuminate\Pipeline\Pipeline->Illuminate\Pipeline\{closure}(Object(Illuminate\Http\Request))
#38 C:\Users\Matheus\Desktop\box1111\PROJETO BOX11 V 1.0\backend\vendor\laravel\framework\src\Illuminate\Foundation\Http\Middleware\ConvertEmptyStringsToNull.php(31): Illuminate\Foundation\Http\Middleware\TransformsRequest->handle(Object(Illuminate\Http\Request), Object(Closure))
#39 C:\Users\Matheus\Desktop\box1111\PROJETO BOX11 V 1.0\backend\vendor\laravel\framework\src\Illuminate\Pipeline\Pipeline.php(219): Illuminate\Foundation\Http\Middleware\ConvertEmptyStringsToNull->handle(Object(Illuminate\Http\Request), Object(Closure))
#40 C:\Users\Matheus\Desktop\box1111\PROJETO BOX11 V 1.0\backend\vendor\laravel\framework\src\Illuminate\Foundation\Http\Middleware\TransformsRequest.php(21): Illuminate\Pipeline\Pipeline->Illuminate\Pipeline\{closure}(Object(Illuminate\Http\Request))
#41 C:\Users\Matheus\Desktop\box1111\PROJETO BOX11 V 1.0\backend\vendor\laravel\framework\src\Illuminate\Foundation\Http\Middleware\TrimStrings.php(51): Illuminate\Foundation\Http\Middleware\TransformsRequest->handle(Object(Illuminate\Http\Request), Object(Closure))
#42 C:\Users\Matheus\Desktop\box1111\PROJETO BOX11 V 1.0\backend\vendor\laravel\framework\src\Illuminate\Pipeline\Pipeline.php(219): Illuminate\Foundation\Http\Middleware\TrimStrings->handle(Object(Illuminate\Http\Request), Object(Closure))
#43 C:\Users\Matheus\Desktop\box1111\PROJETO BOX11 V 1.0\backend\vendor\laravel\framework\src\Illuminate\Http\Middleware\ValidatePostSize.php(27): Illuminate\Pipeline\Pipeline->Illuminate\Pipeline\{closure}(Object(Illuminate\Http\Request))
#44 C:\Users\Matheus\Desktop\box1111\PROJETO BOX11 V 1.0\backend\vendor\laravel\framework\src\Illuminate\Pipeline\Pipeline.php(219): Illuminate\Http\Middleware\ValidatePostSize->handle(Object(Illuminate\Http\Request), Object(Closure))
#45 C:\Users\Matheus\Desktop\box1111\PROJETO BOX11 V 1.0\backend\vendor\laravel\framework\src\Illuminate\Foundation\Http\Middleware\PreventRequestsDuringMaintenance.php(109): Illuminate\Pipeline\Pipeline->Illuminate\Pipeline\{closure}(Object(Illuminate\Http\Request))
#46 C:\Users\Matheus\Desktop\box1111\PROJETO BOX11 V 1.0\backend\vendor\laravel\framework\src\Illuminate\Pipeline\Pipeline.php(219): Illuminate\Foundation\Http\Middleware\PreventRequestsDuringMaintenance->handle(Object(Illuminate\Http\Request), Object(Closure))
#47 C:\Users\Matheus\Desktop\box1111\PROJETO BOX11 V 1.0\backend\vendor\laravel\framework\src\Illuminate\Http\Middleware\HandleCors.php(74): Illuminate\Pipeline\Pipeline->Illuminate\Pipeline\{closure}(Object(Illuminate\Http\Request))
#48 C:\Users\Matheus\Desktop\box1111\PROJETO BOX11 V 1.0\backend\vendor\laravel\framework\src\Illuminate\Pipeline\Pipeline.php(219): Illuminate\Http\Middleware\HandleCors->handle(Object(Illuminate\Http\Request), Object(Closure))
#49 C:\Users\Matheus\Desktop\box1111\PROJETO BOX11 V 1.0\backend\vendor\laravel\framework\src\Illuminate\Http\Middleware\TrustProxies.php(58): Illuminate\Pipeline\Pipeline->Illuminate\Pipeline\{closure}(Object(Illuminate\Http\Request))
#50 C:\Users\Matheus\Desktop\box1111\PROJETO BOX11 V 1.0\backend\vendor\laravel\framework\src\Illuminate\Pipeline\Pipeline.php(219): Illuminate\Http\Middleware\TrustProxies->handle(Object(Illuminate\Http\Request), Object(Closure))
#51 C:\Users\Matheus\Desktop\box1111\PROJETO BOX11 V 1.0\backend\vendor\laravel\framework\src\Illuminate\Foundation\Http\Middleware\InvokeDeferredCallbacks.php(22): Illuminate\Pipeline\Pipeline->Illuminate\Pipeline\{closure}(Object(Illuminate\Http\Request))
#52 C:\Users\Matheus\Desktop\box1111\PROJETO BOX11 V 1.0\backend\vendor\laravel\framework\src\Illuminate\Pipeline\Pipeline.php(219): Illuminate\Foundation\Http\Middleware\InvokeDeferredCallbacks->handle(Object(Illuminate\Http\Request), Object(Closure))
#53 C:\Users\Matheus\Desktop\box1111\PROJETO BOX11 V 1.0\backend\vendor\laravel\framework\src\Illuminate\Http\Middleware\ValidatePathEncoding.php(26): Illuminate\Pipeline\Pipeline->Illuminate\Pipeline\{closure}(Object(Illuminate\Http\Request))
#54 C:\Users\Matheus\Desktop\box1111\PROJETO BOX11 V 1.0\backend\vendor\laravel\framework\src\Illuminate\Pipeline\Pipeline.php(219): Illuminate\Http\Middleware\ValidatePathEncoding->handle(Object(Illuminate\Http\Request), Object(Closure))
#55 C:\Users\Matheus\Desktop\box1111\PROJETO BOX11 V 1.0\backend\vendor\laravel\framework\src\Illuminate\Pipeline\Pipeline.php(137): Illuminate\Pipeline\Pipeline->Illuminate\Pipeline\{closure}(Object(Illuminate\Http\Request))
#56 C:\Users\Matheus\Desktop\box1111\PROJETO BOX11 V 1.0\backend\vendor\laravel\framework\src\Illuminate\Foundation\Http\Kernel.php(175): Illuminate\Pipeline\Pipeline->then(Object(Closure))
#57 C:\Users\Matheus\Desktop\box1111\PROJETO BOX11 V 1.0\backend\vendor\laravel\framework\src\Illuminate\Foundation\Http\Kernel.php(144): Illuminate\Foundation\Http\Kernel->sendRequestThroughRouter(Object(Illuminate\Http\Request))
#58 C:\Users\Matheus\Desktop\box1111\PROJETO BOX11 V 1.0\backend\vendor\laravel\framework\src\Illuminate\Foundation\Testing\Concerns\MakesHttpRequests.php(607): Illuminate\Foundation\Http\Kernel->handle(Object(Illuminate\Http\Request))
#59 C:\Users\Matheus\Desktop\box1111\PROJETO BOX11 V 1.0\backend\vendor\laravel\framework\src\Illuminate\Foundation\Testing\Concerns\MakesHttpRequests.php(573): Illuminate\Foundation\Testing\TestCase->call('GET', '/api/properties...', Array, Array, Array, Array, '[]')
#60 C:\Users\Matheus\Desktop\box1111\PROJETO BOX11 V 1.0\backend\vendor\laravel\framework\src\Illuminate\Foundation\Testing\Concerns\MakesHttpRequests.php(381): Illuminate\Foundation\Testing\TestCase->json('GET', '/api/properties...', Array, Array, 0)
#61 C:\Users\Matheus\Desktop\box1111\PROJETO BOX11 V 1.0\backend\tests\Integration\ApiIntegrationTest.php(128): Illuminate\Foundation\Testing\TestCase->getJson('/api/properties...')
#62 C:\Users\Matheus\Desktop\box1111\PROJETO BOX11 V 1.0\backend\vendor\phpunit\phpunit\src\Framework\TestCase.php(1667): Tests\Integration\ApiIntegrationTest->test_get_property_by_id()
#63 C:\Users\Matheus\Desktop\box1111\PROJETO BOX11 V 1.0\backend\vendor\phpunit\phpunit\src\Framework\TestCase.php(519): PHPUnit\Framework\TestCase->runTest()
#64 C:\Users\Matheus\Desktop\box1111\PROJETO BOX11 V 1.0\backend\vendor\phpunit\phpunit\src\Framework\TestRunner\TestRunner.php(87): PHPUnit\Framework\TestCase->runBare()
#65 C:\Users\Matheus\Desktop\box1111\PROJETO BOX11 V 1.0\backend\vendor\phpunit\phpunit\src\Framework\TestCase.php(365): PHPUnit\Framework\TestRunner->run(Object(Tests\Integration\ApiIntegrationTest))
#66 C:\Users\Matheus\Desktop\box1111\PROJETO BOX11 V 1.0\backend\vendor\phpunit\phpunit\src\Framework\TestSuite.php(369): PHPUnit\Framework\TestCase->run()
#67 C:\Users\Matheus\Desktop\box1111\PROJETO BOX11 V 1.0\backend\vendor\phpunit\phpunit\src\TextUI\TestRunner.php(64): PHPUnit\Framework\TestSuite->run()
#68 C:\Users\Matheus\Desktop\box1111\PROJETO BOX11 V 1.0\backend\vendor\phpunit\phpunit\src\TextUI\Application.php(211): PHPUnit\TextUI\TestRunner->run(Object(PHPUnit\TextUI\Configuration\Configuration), Object(PHPUnit\Runner\ResultCache\DefaultResultCache), Object(PHPUnit\Framework\TestSuite))
#69 C:\Users\Matheus\Desktop\box1111\PROJETO BOX11 V 1.0\backend\vendor\phpunit\phpunit\phpunit(104): PHPUnit\TextUI\Application->run(Array)
#70 {main}

----------------------------------------------------------------------------------

SQLSTATE[HY000]: General error: 1 no such table: calendar_availabilities (Connection: sqlite, Database: :memory:, SQL: select * from "calendar_availabilities" where "calendar_availabilities"."property_id" in (1))

  at tests\Integration\ApiIntegrationTest.php:130
    126Ôûò     public function test_get_property_by_id()
    127Ôûò     {
    128Ôûò         $response = $this->getJson("/api/properties/{$this->property->id}");
    129Ôûò 
  Ô×£ 130Ôûò         $response->assertOk()
    131Ôûò             ->assertJsonPath('id', $this->property->id)
    132Ôûò             ->assertJsonPath('title', $this->property->title);
    133Ôûò     }
    134Ôûò

  ÔöÇÔöÇÔöÇÔöÇÔöÇÔöÇÔöÇÔöÇÔöÇÔöÇÔöÇÔöÇÔöÇÔöÇÔöÇÔöÇÔöÇÔöÇÔöÇÔöÇÔöÇÔöÇÔöÇÔöÇÔöÇÔöÇÔöÇÔöÇÔöÇÔöÇÔöÇÔöÇÔöÇÔöÇÔöÇÔöÇÔöÇÔöÇÔöÇÔöÇÔöÇÔöÇÔöÇÔöÇÔöÇÔöÇÔöÇÔöÇÔöÇÔöÇÔöÇÔöÇÔöÇÔöÇÔöÇÔöÇÔöÇÔöÇÔöÇÔöÇÔöÇÔöÇÔöÇÔöÇÔöÇÔöÇÔöÇÔöÇÔöÇÔöÇÔöÇÔöÇÔöÇÔöÇÔöÇÔöÇ  
   FAILED  Tests\Integration\ApiIntegrationTest > create property requires aÔÇª   
  Expected response status code [401] but received 500.
Failed asserting that 500 is identical to 401.

The following exception occurred during the last request:

InvalidArgumentException: Auth guard [sanctum] is not defined. in C:\Users\Matheus\Desktop\box1111\PROJETO BOX11 V 1.0\backend\vendor\laravel\framework\src\Illuminate\Auth\AuthManager.php:85
Stack trace:
#0 C:\Users\Matheus\Desktop\box1111\PROJETO BOX11 V 1.0\backend\vendor\laravel\framework\src\Illuminate\Auth\AuthManager.php(69): Illuminate\Auth\AuthManager->resolve('sanctum')
#1 C:\Users\Matheus\Desktop\box1111\PROJETO BOX11 V 1.0\backend\vendor\laravel\framework\src\Illuminate\Auth\Middleware\Authenticate.php(82): Illuminate\Auth\AuthManager->guard('sanctum')
#2 C:\Users\Matheus\Desktop\box1111\PROJETO BOX11 V 1.0\backend\vendor\laravel\framework\src\Illuminate\Auth\Middleware\Authenticate.php(61): Illuminate\Auth\Middleware\Authenticate->authenticate(Object(Illuminate\Http\Request), Array)
#3 C:\Users\Matheus\Desktop\box1111\PROJETO BOX11 V 1.0\backend\vendor\laravel\framework\src\Illuminate\Pipeline\Pipeline.php(219): Illuminate\Auth\Middleware\Authenticate->handle(Object(Illuminate\Http\Request), Object(Closure), 'sanctum')
#4 C:\Users\Matheus\Desktop\box1111\PROJETO BOX11 V 1.0\backend\vendor\laravel\framework\src\Illuminate\Pipeline\Pipeline.php(137): Illuminate\Pipeline\Pipeline->Illuminate\Pipeline\{closure}(Object(Illuminate\Http\Request))
#5 C:\Users\Matheus\Desktop\box1111\PROJETO BOX11 V 1.0\backend\vendor\laravel\framework\src\Illuminate\Routing\Router.php(821): Illuminate\Pipeline\Pipeline->then(Object(Closure))
#6 C:\Users\Matheus\Desktop\box1111\PROJETO BOX11 V 1.0\backend\vendor\laravel\framework\src\Illuminate\Routing\Router.php(800): Illuminate\Routing\Router->runRouteWithinStack(Object(Illuminate\Routing\Route), Object(Illuminate\Http\Request))
#7 C:\Users\Matheus\Desktop\box1111\PROJETO BOX11 V 1.0\backend\vendor\laravel\framework\src\Illuminate\Routing\Router.php(764): Illuminate\Routing\Router->runRoute(Object(Illuminate\Http\Request), Object(Illuminate\Routing\Route))
#8 C:\Users\Matheus\Desktop\box1111\PROJETO BOX11 V 1.0\backend\vendor\laravel\framework\src\Illuminate\Routing\Router.php(753): Illuminate\Routing\Router->dispatchToRoute(Object(Illuminate\Http\Request))
#9 C:\Users\Matheus\Desktop\box1111\PROJETO BOX11 V 1.0\backend\vendor\laravel\framework\src\Illuminate\Foundation\Http\Kernel.php(200): Illuminate\Routing\Router->dispatch(Object(Illuminate\Http\Request))
#10 C:\Users\Matheus\Desktop\box1111\PROJETO BOX11 V 1.0\backend\vendor\laravel\framework\src\Illuminate\Pipeline\Pipeline.php(180): Illuminate\Foundation\Http\Kernel->Illuminate\Foundation\Http\{closure}(Object(Illuminate\Http\Request))
#11 C:\Users\Matheus\Desktop\box1111\PROJETO BOX11 V 1.0\backend\vendor\laravel\framework\src\Illuminate\Foundation\Http\Middleware\VerifyCsrfToken.php(87): Illuminate\Pipeline\Pipeline->Illuminate\Pipeline\{closure}(Object(Illuminate\Http\Request))
#12 C:\Users\Matheus\Desktop\box1111\PROJETO BOX11 V 1.0\backend\vendor\laravel\framework\src\Illuminate\Pipeline\Pipeline.php(219): Illuminate\Foundation\Http\Middleware\VerifyCsrfToken->handle(Object(Illuminate\Http\Request), Object(Closure))
#13 C:\Users\Matheus\Desktop\box1111\PROJETO BOX11 V 1.0\backend\vendor\laravel\framework\src\Illuminate\View\Middleware\ShareErrorsFromSession.php(48): Illuminate\Pipeline\Pipeline->Illuminate\Pipeline\{closure}(Object(Illuminate\Http\Request))
#14 C:\Users\Matheus\Desktop\box1111\PROJETO BOX11 V 1.0\backend\vendor\laravel\framework\src\Illuminate\Pipeline\Pipeline.php(219): Illuminate\View\Middleware\ShareErrorsFromSession->handle(Object(Illuminate\Http\Request), Object(Closure))
#15 C:\Users\Matheus\Desktop\box1111\PROJETO BOX11 V 1.0\backend\vendor\laravel\framework\src\Illuminate\Session\Middleware\StartSession.php(120): Illuminate\Pipeline\Pipeline->Illuminate\Pipeline\{closure}(Object(Illuminate\Http\Request))
#16 C:\Users\Matheus\Desktop\box1111\PROJETO BOX11 V 1.0\backend\vendor\laravel\framework\src\Illuminate\Session\Middleware\StartSession.php(63): Illuminate\Session\Middleware\StartSession->handleStatefulRequest(Object(Illuminate\Http\Request), Object(Illuminate\Session\Store), Object(Closure))
#17 C:\Users\Matheus\Desktop\box1111\PROJETO BOX11 V 1.0\backend\vendor\laravel\framework\src\Illuminate\Pipeline\Pipeline.php(219): Illuminate\Session\Middleware\StartSession->handle(Object(Illuminate\Http\Request), Object(Closure))
#18 C:\Users\Matheus\Desktop\box1111\PROJETO BOX11 V 1.0\backend\vendor\laravel\framework\src\Illuminate\Cookie\Middleware\EncryptCookies.php(74): Illuminate\Pipeline\Pipeline->Illuminate\Pipeline\{closure}(Object(Illuminate\Http\Request))
#19 C:\Users\Matheus\Desktop\box1111\PROJETO BOX11 V 1.0\backend\vendor\laravel\framework\src\Illuminate\Pipeline\Pipeline.php(219): Illuminate\Cookie\Middleware\EncryptCookies->handle(Object(Illuminate\Http\Request), Object(Closure))
#20 C:\Users\Matheus\Desktop\box1111\PROJETO BOX11 V 1.0\backend\vendor\laravel\framework\src\Illuminate\Foundation\Http\Middleware\TransformsRequest.php(21): Illuminate\Pipeline\Pipeline->Illuminate\Pipeline\{closure}(Object(Illuminate\Http\Request))
#21 C:\Users\Matheus\Desktop\box1111\PROJETO BOX11 V 1.0\backend\vendor\laravel\framework\src\Illuminate\Foundation\Http\Middleware\ConvertEmptyStringsToNull.php(31): Illuminate\Foundation\Http\Middleware\TransformsRequest->handle(Object(Illuminate\Http\Request), Object(Closure))
#22 C:\Users\Matheus\Desktop\box1111\PROJETO BOX11 V 1.0\backend\vendor\laravel\framework\src\Illuminate\Pipeline\Pipeline.php(219): Illuminate\Foundation\Http\Middleware\ConvertEmptyStringsToNull->handle(Object(Illuminate\Http\Request), Object(Closure))
#23 C:\Users\Matheus\Desktop\box1111\PROJETO BOX11 V 1.0\backend\vendor\laravel\framework\src\Illuminate\Foundation\Http\Middleware\TransformsRequest.php(21): Illuminate\Pipeline\Pipeline->Illuminate\Pipeline\{closure}(Object(Illuminate\Http\Request))
#24 C:\Users\Matheus\Desktop\box1111\PROJETO BOX11 V 1.0\backend\vendor\laravel\framework\src\Illuminate\Foundation\Http\Middleware\TrimStrings.php(51): Illuminate\Foundation\Http\Middleware\TransformsRequest->handle(Object(Illuminate\Http\Request), Object(Closure))
#25 C:\Users\Matheus\Desktop\box1111\PROJETO BOX11 V 1.0\backend\vendor\laravel\framework\src\Illuminate\Pipeline\Pipeline.php(219): Illuminate\Foundation\Http\Middleware\TrimStrings->handle(Object(Illuminate\Http\Request), Object(Closure))
#26 C:\Users\Matheus\Desktop\box1111\PROJETO BOX11 V 1.0\backend\vendor\laravel\framework\src\Illuminate\Http\Middleware\ValidatePostSize.php(27): Illuminate\Pipeline\Pipeline->Illuminate\Pipeline\{closure}(Object(Illuminate\Http\Request))
#27 C:\Users\Matheus\Desktop\box1111\PROJETO BOX11 V 1.0\backend\vendor\laravel\framework\src\Illuminate\Pipeline\Pipeline.php(219): Illuminate\Http\Middleware\ValidatePostSize->handle(Object(Illuminate\Http\Request), Object(Closure))
#28 C:\Users\Matheus\Desktop\box1111\PROJETO BOX11 V 1.0\backend\vendor\laravel\framework\src\Illuminate\Foundation\Http\Middleware\PreventRequestsDuringMaintenance.php(109): Illuminate\Pipeline\Pipeline->Illuminate\Pipeline\{closure}(Object(Illuminate\Http\Request))
#29 C:\Users\Matheus\Desktop\box1111\PROJETO BOX11 V 1.0\backend\vendor\laravel\framework\src\Illuminate\Pipeline\Pipeline.php(219): Illuminate\Foundation\Http\Middleware\PreventRequestsDuringMaintenance->handle(Object(Illuminate\Http\Request), Object(Closure))
#30 C:\Users\Matheus\Desktop\box1111\PROJETO BOX11 V 1.0\backend\vendor\laravel\framework\src\Illuminate\Http\Middleware\HandleCors.php(74): Illuminate\Pipeline\Pipeline->Illuminate\Pipeline\{closure}(Object(Illuminate\Http\Request))
#31 C:\Users\Matheus\Desktop\box1111\PROJETO BOX11 V 1.0\backend\vendor\laravel\framework\src\Illuminate\Pipeline\Pipeline.php(219): Illuminate\Http\Middleware\HandleCors->handle(Object(Illuminate\Http\Request), Object(Closure))
#32 C:\Users\Matheus\Desktop\box1111\PROJETO BOX11 V 1.0\backend\vendor\laravel\framework\src\Illuminate\Http\Middleware\TrustProxies.php(58): Illuminate\Pipeline\Pipeline->Illuminate\Pipeline\{closure}(Object(Illuminate\Http\Request))
#33 C:\Users\Matheus\Desktop\box1111\PROJETO BOX11 V 1.0\backend\vendor\laravel\framework\src\Illuminate\Pipeline\Pipeline.php(219): Illuminate\Http\Middleware\TrustProxies->handle(Object(Illuminate\Http\Request), Object(Closure))
#34 C:\Users\Matheus\Desktop\box1111\PROJETO BOX11 V 1.0\backend\vendor\laravel\framework\src\Illuminate\Foundation\Http\Middleware\InvokeDeferredCallbacks.php(22): Illuminate\Pipeline\Pipeline->Illuminate\Pipeline\{closure}(Object(Illuminate\Http\Request))
#35 C:\Users\Matheus\Desktop\box1111\PROJETO BOX11 V 1.0\backend\vendor\laravel\framework\src\Illuminate\Pipeline\Pipeline.php(219): Illuminate\Foundation\Http\Middleware\InvokeDeferredCallbacks->handle(Object(Illuminate\Http\Request), Object(Closure))
#36 C:\Users\Matheus\Desktop\box1111\PROJETO BOX11 V 1.0\backend\vendor\laravel\framework\src\Illuminate\Http\Middleware\ValidatePathEncoding.php(26): Illuminate\Pipeline\Pipeline->Illuminate\Pipeline\{closure}(Object(Illuminate\Http\Request))
#37 C:\Users\Matheus\Desktop\box1111\PROJETO BOX11 V 1.0\backend\vendor\laravel\framework\src\Illuminate\Pipeline\Pipeline.php(219): Illuminate\Http\Middleware\ValidatePathEncoding->handle(Object(Illuminate\Http\Request), Object(Closure))
#38 C:\Users\Matheus\Desktop\box1111\PROJETO BOX11 V 1.0\backend\vendor\laravel\framework\src\Illuminate\Pipeline\Pipeline.php(137): Illuminate\Pipeline\Pipeline->Illuminate\Pipeline\{closure}(Object(Illuminate\Http\Request))
#39 C:\Users\Matheus\Desktop\box1111\PROJETO BOX11 V 1.0\backend\vendor\laravel\framework\src\Illuminate\Foundation\Http\Kernel.php(175): Illuminate\Pipeline\Pipeline->then(Object(Closure))
#40 C:\Users\Matheus\Desktop\box1111\PROJETO BOX11 V 1.0\backend\vendor\laravel\framework\src\Illuminate\Foundation\Http\Kernel.php(144): Illuminate\Foundation\Http\Kernel->sendRequestThroughRouter(Object(Illuminate\Http\Request))
#41 C:\Users\Matheus\Desktop\box1111\PROJETO BOX11 V 1.0\backend\vendor\laravel\framework\src\Illuminate\Foundation\Testing\Concerns\MakesHttpRequests.php(607): Illuminate\Foundation\Http\Kernel->handle(Object(Illuminate\Http\Request))
#42 C:\Users\Matheus\Desktop\box1111\PROJETO BOX11 V 1.0\backend\vendor\laravel\framework\src\Illuminate\Foundation\Testing\Concerns\MakesHttpRequests.php(573): Illuminate\Foundation\Testing\TestCase->call('POST', '/api/properties', Array, Array, Array, Array, '{"title":"New P...')
#43 C:\Users\Matheus\Desktop\box1111\PROJETO BOX11 V 1.0\backend\vendor\laravel\framework\src\Illuminate\Foundation\Testing\Concerns\MakesHttpRequests.php(411): Illuminate\Foundation\Testing\TestCase->json('POST', '/api/properties', Array, Array, 0)
#44 C:\Users\Matheus\Desktop\box1111\PROJETO BOX11 V 1.0\backend\tests\Integration\ApiIntegrationTest.php(147): Illuminate\Foundation\Testing\TestCase->postJson('/api/properties', Array)
#45 C:\Users\Matheus\Desktop\box1111\PROJETO BOX11 V 1.0\backend\vendor\phpunit\phpunit\src\Framework\TestCase.php(1667): Tests\Integration\ApiIntegrationTest->test_create_property_requires_auth()
#46 C:\Users\Matheus\Desktop\box1111\PROJETO BOX11 V 1.0\backend\vendor\phpunit\phpunit\src\Framework\TestCase.php(519): PHPUnit\Framework\TestCase->runTest()
#47 C:\Users\Matheus\Desktop\box1111\PROJETO BOX11 V 1.0\backend\vendor\phpunit\phpunit\src\Framework\TestRunner\TestRunner.php(87): PHPUnit\Framework\TestCase->runBare()
#48 C:\Users\Matheus\Desktop\box1111\PROJETO BOX11 V 1.0\backend\vendor\phpunit\phpunit\src\Framework\TestCase.php(365): PHPUnit\Framework\TestRunner->run(Object(Tests\Integration\ApiIntegrationTest))
#49 C:\Users\Matheus\Desktop\box1111\PROJETO BOX11 V 1.0\backend\vendor\phpunit\phpunit\src\Framework\TestSuite.php(369): PHPUnit\Framework\TestCase->run()
#50 C:\Users\Matheus\Desktop\box1111\PROJETO BOX11 V 1.0\backend\vendor\phpunit\phpunit\src\TextUI\TestRunner.php(64): PHPUnit\Framework\TestSuite->run()
#51 C:\Users\Matheus\Desktop\box1111\PROJETO BOX11 V 1.0\backend\vendor\phpunit\phpunit\src\TextUI\Application.php(211): PHPUnit\TextUI\TestRunner->run(Object(PHPUnit\TextUI\Configuration\Configuration), Object(PHPUnit\Runner\ResultCache\DefaultResultCache), Object(PHPUnit\Framework\TestSuite))
#52 C:\Users\Matheus\Desktop\box1111\PROJETO BOX11 V 1.0\backend\vendor\phpunit\phpunit\phpunit(104): PHPUnit\TextUI\Application->run(Array)
#53 {main}

----------------------------------------------------------------------------------

Auth guard [sanctum] is not defined.

  at tests\Integration\ApiIntegrationTest.php:159
    155Ôûò             'guests_capacity' => 4,
    156Ôûò             'nightly_price' => 150.00
    157Ôûò         ]);
    158Ôûò 
  Ô×£ 159Ôûò         $response->assertUnauthorized();
    160Ôûò     }
    161Ôûò 
    162Ôûò     /** @test */
    163Ôûò     public function test_create_property_authenticated()

  ÔöÇÔöÇÔöÇÔöÇÔöÇÔöÇÔöÇÔöÇÔöÇÔöÇÔöÇÔöÇÔöÇÔöÇÔöÇÔöÇÔöÇÔöÇÔöÇÔöÇÔöÇÔöÇÔöÇÔöÇÔöÇÔöÇÔöÇÔöÇÔöÇÔöÇÔöÇÔöÇÔöÇÔöÇÔöÇÔöÇÔöÇÔöÇÔöÇÔöÇÔöÇÔöÇÔöÇÔöÇÔöÇÔöÇÔöÇÔöÇÔöÇÔöÇÔöÇÔöÇÔöÇÔöÇÔöÇÔöÇÔöÇÔöÇÔöÇÔöÇÔöÇÔöÇÔöÇÔöÇÔöÇÔöÇÔöÇÔöÇÔöÇÔöÇÔöÇÔöÇÔöÇÔöÇÔöÇÔöÇ  
   FAILED  Tests\Integration\ApiIntegrationTest > create property authenticaÔÇª   
  Expected response status code [201] but received 500.
Failed asserting that 500 is identical to 201.

The following exception occurred during the last request:

InvalidArgumentException: Auth guard [sanctum] is not defined. in C:\Users\Matheus\Desktop\box1111\PROJETO BOX11 V 1.0\backend\vendor\laravel\framework\src\Illuminate\Auth\AuthManager.php:85
Stack trace:
#0 C:\Users\Matheus\Desktop\box1111\PROJETO BOX11 V 1.0\backend\vendor\laravel\framework\src\Illuminate\Auth\AuthManager.php(69): Illuminate\Auth\AuthManager->resolve('sanctum')
#1 C:\Users\Matheus\Desktop\box1111\PROJETO BOX11 V 1.0\backend\vendor\laravel\framework\src\Illuminate\Auth\Middleware\Authenticate.php(82): Illuminate\Auth\AuthManager->guard('sanctum')
#2 C:\Users\Matheus\Desktop\box1111\PROJETO BOX11 V 1.0\backend\vendor\laravel\framework\src\Illuminate\Auth\Middleware\Authenticate.php(61): Illuminate\Auth\Middleware\Authenticate->authenticate(Object(Illuminate\Http\Request), Array)
#3 C:\Users\Matheus\Desktop\box1111\PROJETO BOX11 V 1.0\backend\vendor\laravel\framework\src\Illuminate\Pipeline\Pipeline.php(219): Illuminate\Auth\Middleware\Authenticate->handle(Object(Illuminate\Http\Request), Object(Closure), 'sanctum')
#4 C:\Users\Matheus\Desktop\box1111\PROJETO BOX11 V 1.0\backend\vendor\laravel\framework\src\Illuminate\Pipeline\Pipeline.php(137): Illuminate\Pipeline\Pipeline->Illuminate\Pipeline\{closure}(Object(Illuminate\Http\Request))
#5 C:\Users\Matheus\Desktop\box1111\PROJETO BOX11 V 1.0\backend\vendor\laravel\framework\src\Illuminate\Routing\Router.php(821): Illuminate\Pipeline\Pipeline->then(Object(Closure))
#6 C:\Users\Matheus\Desktop\box1111\PROJETO BOX11 V 1.0\backend\vendor\laravel\framework\src\Illuminate\Routing\Router.php(800): Illuminate\Routing\Router->runRouteWithinStack(Object(Illuminate\Routing\Route), Object(Illuminate\Http\Request))
#7 C:\Users\Matheus\Desktop\box1111\PROJETO BOX11 V 1.0\backend\vendor\laravel\framework\src\Illuminate\Routing\Router.php(764): Illuminate\Routing\Router->runRoute(Object(Illuminate\Http\Request), Object(Illuminate\Routing\Route))
#8 C:\Users\Matheus\Desktop\box1111\PROJETO BOX11 V 1.0\backend\vendor\laravel\framework\src\Illuminate\Routing\Router.php(753): Illuminate\Routing\Router->dispatchToRoute(Object(Illuminate\Http\Request))
#9 C:\Users\Matheus\Desktop\box1111\PROJETO BOX11 V 1.0\backend\vendor\laravel\framework\src\Illuminate\Foundation\Http\Kernel.php(200): Illuminate\Routing\Router->dispatch(Object(Illuminate\Http\Request))
#10 C:\Users\Matheus\Desktop\box1111\PROJETO BOX11 V 1.0\backend\vendor\laravel\framework\src\Illuminate\Pipeline\Pipeline.php(180): Illuminate\Foundation\Http\Kernel->Illuminate\Foundation\Http\{closure}(Object(Illuminate\Http\Request))
#11 C:\Users\Matheus\Desktop\box1111\PROJETO BOX11 V 1.0\backend\vendor\laravel\framework\src\Illuminate\Foundation\Http\Middleware\VerifyCsrfToken.php(87): Illuminate\Pipeline\Pipeline->Illuminate\Pipeline\{closure}(Object(Illuminate\Http\Request))
#12 C:\Users\Matheus\Desktop\box1111\PROJETO BOX11 V 1.0\backend\vendor\laravel\framework\src\Illuminate\Pipeline\Pipeline.php(219): Illuminate\Foundation\Http\Middleware\VerifyCsrfToken->handle(Object(Illuminate\Http\Request), Object(Closure))
#13 C:\Users\Matheus\Desktop\box1111\PROJETO BOX11 V 1.0\backend\vendor\laravel\framework\src\Illuminate\View\Middleware\ShareErrorsFromSession.php(48): Illuminate\Pipeline\Pipeline->Illuminate\Pipeline\{closure}(Object(Illuminate\Http\Request))
#14 C:\Users\Matheus\Desktop\box1111\PROJETO BOX11 V 1.0\backend\vendor\laravel\framework\src\Illuminate\Pipeline\Pipeline.php(219): Illuminate\View\Middleware\ShareErrorsFromSession->handle(Object(Illuminate\Http\Request), Object(Closure))
#15 C:\Users\Matheus\Desktop\box1111\PROJETO BOX11 V 1.0\backend\vendor\laravel\framework\src\Illuminate\Session\Middleware\StartSession.php(120): Illuminate\Pipeline\Pipeline->Illuminate\Pipeline\{closure}(Object(Illuminate\Http\Request))
#16 C:\Users\Matheus\Desktop\box1111\PROJETO BOX11 V 1.0\backend\vendor\laravel\framework\src\Illuminate\Session\Middleware\StartSession.php(63): Illuminate\Session\Middleware\StartSession->handleStatefulRequest(Object(Illuminate\Http\Request), Object(Illuminate\Session\Store), Object(Closure))
#17 C:\Users\Matheus\Desktop\box1111\PROJETO BOX11 V 1.0\backend\vendor\laravel\framework\src\Illuminate\Pipeline\Pipeline.php(219): Illuminate\Session\Middleware\StartSession->handle(Object(Illuminate\Http\Request), Object(Closure))
#18 C:\Users\Matheus\Desktop\box1111\PROJETO BOX11 V 1.0\backend\vendor\laravel\framework\src\Illuminate\Cookie\Middleware\EncryptCookies.php(74): Illuminate\Pipeline\Pipeline->Illuminate\Pipeline\{closure}(Object(Illuminate\Http\Request))
#19 C:\Users\Matheus\Desktop\box1111\PROJETO BOX11 V 1.0\backend\vendor\laravel\framework\src\Illuminate\Pipeline\Pipeline.php(219): Illuminate\Cookie\Middleware\EncryptCookies->handle(Object(Illuminate\Http\Request), Object(Closure))
#20 C:\Users\Matheus\Desktop\box1111\PROJETO BOX11 V 1.0\backend\vendor\laravel\framework\src\Illuminate\Foundation\Http\Middleware\TransformsRequest.php(21): Illuminate\Pipeline\Pipeline->Illuminate\Pipeline\{closure}(Object(Illuminate\Http\Request))
#21 C:\Users\Matheus\Desktop\box1111\PROJETO BOX11 V 1.0\backend\vendor\laravel\framework\src\Illuminate\Foundation\Http\Middleware\ConvertEmptyStringsToNull.php(31): Illuminate\Foundation\Http\Middleware\TransformsRequest->handle(Object(Illuminate\Http\Request), Object(Closure))
#22 C:\Users\Matheus\Desktop\box1111\PROJETO BOX11 V 1.0\backend\vendor\laravel\framework\src\Illuminate\Pipeline\Pipeline.php(219): Illuminate\Foundation\Http\Middleware\ConvertEmptyStringsToNull->handle(Object(Illuminate\Http\Request), Object(Closure))
#23 C:\Users\Matheus\Desktop\box1111\PROJETO BOX11 V 1.0\backend\vendor\laravel\framework\src\Illuminate\Foundation\Http\Middleware\TransformsRequest.php(21): Illuminate\Pipeline\Pipeline->Illuminate\Pipeline\{closure}(Object(Illuminate\Http\Request))
#24 C:\Users\Matheus\Desktop\box1111\PROJETO BOX11 V 1.0\backend\vendor\laravel\framework\src\Illuminate\Foundation\Http\Middleware\TrimStrings.php(51): Illuminate\Foundation\Http\Middleware\TransformsRequest->handle(Object(Illuminate\Http\Request), Object(Closure))
#25 C:\Users\Matheus\Desktop\box1111\PROJETO BOX11 V 1.0\backend\vendor\laravel\framework\src\Illuminate\Pipeline\Pipeline.php(219): Illuminate\Foundation\Http\Middleware\TrimStrings->handle(Object(Illuminate\Http\Request), Object(Closure))
#26 C:\Users\Matheus\Desktop\box1111\PROJETO BOX11 V 1.0\backend\vendor\laravel\framework\src\Illuminate\Http\Middleware\ValidatePostSize.php(27): Illuminate\Pipeline\Pipeline->Illuminate\Pipeline\{closure}(Object(Illuminate\Http\Request))
#27 C:\Users\Matheus\Desktop\box1111\PROJETO BOX11 V 1.0\backend\vendor\laravel\framework\src\Illuminate\Pipeline\Pipeline.php(219): Illuminate\Http\Middleware\ValidatePostSize->handle(Object(Illuminate\Http\Request), Object(Closure))
#28 C:\Users\Matheus\Desktop\box1111\PROJETO BOX11 V 1.0\backend\vendor\laravel\framework\src\Illuminate\Foundation\Http\Middleware\PreventRequestsDuringMaintenance.php(109): Illuminate\Pipeline\Pipeline->Illuminate\Pipeline\{closure}(Object(Illuminate\Http\Request))
#29 C:\Users\Matheus\Desktop\box1111\PROJETO BOX11 V 1.0\backend\vendor\laravel\framework\src\Illuminate\Pipeline\Pipeline.php(219): Illuminate\Foundation\Http\Middleware\PreventRequestsDuringMaintenance->handle(Object(Illuminate\Http\Request), Object(Closure))
#30 C:\Users\Matheus\Desktop\box1111\PROJETO BOX11 V 1.0\backend\vendor\laravel\framework\src\Illuminate\Http\Middleware\HandleCors.php(74): Illuminate\Pipeline\Pipeline->Illuminate\Pipeline\{closure}(Object(Illuminate\Http\Request))
#31 C:\Users\Matheus\Desktop\box1111\PROJETO BOX11 V 1.0\backend\vendor\laravel\framework\src\Illuminate\Pipeline\Pipeline.php(219): Illuminate\Http\Middleware\HandleCors->handle(Object(Illuminate\Http\Request), Object(Closure))
#32 C:\Users\Matheus\Desktop\box1111\PROJETO BOX11 V 1.0\backend\vendor\laravel\framework\src\Illuminate\Http\Middleware\TrustProxies.php(58): Illuminate\Pipeline\Pipeline->Illuminate\Pipeline\{closure}(Object(Illuminate\Http\Request))
#33 C:\Users\Matheus\Desktop\box1111\PROJETO BOX11 V 1.0\backend\vendor\laravel\framework\src\Illuminate\Pipeline\Pipeline.php(219): Illuminate\Http\Middleware\TrustProxies->handle(Object(Illuminate\Http\Request), Object(Closure))
#34 C:\Users\Matheus\Desktop\box1111\PROJETO BOX11 V 1.0\backend\vendor\laravel\framework\src\Illuminate\Foundation\Http\Middleware\InvokeDeferredCallbacks.php(22): Illuminate\Pipeline\Pipeline->Illuminate\Pipeline\{closure}(Object(Illuminate\Http\Request))
#35 C:\Users\Matheus\Desktop\box1111\PROJETO BOX11 V 1.0\backend\vendor\laravel\framework\src\Illuminate\Pipeline\Pipeline.php(219): Illuminate\Foundation\Http\Middleware\InvokeDeferredCallbacks->handle(Object(Illuminate\Http\Request), Object(Closure))
#36 C:\Users\Matheus\Desktop\box1111\PROJETO BOX11 V 1.0\backend\vendor\laravel\framework\src\Illuminate\Http\Middleware\ValidatePathEncoding.php(26): Illuminate\Pipeline\Pipeline->Illuminate\Pipeline\{closure}(Object(Illuminate\Http\Request))
#37 C:\Users\Matheus\Desktop\box1111\PROJETO BOX11 V 1.0\backend\vendor\laravel\framework\src\Illuminate\Pipeline\Pipeline.php(219): Illuminate\Http\Middleware\ValidatePathEncoding->handle(Object(Illuminate\Http\Request), Object(Closure))
#38 C:\Users\Matheus\Desktop\box1111\PROJETO BOX11 V 1.0\backend\vendor\laravel\framework\src\Illuminate\Pipeline\Pipeline.php(137): Illuminate\Pipeline\Pipeline->Illuminate\Pipeline\{closure}(Object(Illuminate\Http\Request))
#39 C:\Users\Matheus\Desktop\box1111\PROJETO BOX11 V 1.0\backend\vendor\laravel\framework\src\Illuminate\Foundation\Http\Kernel.php(175): Illuminate\Pipeline\Pipeline->then(Object(Closure))
#40 C:\Users\Matheus\Desktop\box1111\PROJETO BOX11 V 1.0\backend\vendor\laravel\framework\src\Illuminate\Foundation\Http\Kernel.php(144): Illuminate\Foundation\Http\Kernel->sendRequestThroughRouter(Object(Illuminate\Http\Request))
#41 C:\Users\Matheus\Desktop\box1111\PROJETO BOX11 V 1.0\backend\vendor\laravel\framework\src\Illuminate\Foundation\Testing\Concerns\MakesHttpRequests.php(607): Illuminate\Foundation\Http\Kernel->handle(Object(Illuminate\Http\Request))
#42 C:\Users\Matheus\Desktop\box1111\PROJETO BOX11 V 1.0\backend\vendor\laravel\framework\src\Illuminate\Foundation\Testing\Concerns\MakesHttpRequests.php(573): Illuminate\Foundation\Testing\TestCase->call('POST', '/api/properties', Array, Array, Array, Array, '{"title":"New P...')
#43 C:\Users\Matheus\Desktop\box1111\PROJETO BOX11 V 1.0\backend\vendor\laravel\framework\src\Illuminate\Foundation\Testing\Concerns\MakesHttpRequests.php(411): Illuminate\Foundation\Testing\TestCase->json('POST', '/api/properties', Array, Array, 0)
#44 C:\Users\Matheus\Desktop\box1111\PROJETO BOX11 V 1.0\backend\tests\Integration\ApiIntegrationTest.php(168): Illuminate\Foundation\Testing\TestCase->postJson('/api/properties', Array, Array)
#45 C:\Users\Matheus\Desktop\box1111\PROJETO BOX11 V 1.0\backend\vendor\phpunit\phpunit\src\Framework\TestCase.php(1667): Tests\Integration\ApiIntegrationTest->test_create_property_authenticated()
#46 C:\Users\Matheus\Desktop\box1111\PROJETO BOX11 V 1.0\backend\vendor\phpunit\phpunit\src\Framework\TestCase.php(519): PHPUnit\Framework\TestCase->runTest()
#47 C:\Users\Matheus\Desktop\box1111\PROJETO BOX11 V 1.0\backend\vendor\phpunit\phpunit\src\Framework\TestRunner\TestRunner.php(87): PHPUnit\Framework\TestCase->runBare()
#48 C:\Users\Matheus\Desktop\box1111\PROJETO BOX11 V 1.0\backend\vendor\phpunit\phpunit\src\Framework\TestCase.php(365): PHPUnit\Framework\TestRunner->run(Object(Tests\Integration\ApiIntegrationTest))
#49 C:\Users\Matheus\Desktop\box1111\PROJETO BOX11 V 1.0\backend\vendor\phpunit\phpunit\src\Framework\TestSuite.php(369): PHPUnit\Framework\TestCase->run()
#50 C:\Users\Matheus\Desktop\box1111\PROJETO BOX11 V 1.0\backend\vendor\phpunit\phpunit\src\TextUI\TestRunner.php(64): PHPUnit\Framework\TestSuite->run()
#51 C:\Users\Matheus\Desktop\box1111\PROJETO BOX11 V 1.0\backend\vendor\phpunit\phpunit\src\TextUI\Application.php(211): PHPUnit\TextUI\TestRunner->run(Object(PHPUnit\TextUI\Configuration\Configuration), Object(PHPUnit\Runner\ResultCache\DefaultResultCache), Object(PHPUnit\Framework\TestSuite))
#52 C:\Users\Matheus\Desktop\box1111\PROJETO BOX11 V 1.0\backend\vendor\phpunit\phpunit\phpunit(104): PHPUnit\TextUI\Application->run(Array)
#53 {main}

----------------------------------------------------------------------------------

Auth guard [sanctum] is not defined.

  at tests\Integration\ApiIntegrationTest.php:180
    176Ôûò             'guests_capacity' => 4,
    177Ôûò             'nightly_price' => 150.00
    178Ôûò         ], ['Authorization' => $this->token]);
    179Ôûò 
  Ô×£ 180Ôûò         $response->assertCreated()
    181Ôûò             ->assertJsonPath('title', 'New Property');
    182Ôûò 
    183Ôûò         $this->assertDatabaseHas('properties', ['title' => 'New Property']);
    184Ôûò     }

  ÔöÇÔöÇÔöÇÔöÇÔöÇÔöÇÔöÇÔöÇÔöÇÔöÇÔöÇÔöÇÔöÇÔöÇÔöÇÔöÇÔöÇÔöÇÔöÇÔöÇÔöÇÔöÇÔöÇÔöÇÔöÇÔöÇÔöÇÔöÇÔöÇÔöÇÔöÇÔöÇÔöÇÔöÇÔöÇÔöÇÔöÇÔöÇÔöÇÔöÇÔöÇÔöÇÔöÇÔöÇÔöÇÔöÇÔöÇÔöÇÔöÇÔöÇÔöÇÔöÇÔöÇÔöÇÔöÇÔöÇÔöÇÔöÇÔöÇÔöÇÔöÇÔöÇÔöÇÔöÇÔöÇÔöÇÔöÇÔöÇÔöÇÔöÇÔöÇÔöÇÔöÇÔöÇÔöÇÔöÇ  
   FAILED  Tests\Integration\ApiIntegrationTest > create reservation            
  Expected response status code [201] but received 500.
Failed asserting that 500 is identical to 201.

The following exception occurred during the last request:

InvalidArgumentException: Auth guard [sanctum] is not defined. in C:\Users\Matheus\Desktop\box1111\PROJETO BOX11 V 1.0\backend\vendor\laravel\framework\src\Illuminate\Auth\AuthManager.php:85
Stack trace:
#0 C:\Users\Matheus\Desktop\box1111\PROJETO BOX11 V 1.0\backend\vendor\laravel\framework\src\Illuminate\Auth\AuthManager.php(69): Illuminate\Auth\AuthManager->resolve('sanctum')
#1 C:\Users\Matheus\Desktop\box1111\PROJETO BOX11 V 1.0\backend\vendor\laravel\framework\src\Illuminate\Auth\Middleware\Authenticate.php(82): Illuminate\Auth\AuthManager->guard('sanctum')
#2 C:\Users\Matheus\Desktop\box1111\PROJETO BOX11 V 1.0\backend\vendor\laravel\framework\src\Illuminate\Auth\Middleware\Authenticate.php(61): Illuminate\Auth\Middleware\Authenticate->authenticate(Object(Illuminate\Http\Request), Array)
#3 C:\Users\Matheus\Desktop\box1111\PROJETO BOX11 V 1.0\backend\vendor\laravel\framework\src\Illuminate\Pipeline\Pipeline.php(219): Illuminate\Auth\Middleware\Authenticate->handle(Object(Illuminate\Http\Request), Object(Closure), 'sanctum')
#4 C:\Users\Matheus\Desktop\box1111\PROJETO BOX11 V 1.0\backend\vendor\laravel\framework\src\Illuminate\Pipeline\Pipeline.php(137): Illuminate\Pipeline\Pipeline->Illuminate\Pipeline\{closure}(Object(Illuminate\Http\Request))
#5 C:\Users\Matheus\Desktop\box1111\PROJETO BOX11 V 1.0\backend\vendor\laravel\framework\src\Illuminate\Routing\Router.php(821): Illuminate\Pipeline\Pipeline->then(Object(Closure))
#6 C:\Users\Matheus\Desktop\box1111\PROJETO BOX11 V 1.0\backend\vendor\laravel\framework\src\Illuminate\Routing\Router.php(800): Illuminate\Routing\Router->runRouteWithinStack(Object(Illuminate\Routing\Route), Object(Illuminate\Http\Request))
#7 C:\Users\Matheus\Desktop\box1111\PROJETO BOX11 V 1.0\backend\vendor\laravel\framework\src\Illuminate\Routing\Router.php(764): Illuminate\Routing\Router->runRoute(Object(Illuminate\Http\Request), Object(Illuminate\Routing\Route))
#8 C:\Users\Matheus\Desktop\box1111\PROJETO BOX11 V 1.0\backend\vendor\laravel\framework\src\Illuminate\Routing\Router.php(753): Illuminate\Routing\Router->dispatchToRoute(Object(Illuminate\Http\Request))
#9 C:\Users\Matheus\Desktop\box1111\PROJETO BOX11 V 1.0\backend\vendor\laravel\framework\src\Illuminate\Foundation\Http\Kernel.php(200): Illuminate\Routing\Router->dispatch(Object(Illuminate\Http\Request))
#10 C:\Users\Matheus\Desktop\box1111\PROJETO BOX11 V 1.0\backend\vendor\laravel\framework\src\Illuminate\Pipeline\Pipeline.php(180): Illuminate\Foundation\Http\Kernel->Illuminate\Foundation\Http\{closure}(Object(Illuminate\Http\Request))
#11 C:\Users\Matheus\Desktop\box1111\PROJETO BOX11 V 1.0\backend\vendor\laravel\framework\src\Illuminate\Foundation\Http\Middleware\VerifyCsrfToken.php(87): Illuminate\Pipeline\Pipeline->Illuminate\Pipeline\{closure}(Object(Illuminate\Http\Request))
#12 C:\Users\Matheus\Desktop\box1111\PROJETO BOX11 V 1.0\backend\vendor\laravel\framework\src\Illuminate\Pipeline\Pipeline.php(219): Illuminate\Foundation\Http\Middleware\VerifyCsrfToken->handle(Object(Illuminate\Http\Request), Object(Closure))
#13 C:\Users\Matheus\Desktop\box1111\PROJETO BOX11 V 1.0\backend\vendor\laravel\framework\src\Illuminate\View\Middleware\ShareErrorsFromSession.php(48): Illuminate\Pipeline\Pipeline->Illuminate\Pipeline\{closure}(Object(Illuminate\Http\Request))
#14 C:\Users\Matheus\Desktop\box1111\PROJETO BOX11 V 1.0\backend\vendor\laravel\framework\src\Illuminate\Pipeline\Pipeline.php(219): Illuminate\View\Middleware\ShareErrorsFromSession->handle(Object(Illuminate\Http\Request), Object(Closure))
#15 C:\Users\Matheus\Desktop\box1111\PROJETO BOX11 V 1.0\backend\vendor\laravel\framework\src\Illuminate\Session\Middleware\StartSession.php(120): Illuminate\Pipeline\Pipeline->Illuminate\Pipeline\{closure}(Object(Illuminate\Http\Request))
#16 C:\Users\Matheus\Desktop\box1111\PROJETO BOX11 V 1.0\backend\vendor\laravel\framework\src\Illuminate\Session\Middleware\StartSession.php(63): Illuminate\Session\Middleware\StartSession->handleStatefulRequest(Object(Illuminate\Http\Request), Object(Illuminate\Session\Store), Object(Closure))
#17 C:\Users\Matheus\Desktop\box1111\PROJETO BOX11 V 1.0\backend\vendor\laravel\framework\src\Illuminate\Pipeline\Pipeline.php(219): Illuminate\Session\Middleware\StartSession->handle(Object(Illuminate\Http\Request), Object(Closure))
#18 C:\Users\Matheus\Desktop\box1111\PROJETO BOX11 V 1.0\backend\vendor\laravel\framework\src\Illuminate\Cookie\Middleware\EncryptCookies.php(74): Illuminate\Pipeline\Pipeline->Illuminate\Pipeline\{closure}(Object(Illuminate\Http\Request))
#19 C:\Users\Matheus\Desktop\box1111\PROJETO BOX11 V 1.0\backend\vendor\laravel\framework\src\Illuminate\Pipeline\Pipeline.php(219): Illuminate\Cookie\Middleware\EncryptCookies->handle(Object(Illuminate\Http\Request), Object(Closure))
#20 C:\Users\Matheus\Desktop\box1111\PROJETO BOX11 V 1.0\backend\vendor\laravel\framework\src\Illuminate\Foundation\Http\Middleware\TransformsRequest.php(21): Illuminate\Pipeline\Pipeline->Illuminate\Pipeline\{closure}(Object(Illuminate\Http\Request))
#21 C:\Users\Matheus\Desktop\box1111\PROJETO BOX11 V 1.0\backend\vendor\laravel\framework\src\Illuminate\Foundation\Http\Middleware\ConvertEmptyStringsToNull.php(31): Illuminate\Foundation\Http\Middleware\TransformsRequest->handle(Object(Illuminate\Http\Request), Object(Closure))
#22 C:\Users\Matheus\Desktop\box1111\PROJETO BOX11 V 1.0\backend\vendor\laravel\framework\src\Illuminate\Pipeline\Pipeline.php(219): Illuminate\Foundation\Http\Middleware\ConvertEmptyStringsToNull->handle(Object(Illuminate\Http\Request), Object(Closure))
#23 C:\Users\Matheus\Desktop\box1111\PROJETO BOX11 V 1.0\backend\vendor\laravel\framework\src\Illuminate\Foundation\Http\Middleware\TransformsRequest.php(21): Illuminate\Pipeline\Pipeline->Illuminate\Pipeline\{closure}(Object(Illuminate\Http\Request))
#24 C:\Users\Matheus\Desktop\box1111\PROJETO BOX11 V 1.0\backend\vendor\laravel\framework\src\Illuminate\Foundation\Http\Middleware\TrimStrings.php(51): Illuminate\Foundation\Http\Middleware\TransformsRequest->handle(Object(Illuminate\Http\Request), Object(Closure))
#25 C:\Users\Matheus\Desktop\box1111\PROJETO BOX11 V 1.0\backend\vendor\laravel\framework\src\Illuminate\Pipeline\Pipeline.php(219): Illuminate\Foundation\Http\Middleware\TrimStrings->handle(Object(Illuminate\Http\Request), Object(Closure))
#26 C:\Users\Matheus\Desktop\box1111\PROJETO BOX11 V 1.0\backend\vendor\laravel\framework\src\Illuminate\Http\Middleware\ValidatePostSize.php(27): Illuminate\Pipeline\Pipeline->Illuminate\Pipeline\{closure}(Object(Illuminate\Http\Request))
#27 C:\Users\Matheus\Desktop\box1111\PROJETO BOX11 V 1.0\backend\vendor\laravel\framework\src\Illuminate\Pipeline\Pipeline.php(219): Illuminate\Http\Middleware\ValidatePostSize->handle(Object(Illuminate\Http\Request), Object(Closure))
#28 C:\Users\Matheus\Desktop\box1111\PROJETO BOX11 V 1.0\backend\vendor\laravel\framework\src\Illuminate\Foundation\Http\Middleware\PreventRequestsDuringMaintenance.php(109): Illuminate\Pipeline\Pipeline->Illuminate\Pipeline\{closure}(Object(Illuminate\Http\Request))
#29 C:\Users\Matheus\Desktop\box1111\PROJETO BOX11 V 1.0\backend\vendor\laravel\framework\src\Illuminate\Pipeline\Pipeline.php(219): Illuminate\Foundation\Http\Middleware\PreventRequestsDuringMaintenance->handle(Object(Illuminate\Http\Request), Object(Closure))
#30 C:\Users\Matheus\Desktop\box1111\PROJETO BOX11 V 1.0\backend\vendor\laravel\framework\src\Illuminate\Http\Middleware\HandleCors.php(74): Illuminate\Pipeline\Pipeline->Illuminate\Pipeline\{closure}(Object(Illuminate\Http\Request))
#31 C:\Users\Matheus\Desktop\box1111\PROJETO BOX11 V 1.0\backend\vendor\laravel\framework\src\Illuminate\Pipeline\Pipeline.php(219): Illuminate\Http\Middleware\HandleCors->handle(Object(Illuminate\Http\Request), Object(Closure))
#32 C:\Users\Matheus\Desktop\box1111\PROJETO BOX11 V 1.0\backend\vendor\laravel\framework\src\Illuminate\Http\Middleware\TrustProxies.php(58): Illuminate\Pipeline\Pipeline->Illuminate\Pipeline\{closure}(Object(Illuminate\Http\Request))
#33 C:\Users\Matheus\Desktop\box1111\PROJETO BOX11 V 1.0\backend\vendor\laravel\framework\src\Illuminate\Pipeline\Pipeline.php(219): Illuminate\Http\Middleware\TrustProxies->handle(Object(Illuminate\Http\Request), Object(Closure))
#34 C:\Users\Matheus\Desktop\box1111\PROJETO BOX11 V 1.0\backend\vendor\laravel\framework\src\Illuminate\Foundation\Http\Middleware\InvokeDeferredCallbacks.php(22): Illuminate\Pipeline\Pipeline->Illuminate\Pipeline\{closure}(Object(Illuminate\Http\Request))
#35 C:\Users\Matheus\Desktop\box1111\PROJETO BOX11 V 1.0\backend\vendor\laravel\framework\src\Illuminate\Pipeline\Pipeline.php(219): Illuminate\Foundation\Http\Middleware\InvokeDeferredCallbacks->handle(Object(Illuminate\Http\Request), Object(Closure))
#36 C:\Users\Matheus\Desktop\box1111\PROJETO BOX11 V 1.0\backend\vendor\laravel\framework\src\Illuminate\Http\Middleware\ValidatePathEncoding.php(26): Illuminate\Pipeline\Pipeline->Illuminate\Pipeline\{closure}(Object(Illuminate\Http\Request))
#37 C:\Users\Matheus\Desktop\box1111\PROJETO BOX11 V 1.0\backend\vendor\laravel\framework\src\Illuminate\Pipeline\Pipeline.php(219): Illuminate\Http\Middleware\ValidatePathEncoding->handle(Object(Illuminate\Http\Request), Object(Closure))
#38 C:\Users\Matheus\Desktop\box1111\PROJETO BOX11 V 1.0\backend\vendor\laravel\framework\src\Illuminate\Pipeline\Pipeline.php(137): Illuminate\Pipeline\Pipeline->Illuminate\Pipeline\{closure}(Object(Illuminate\Http\Request))
#39 C:\Users\Matheus\Desktop\box1111\PROJETO BOX11 V 1.0\backend\vendor\laravel\framework\src\Illuminate\Foundation\Http\Kernel.php(175): Illuminate\Pipeline\Pipeline->then(Object(Closure))
#40 C:\Users\Matheus\Desktop\box1111\PROJETO BOX11 V 1.0\backend\vendor\laravel\framework\src\Illuminate\Foundation\Http\Kernel.php(144): Illuminate\Foundation\Http\Kernel->sendRequestThroughRouter(Object(Illuminate\Http\Request))
#41 C:\Users\Matheus\Desktop\box1111\PROJETO BOX11 V 1.0\backend\vendor\laravel\framework\src\Illuminate\Foundation\Testing\Concerns\MakesHttpRequests.php(607): Illuminate\Foundation\Http\Kernel->handle(Object(Illuminate\Http\Request))
#42 C:\Users\Matheus\Desktop\box1111\PROJETO BOX11 V 1.0\backend\vendor\laravel\framework\src\Illuminate\Foundation\Testing\Concerns\MakesHttpRequests.php(573): Illuminate\Foundation\Testing\TestCase->call('POST', '/api/reservatio...', Array, Array, Array, Array, '{"property_id":...')
#43 C:\Users\Matheus\Desktop\box1111\PROJETO BOX11 V 1.0\backend\vendor\laravel\framework\src\Illuminate\Foundation\Testing\Concerns\MakesHttpRequests.php(411): Illuminate\Foundation\Testing\TestCase->json('POST', '/api/reservatio...', Array, Array, 0)
#44 C:\Users\Matheus\Desktop\box1111\PROJETO BOX11 V 1.0\backend\tests\Integration\ApiIntegrationTest.php(189): Illuminate\Foundation\Testing\TestCase->postJson('/api/reservatio...', Array, Array)
#45 C:\Users\Matheus\Desktop\box1111\PROJETO BOX11 V 1.0\backend\vendor\phpunit\phpunit\src\Framework\TestCase.php(1667): Tests\Integration\ApiIntegrationTest->test_create_reservation()
#46 C:\Users\Matheus\Desktop\box1111\PROJETO BOX11 V 1.0\backend\vendor\phpunit\phpunit\src\Framework\TestCase.php(519): PHPUnit\Framework\TestCase->runTest()
#47 C:\Users\Matheus\Desktop\box1111\PROJETO BOX11 V 1.0\backend\vendor\phpunit\phpunit\src\Framework\TestRunner\TestRunner.php(87): PHPUnit\Framework\TestCase->runBare()
#48 C:\Users\Matheus\Desktop\box1111\PROJETO BOX11 V 1.0\backend\vendor\phpunit\phpunit\src\Framework\TestCase.php(365): PHPUnit\Framework\TestRunner->run(Object(Tests\Integration\ApiIntegrationTest))
#49 C:\Users\Matheus\Desktop\box1111\PROJETO BOX11 V 1.0\backend\vendor\phpunit\phpunit\src\Framework\TestSuite.php(369): PHPUnit\Framework\TestCase->run()
#50 C:\Users\Matheus\Desktop\box1111\PROJETO BOX11 V 1.0\backend\vendor\phpunit\phpunit\src\TextUI\TestRunner.php(64): PHPUnit\Framework\TestSuite->run()
#51 C:\Users\Matheus\Desktop\box1111\PROJETO BOX11 V 1.0\backend\vendor\phpunit\phpunit\src\TextUI\Application.php(211): PHPUnit\TextUI\TestRunner->run(Object(PHPUnit\TextUI\Configuration\Configuration), Object(PHPUnit\Runner\ResultCache\DefaultResultCache), Object(PHPUnit\Framework\TestSuite))
#52 C:\Users\Matheus\Desktop\box1111\PROJETO BOX11 V 1.0\backend\vendor\phpunit\phpunit\phpunit(104): PHPUnit\TextUI\Application->run(Array)
#53 {main}

----------------------------------------------------------------------------------

Auth guard [sanctum] is not defined.

  at tests\Integration\ApiIntegrationTest.php:197
    193Ôûò             'guests_count' => 2,
    194Ôûò             'guest_notes' => 'Looking forward to the stay'
    195Ôûò         ], ['Authorization' => $this->token]);
    196Ôûò 
  Ô×£ 197Ôûò         $response->assertCreated()
    198Ôûò             ->assertJsonPath('status', 'pending')
    199Ôûò             ->assertJsonPath('guests_count', 2);
    200Ôûò 
    201Ôûò         $this->assertDatabaseHas('reservations', [

  ÔöÇÔöÇÔöÇÔöÇÔöÇÔöÇÔöÇÔöÇÔöÇÔöÇÔöÇÔöÇÔöÇÔöÇÔöÇÔöÇÔöÇÔöÇÔöÇÔöÇÔöÇÔöÇÔöÇÔöÇÔöÇÔöÇÔöÇÔöÇÔöÇÔöÇÔöÇÔöÇÔöÇÔöÇÔöÇÔöÇÔöÇÔöÇÔöÇÔöÇÔöÇÔöÇÔöÇÔöÇÔöÇÔöÇÔöÇÔöÇÔöÇÔöÇÔöÇÔöÇÔöÇÔöÇÔöÇÔöÇÔöÇÔöÇÔöÇÔöÇÔöÇÔöÇÔöÇÔöÇÔöÇÔöÇÔöÇÔöÇÔöÇÔöÇÔöÇÔöÇÔöÇÔöÇÔöÇÔöÇ  
   FAILED  Tests\Integration\ApiIntegrationTest > create reservation invalidÔÇª   
  Expected response status code [422] but received 500.
Failed asserting that 500 is identical to 422.

The following exception occurred during the last request:

InvalidArgumentException: Auth guard [sanctum] is not defined. in C:\Users\Matheus\Desktop\box1111\PROJETO BOX11 V 1.0\backend\vendor\laravel\framework\src\Illuminate\Auth\AuthManager.php:85
Stack trace:
#0 C:\Users\Matheus\Desktop\box1111\PROJETO BOX11 V 1.0\backend\vendor\laravel\framework\src\Illuminate\Auth\AuthManager.php(69): Illuminate\Auth\AuthManager->resolve('sanctum')
#1 C:\Users\Matheus\Desktop\box1111\PROJETO BOX11 V 1.0\backend\vendor\laravel\framework\src\Illuminate\Auth\Middleware\Authenticate.php(82): Illuminate\Auth\AuthManager->guard('sanctum')
#2 C:\Users\Matheus\Desktop\box1111\PROJETO BOX11 V 1.0\backend\vendor\laravel\framework\src\Illuminate\Auth\Middleware\Authenticate.php(61): Illuminate\Auth\Middleware\Authenticate->authenticate(Object(Illuminate\Http\Request), Array)
#3 C:\Users\Matheus\Desktop\box1111\PROJETO BOX11 V 1.0\backend\vendor\laravel\framework\src\Illuminate\Pipeline\Pipeline.php(219): Illuminate\Auth\Middleware\Authenticate->handle(Object(Illuminate\Http\Request), Object(Closure), 'sanctum')
#4 C:\Users\Matheus\Desktop\box1111\PROJETO BOX11 V 1.0\backend\vendor\laravel\framework\src\Illuminate\Pipeline\Pipeline.php(137): Illuminate\Pipeline\Pipeline->Illuminate\Pipeline\{closure}(Object(Illuminate\Http\Request))
#5 C:\Users\Matheus\Desktop\box1111\PROJETO BOX11 V 1.0\backend\vendor\laravel\framework\src\Illuminate\Routing\Router.php(821): Illuminate\Pipeline\Pipeline->then(Object(Closure))
#6 C:\Users\Matheus\Desktop\box1111\PROJETO BOX11 V 1.0\backend\vendor\laravel\framework\src\Illuminate\Routing\Router.php(800): Illuminate\Routing\Router->runRouteWithinStack(Object(Illuminate\Routing\Route), Object(Illuminate\Http\Request))
#7 C:\Users\Matheus\Desktop\box1111\PROJETO BOX11 V 1.0\backend\vendor\laravel\framework\src\Illuminate\Routing\Router.php(764): Illuminate\Routing\Router->runRoute(Object(Illuminate\Http\Request), Object(Illuminate\Routing\Route))
#8 C:\Users\Matheus\Desktop\box1111\PROJETO BOX11 V 1.0\backend\vendor\laravel\framework\src\Illuminate\Routing\Router.php(753): Illuminate\Routing\Router->dispatchToRoute(Object(Illuminate\Http\Request))
#9 C:\Users\Matheus\Desktop\box1111\PROJETO BOX11 V 1.0\backend\vendor\laravel\framework\src\Illuminate\Foundation\Http\Kernel.php(200): Illuminate\Routing\Router->dispatch(Object(Illuminate\Http\Request))
#10 C:\Users\Matheus\Desktop\box1111\PROJETO BOX11 V 1.0\backend\vendor\laravel\framework\src\Illuminate\Pipeline\Pipeline.php(180): Illuminate\Foundation\Http\Kernel->Illuminate\Foundation\Http\{closure}(Object(Illuminate\Http\Request))
#11 C:\Users\Matheus\Desktop\box1111\PROJETO BOX11 V 1.0\backend\vendor\laravel\framework\src\Illuminate\Foundation\Http\Middleware\VerifyCsrfToken.php(87): Illuminate\Pipeline\Pipeline->Illuminate\Pipeline\{closure}(Object(Illuminate\Http\Request))
#12 C:\Users\Matheus\Desktop\box1111\PROJETO BOX11 V 1.0\backend\vendor\laravel\framework\src\Illuminate\Pipeline\Pipeline.php(219): Illuminate\Foundation\Http\Middleware\VerifyCsrfToken->handle(Object(Illuminate\Http\Request), Object(Closure))
#13 C:\Users\Matheus\Desktop\box1111\PROJETO BOX11 V 1.0\backend\vendor\laravel\framework\src\Illuminate\View\Middleware\ShareErrorsFromSession.php(48): Illuminate\Pipeline\Pipeline->Illuminate\Pipeline\{closure}(Object(Illuminate\Http\Request))
#14 C:\Users\Matheus\Desktop\box1111\PROJETO BOX11 V 1.0\backend\vendor\laravel\framework\src\Illuminate\Pipeline\Pipeline.php(219): Illuminate\View\Middleware\ShareErrorsFromSession->handle(Object(Illuminate\Http\Request), Object(Closure))
#15 C:\Users\Matheus\Desktop\box1111\PROJETO BOX11 V 1.0\backend\vendor\laravel\framework\src\Illuminate\Session\Middleware\StartSession.php(120): Illuminate\Pipeline\Pipeline->Illuminate\Pipeline\{closure}(Object(Illuminate\Http\Request))
#16 C:\Users\Matheus\Desktop\box1111\PROJETO BOX11 V 1.0\backend\vendor\laravel\framework\src\Illuminate\Session\Middleware\StartSession.php(63): Illuminate\Session\Middleware\StartSession->handleStatefulRequest(Object(Illuminate\Http\Request), Object(Illuminate\Session\Store), Object(Closure))
#17 C:\Users\Matheus\Desktop\box1111\PROJETO BOX11 V 1.0\backend\vendor\laravel\framework\src\Illuminate\Pipeline\Pipeline.php(219): Illuminate\Session\Middleware\StartSession->handle(Object(Illuminate\Http\Request), Object(Closure))
#18 C:\Users\Matheus\Desktop\box1111\PROJETO BOX11 V 1.0\backend\vendor\laravel\framework\src\Illuminate\Cookie\Middleware\EncryptCookies.php(74): Illuminate\Pipeline\Pipeline->Illuminate\Pipeline\{closure}(Object(Illuminate\Http\Request))
#19 C:\Users\Matheus\Desktop\box1111\PROJETO BOX11 V 1.0\backend\vendor\laravel\framework\src\Illuminate\Pipeline\Pipeline.php(219): Illuminate\Cookie\Middleware\EncryptCookies->handle(Object(Illuminate\Http\Request), Object(Closure))
#20 C:\Users\Matheus\Desktop\box1111\PROJETO BOX11 V 1.0\backend\vendor\laravel\framework\src\Illuminate\Foundation\Http\Middleware\TransformsRequest.php(21): Illuminate\Pipeline\Pipeline->Illuminate\Pipeline\{closure}(Object(Illuminate\Http\Request))
#21 C:\Users\Matheus\Desktop\box1111\PROJETO BOX11 V 1.0\backend\vendor\laravel\framework\src\Illuminate\Foundation\Http\Middleware\ConvertEmptyStringsToNull.php(31): Illuminate\Foundation\Http\Middleware\TransformsRequest->handle(Object(Illuminate\Http\Request), Object(Closure))
#22 C:\Users\Matheus\Desktop\box1111\PROJETO BOX11 V 1.0\backend\vendor\laravel\framework\src\Illuminate\Pipeline\Pipeline.php(219): Illuminate\Foundation\Http\Middleware\ConvertEmptyStringsToNull->handle(Object(Illuminate\Http\Request), Object(Closure))
#23 C:\Users\Matheus\Desktop\box1111\PROJETO BOX11 V 1.0\backend\vendor\laravel\framework\src\Illuminate\Foundation\Http\Middleware\TransformsRequest.php(21): Illuminate\Pipeline\Pipeline->Illuminate\Pipeline\{closure}(Object(Illuminate\Http\Request))
#24 C:\Users\Matheus\Desktop\box1111\PROJETO BOX11 V 1.0\backend\vendor\laravel\framework\src\Illuminate\Foundation\Http\Middleware\TrimStrings.php(51): Illuminate\Foundation\Http\Middleware\TransformsRequest->handle(Object(Illuminate\Http\Request), Object(Closure))
#25 C:\Users\Matheus\Desktop\box1111\PROJETO BOX11 V 1.0\backend\vendor\laravel\framework\src\Illuminate\Pipeline\Pipeline.php(219): Illuminate\Foundation\Http\Middleware\TrimStrings->handle(Object(Illuminate\Http\Request), Object(Closure))
#26 C:\Users\Matheus\Desktop\box1111\PROJETO BOX11 V 1.0\backend\vendor\laravel\framework\src\Illuminate\Http\Middleware\ValidatePostSize.php(27): Illuminate\Pipeline\Pipeline->Illuminate\Pipeline\{closure}(Object(Illuminate\Http\Request))
#27 C:\Users\Matheus\Desktop\box1111\PROJETO BOX11 V 1.0\backend\vendor\laravel\framework\src\Illuminate\Pipeline\Pipeline.php(219): Illuminate\Http\Middleware\ValidatePostSize->handle(Object(Illuminate\Http\Request), Object(Closure))
#28 C:\Users\Matheus\Desktop\box1111\PROJETO BOX11 V 1.0\backend\vendor\laravel\framework\src\Illuminate\Foundation\Http\Middleware\PreventRequestsDuringMaintenance.php(109): Illuminate\Pipeline\Pipeline->Illuminate\Pipeline\{closure}(Object(Illuminate\Http\Request))
#29 C:\Users\Matheus\Desktop\box1111\PROJETO BOX11 V 1.0\backend\vendor\laravel\framework\src\Illuminate\Pipeline\Pipeline.php(219): Illuminate\Foundation\Http\Middleware\PreventRequestsDuringMaintenance->handle(Object(Illuminate\Http\Request), Object(Closure))
#30 C:\Users\Matheus\Desktop\box1111\PROJETO BOX11 V 1.0\backend\vendor\laravel\framework\src\Illuminate\Http\Middleware\HandleCors.php(74): Illuminate\Pipeline\Pipeline->Illuminate\Pipeline\{closure}(Object(Illuminate\Http\Request))
#31 C:\Users\Matheus\Desktop\box1111\PROJETO BOX11 V 1.0\backend\vendor\laravel\framework\src\Illuminate\Pipeline\Pipeline.php(219): Illuminate\Http\Middleware\HandleCors->handle(Object(Illuminate\Http\Request), Object(Closure))
#32 C:\Users\Matheus\Desktop\box1111\PROJETO BOX11 V 1.0\backend\vendor\laravel\framework\src\Illuminate\Http\Middleware\TrustProxies.php(58): Illuminate\Pipeline\Pipeline->Illuminate\Pipeline\{closure}(Object(Illuminate\Http\Request))
#33 C:\Users\Matheus\Desktop\box1111\PROJETO BOX11 V 1.0\backend\vendor\laravel\framework\src\Illuminate\Pipeline\Pipeline.php(219): Illuminate\Http\Middleware\TrustProxies->handle(Object(Illuminate\Http\Request), Object(Closure))
#34 C:\Users\Matheus\Desktop\box1111\PROJETO BOX11 V 1.0\backend\vendor\laravel\framework\src\Illuminate\Foundation\Http\Middleware\InvokeDeferredCallbacks.php(22): Illuminate\Pipeline\Pipeline->Illuminate\Pipeline\{closure}(Object(Illuminate\Http\Request))
#35 C:\Users\Matheus\Desktop\box1111\PROJETO BOX11 V 1.0\backend\vendor\laravel\framework\src\Illuminate\Pipeline\Pipeline.php(219): Illuminate\Foundation\Http\Middleware\InvokeDeferredCallbacks->handle(Object(Illuminate\Http\Request), Object(Closure))
#36 C:\Users\Matheus\Desktop\box1111\PROJETO BOX11 V 1.0\backend\vendor\laravel\framework\src\Illuminate\Http\Middleware\ValidatePathEncoding.php(26): Illuminate\Pipeline\Pipeline->Illuminate\Pipeline\{closure}(Object(Illuminate\Http\Request))
#37 C:\Users\Matheus\Desktop\box1111\PROJETO BOX11 V 1.0\backend\vendor\laravel\framework\src\Illuminate\Pipeline\Pipeline.php(219): Illuminate\Http\Middleware\ValidatePathEncoding->handle(Object(Illuminate\Http\Request), Object(Closure))
#38 C:\Users\Matheus\Desktop\box1111\PROJETO BOX11 V 1.0\backend\vendor\laravel\framework\src\Illuminate\Pipeline\Pipeline.php(137): Illuminate\Pipeline\Pipeline->Illuminate\Pipeline\{closure}(Object(Illuminate\Http\Request))
#39 C:\Users\Matheus\Desktop\box1111\PROJETO BOX11 V 1.0\backend\vendor\laravel\framework\src\Illuminate\Foundation\Http\Kernel.php(175): Illuminate\Pipeline\Pipeline->then(Object(Closure))
#40 C:\Users\Matheus\Desktop\box1111\PROJETO BOX11 V 1.0\backend\vendor\laravel\framework\src\Illuminate\Foundation\Http\Kernel.php(144): Illuminate\Foundation\Http\Kernel->sendRequestThroughRouter(Object(Illuminate\Http\Request))
#41 C:\Users\Matheus\Desktop\box1111\PROJETO BOX11 V 1.0\backend\vendor\laravel\framework\src\Illuminate\Foundation\Testing\Concerns\MakesHttpRequests.php(607): Illuminate\Foundation\Http\Kernel->handle(Object(Illuminate\Http\Request))
#42 C:\Users\Matheus\Desktop\box1111\PROJETO BOX11 V 1.0\backend\vendor\laravel\framework\src\Illuminate\Foundation\Testing\Concerns\MakesHttpRequests.php(573): Illuminate\Foundation\Testing\TestCase->call('POST', '/api/reservatio...', Array, Array, Array, Array, '{"property_id":...')
#43 C:\Users\Matheus\Desktop\box1111\PROJETO BOX11 V 1.0\backend\vendor\laravel\framework\src\Illuminate\Foundation\Testing\Concerns\MakesHttpRequests.php(411): Illuminate\Foundation\Testing\TestCase->json('POST', '/api/reservatio...', Array, Array, 0)
#44 C:\Users\Matheus\Desktop\box1111\PROJETO BOX11 V 1.0\backend\tests\Integration\ApiIntegrationTest.php(211): Illuminate\Foundation\Testing\TestCase->postJson('/api/reservatio...', Array, Array)
#45 C:\Users\Matheus\Desktop\box1111\PROJETO BOX11 V 1.0\backend\vendor\phpunit\phpunit\src\Framework\TestCase.php(1667): Tests\Integration\ApiIntegrationTest->test_create_reservation_invalid_dates()
#46 C:\Users\Matheus\Desktop\box1111\PROJETO BOX11 V 1.0\backend\vendor\phpunit\phpunit\src\Framework\TestCase.php(519): PHPUnit\Framework\TestCase->runTest()
#47 C:\Users\Matheus\Desktop\box1111\PROJETO BOX11 V 1.0\backend\vendor\phpunit\phpunit\src\Framework\TestRunner\TestRunner.php(87): PHPUnit\Framework\TestCase->runBare()
#48 C:\Users\Matheus\Desktop\box1111\PROJETO BOX11 V 1.0\backend\vendor\phpunit\phpunit\src\Framework\TestCase.php(365): PHPUnit\Framework\TestRunner->run(Object(Tests\Integration\ApiIntegrationTest))
#49 C:\Users\Matheus\Desktop\box1111\PROJETO BOX11 V 1.0\backend\vendor\phpunit\phpunit\src\Framework\TestSuite.php(369): PHPUnit\Framework\TestCase->run()
#50 C:\Users\Matheus\Desktop\box1111\PROJETO BOX11 V 1.0\backend\vendor\phpunit\phpunit\src\TextUI\TestRunner.php(64): PHPUnit\Framework\TestSuite->run()
#51 C:\Users\Matheus\Desktop\box1111\PROJETO BOX11 V 1.0\backend\vendor\phpunit\phpunit\src\TextUI\Application.php(211): PHPUnit\TextUI\TestRunner->run(Object(PHPUnit\TextUI\Configuration\Configuration), Object(PHPUnit\Runner\ResultCache\DefaultResultCache), Object(PHPUnit\Framework\TestSuite))
#52 C:\Users\Matheus\Desktop\box1111\PROJETO BOX11 V 1.0\backend\vendor\phpunit\phpunit\phpunit(104): PHPUnit\TextUI\Application->run(Array)
#53 {main}

----------------------------------------------------------------------------------

Auth guard [sanctum] is not defined.

  at tests\Integration\ApiIntegrationTest.php:218
    214Ôûò             'check_out' => now()->addDays(5)->format('Y-m-d'),
    215Ôûò             'guests_count' => 2
    216Ôûò         ], ['Authorization' => $this->token]);
    217Ôûò 
  Ô×£ 218Ôûò         $response->assertUnprocessable();
    219Ôûò     }
    220Ôûò 
    221Ôûò     /** @test */
    222Ôûò     public function test_confirm_reservation()

  ÔöÇÔöÇÔöÇÔöÇÔöÇÔöÇÔöÇÔöÇÔöÇÔöÇÔöÇÔöÇÔöÇÔöÇÔöÇÔöÇÔöÇÔöÇÔöÇÔöÇÔöÇÔöÇÔöÇÔöÇÔöÇÔöÇÔöÇÔöÇÔöÇÔöÇÔöÇÔöÇÔöÇÔöÇÔöÇÔöÇÔöÇÔöÇÔöÇÔöÇÔöÇÔöÇÔöÇÔöÇÔöÇÔöÇÔöÇÔöÇÔöÇÔöÇÔöÇÔöÇÔöÇÔöÇÔöÇÔöÇÔöÇÔöÇÔöÇÔöÇÔöÇÔöÇÔöÇÔöÇÔöÇÔöÇÔöÇÔöÇÔöÇÔöÇÔöÇÔöÇÔöÇÔöÇÔöÇÔöÇ  
   FAILED  Tests\Integration\ApiIntegrationTest > confirm reservation           
  Expected response status code [200] but received 500.
Failed asserting that 500 is identical to 200.

The following exception occurred during the last request:

InvalidArgumentException: Auth guard [sanctum] is not defined. in C:\Users\Matheus\Desktop\box1111\PROJETO BOX11 V 1.0\backend\vendor\laravel\framework\src\Illuminate\Auth\AuthManager.php:85
Stack trace:
#0 C:\Users\Matheus\Desktop\box1111\PROJETO BOX11 V 1.0\backend\vendor\laravel\framework\src\Illuminate\Auth\AuthManager.php(69): Illuminate\Auth\AuthManager->resolve('sanctum')
#1 C:\Users\Matheus\Desktop\box1111\PROJETO BOX11 V 1.0\backend\vendor\laravel\framework\src\Illuminate\Auth\Middleware\Authenticate.php(82): Illuminate\Auth\AuthManager->guard('sanctum')
#2 C:\Users\Matheus\Desktop\box1111\PROJETO BOX11 V 1.0\backend\vendor\laravel\framework\src\Illuminate\Auth\Middleware\Authenticate.php(61): Illuminate\Auth\Middleware\Authenticate->authenticate(Object(Illuminate\Http\Request), Array)
#3 C:\Users\Matheus\Desktop\box1111\PROJETO BOX11 V 1.0\backend\vendor\laravel\framework\src\Illuminate\Pipeline\Pipeline.php(219): Illuminate\Auth\Middleware\Authenticate->handle(Object(Illuminate\Http\Request), Object(Closure), 'sanctum')
#4 C:\Users\Matheus\Desktop\box1111\PROJETO BOX11 V 1.0\backend\vendor\laravel\framework\src\Illuminate\Pipeline\Pipeline.php(137): Illuminate\Pipeline\Pipeline->Illuminate\Pipeline\{closure}(Object(Illuminate\Http\Request))
#5 C:\Users\Matheus\Desktop\box1111\PROJETO BOX11 V 1.0\backend\vendor\laravel\framework\src\Illuminate\Routing\Router.php(821): Illuminate\Pipeline\Pipeline->then(Object(Closure))
#6 C:\Users\Matheus\Desktop\box1111\PROJETO BOX11 V 1.0\backend\vendor\laravel\framework\src\Illuminate\Routing\Router.php(800): Illuminate\Routing\Router->runRouteWithinStack(Object(Illuminate\Routing\Route), Object(Illuminate\Http\Request))
#7 C:\Users\Matheus\Desktop\box1111\PROJETO BOX11 V 1.0\backend\vendor\laravel\framework\src\Illuminate\Routing\Router.php(764): Illuminate\Routing\Router->runRoute(Object(Illuminate\Http\Request), Object(Illuminate\Routing\Route))
#8 C:\Users\Matheus\Desktop\box1111\PROJETO BOX11 V 1.0\backend\vendor\laravel\framework\src\Illuminate\Routing\Router.php(753): Illuminate\Routing\Router->dispatchToRoute(Object(Illuminate\Http\Request))
#9 C:\Users\Matheus\Desktop\box1111\PROJETO BOX11 V 1.0\backend\vendor\laravel\framework\src\Illuminate\Foundation\Http\Kernel.php(200): Illuminate\Routing\Router->dispatch(Object(Illuminate\Http\Request))
#10 C:\Users\Matheus\Desktop\box1111\PROJETO BOX11 V 1.0\backend\vendor\laravel\framework\src\Illuminate\Pipeline\Pipeline.php(180): Illuminate\Foundation\Http\Kernel->Illuminate\Foundation\Http\{closure}(Object(Illuminate\Http\Request))
#11 C:\Users\Matheus\Desktop\box1111\PROJETO BOX11 V 1.0\backend\vendor\laravel\framework\src\Illuminate\Foundation\Http\Middleware\VerifyCsrfToken.php(87): Illuminate\Pipeline\Pipeline->Illuminate\Pipeline\{closure}(Object(Illuminate\Http\Request))
#12 C:\Users\Matheus\Desktop\box1111\PROJETO BOX11 V 1.0\backend\vendor\laravel\framework\src\Illuminate\Pipeline\Pipeline.php(219): Illuminate\Foundation\Http\Middleware\VerifyCsrfToken->handle(Object(Illuminate\Http\Request), Object(Closure))
#13 C:\Users\Matheus\Desktop\box1111\PROJETO BOX11 V 1.0\backend\vendor\laravel\framework\src\Illuminate\View\Middleware\ShareErrorsFromSession.php(48): Illuminate\Pipeline\Pipeline->Illuminate\Pipeline\{closure}(Object(Illuminate\Http\Request))
#14 C:\Users\Matheus\Desktop\box1111\PROJETO BOX11 V 1.0\backend\vendor\laravel\framework\src\Illuminate\Pipeline\Pipeline.php(219): Illuminate\View\Middleware\ShareErrorsFromSession->handle(Object(Illuminate\Http\Request), Object(Closure))
#15 C:\Users\Matheus\Desktop\box1111\PROJETO BOX11 V 1.0\backend\vendor\laravel\framework\src\Illuminate\Session\Middleware\StartSession.php(120): Illuminate\Pipeline\Pipeline->Illuminate\Pipeline\{closure}(Object(Illuminate\Http\Request))
#16 C:\Users\Matheus\Desktop\box1111\PROJETO BOX11 V 1.0\backend\vendor\laravel\framework\src\Illuminate\Session\Middleware\StartSession.php(63): Illuminate\Session\Middleware\StartSession->handleStatefulRequest(Object(Illuminate\Http\Request), Object(Illuminate\Session\Store), Object(Closure))
#17 C:\Users\Matheus\Desktop\box1111\PROJETO BOX11 V 1.0\backend\vendor\laravel\framework\src\Illuminate\Pipeline\Pipeline.php(219): Illuminate\Session\Middleware\StartSession->handle(Object(Illuminate\Http\Request), Object(Closure))
#18 C:\Users\Matheus\Desktop\box1111\PROJETO BOX11 V 1.0\backend\vendor\laravel\framework\src\Illuminate\Cookie\Middleware\EncryptCookies.php(74): Illuminate\Pipeline\Pipeline->Illuminate\Pipeline\{closure}(Object(Illuminate\Http\Request))
#19 C:\Users\Matheus\Desktop\box1111\PROJETO BOX11 V 1.0\backend\vendor\laravel\framework\src\Illuminate\Pipeline\Pipeline.php(219): Illuminate\Cookie\Middleware\EncryptCookies->handle(Object(Illuminate\Http\Request), Object(Closure))
#20 C:\Users\Matheus\Desktop\box1111\PROJETO BOX11 V 1.0\backend\vendor\laravel\framework\src\Illuminate\Foundation\Http\Middleware\TransformsRequest.php(21): Illuminate\Pipeline\Pipeline->Illuminate\Pipeline\{closure}(Object(Illuminate\Http\Request))
#21 C:\Users\Matheus\Desktop\box1111\PROJETO BOX11 V 1.0\backend\vendor\laravel\framework\src\Illuminate\Foundation\Http\Middleware\ConvertEmptyStringsToNull.php(31): Illuminate\Foundation\Http\Middleware\TransformsRequest->handle(Object(Illuminate\Http\Request), Object(Closure))
#22 C:\Users\Matheus\Desktop\box1111\PROJETO BOX11 V 1.0\backend\vendor\laravel\framework\src\Illuminate\Pipeline\Pipeline.php(219): Illuminate\Foundation\Http\Middleware\ConvertEmptyStringsToNull->handle(Object(Illuminate\Http\Request), Object(Closure))
#23 C:\Users\Matheus\Desktop\box1111\PROJETO BOX11 V 1.0\backend\vendor\laravel\framework\src\Illuminate\Foundation\Http\Middleware\TransformsRequest.php(21): Illuminate\Pipeline\Pipeline->Illuminate\Pipeline\{closure}(Object(Illuminate\Http\Request))
#24 C:\Users\Matheus\Desktop\box1111\PROJETO BOX11 V 1.0\backend\vendor\laravel\framework\src\Illuminate\Foundation\Http\Middleware\TrimStrings.php(51): Illuminate\Foundation\Http\Middleware\TransformsRequest->handle(Object(Illuminate\Http\Request), Object(Closure))
#25 C:\Users\Matheus\Desktop\box1111\PROJETO BOX11 V 1.0\backend\vendor\laravel\framework\src\Illuminate\Pipeline\Pipeline.php(219): Illuminate\Foundation\Http\Middleware\TrimStrings->handle(Object(Illuminate\Http\Request), Object(Closure))
#26 C:\Users\Matheus\Desktop\box1111\PROJETO BOX11 V 1.0\backend\vendor\laravel\framework\src\Illuminate\Http\Middleware\ValidatePostSize.php(27): Illuminate\Pipeline\Pipeline->Illuminate\Pipeline\{closure}(Object(Illuminate\Http\Request))
#27 C:\Users\Matheus\Desktop\box1111\PROJETO BOX11 V 1.0\backend\vendor\laravel\framework\src\Illuminate\Pipeline\Pipeline.php(219): Illuminate\Http\Middleware\ValidatePostSize->handle(Object(Illuminate\Http\Request), Object(Closure))
#28 C:\Users\Matheus\Desktop\box1111\PROJETO BOX11 V 1.0\backend\vendor\laravel\framework\src\Illuminate\Foundation\Http\Middleware\PreventRequestsDuringMaintenance.php(109): Illuminate\Pipeline\Pipeline->Illuminate\Pipeline\{closure}(Object(Illuminate\Http\Request))
#29 C:\Users\Matheus\Desktop\box1111\PROJETO BOX11 V 1.0\backend\vendor\laravel\framework\src\Illuminate\Pipeline\Pipeline.php(219): Illuminate\Foundation\Http\Middleware\PreventRequestsDuringMaintenance->handle(Object(Illuminate\Http\Request), Object(Closure))
#30 C:\Users\Matheus\Desktop\box1111\PROJETO BOX11 V 1.0\backend\vendor\laravel\framework\src\Illuminate\Http\Middleware\HandleCors.php(74): Illuminate\Pipeline\Pipeline->Illuminate\Pipeline\{closure}(Object(Illuminate\Http\Request))
#31 C:\Users\Matheus\Desktop\box1111\PROJETO BOX11 V 1.0\backend\vendor\laravel\framework\src\Illuminate\Pipeline\Pipeline.php(219): Illuminate\Http\Middleware\HandleCors->handle(Object(Illuminate\Http\Request), Object(Closure))
#32 C:\Users\Matheus\Desktop\box1111\PROJETO BOX11 V 1.0\backend\vendor\laravel\framework\src\Illuminate\Http\Middleware\TrustProxies.php(58): Illuminate\Pipeline\Pipeline->Illuminate\Pipeline\{closure}(Object(Illuminate\Http\Request))
#33 C:\Users\Matheus\Desktop\box1111\PROJETO BOX11 V 1.0\backend\vendor\laravel\framework\src\Illuminate\Pipeline\Pipeline.php(219): Illuminate\Http\Middleware\TrustProxies->handle(Object(Illuminate\Http\Request), Object(Closure))
#34 C:\Users\Matheus\Desktop\box1111\PROJETO BOX11 V 1.0\backend\vendor\laravel\framework\src\Illuminate\Foundation\Http\Middleware\InvokeDeferredCallbacks.php(22): Illuminate\Pipeline\Pipeline->Illuminate\Pipeline\{closure}(Object(Illuminate\Http\Request))
#35 C:\Users\Matheus\Desktop\box1111\PROJETO BOX11 V 1.0\backend\vendor\laravel\framework\src\Illuminate\Pipeline\Pipeline.php(219): Illuminate\Foundation\Http\Middleware\InvokeDeferredCallbacks->handle(Object(Illuminate\Http\Request), Object(Closure))
#36 C:\Users\Matheus\Desktop\box1111\PROJETO BOX11 V 1.0\backend\vendor\laravel\framework\src\Illuminate\Http\Middleware\ValidatePathEncoding.php(26): Illuminate\Pipeline\Pipeline->Illuminate\Pipeline\{closure}(Object(Illuminate\Http\Request))
#37 C:\Users\Matheus\Desktop\box1111\PROJETO BOX11 V 1.0\backend\vendor\laravel\framework\src\Illuminate\Pipeline\Pipeline.php(219): Illuminate\Http\Middleware\ValidatePathEncoding->handle(Object(Illuminate\Http\Request), Object(Closure))
#38 C:\Users\Matheus\Desktop\box1111\PROJETO BOX11 V 1.0\backend\vendor\laravel\framework\src\Illuminate\Pipeline\Pipeline.php(137): Illuminate\Pipeline\Pipeline->Illuminate\Pipeline\{closure}(Object(Illuminate\Http\Request))
#39 C:\Users\Matheus\Desktop\box1111\PROJETO BOX11 V 1.0\backend\vendor\laravel\framework\src\Illuminate\Foundation\Http\Kernel.php(175): Illuminate\Pipeline\Pipeline->then(Object(Closure))
#40 C:\Users\Matheus\Desktop\box1111\PROJETO BOX11 V 1.0\backend\vendor\laravel\framework\src\Illuminate\Foundation\Http\Kernel.php(144): Illuminate\Foundation\Http\Kernel->sendRequestThroughRouter(Object(Illuminate\Http\Request))
#41 C:\Users\Matheus\Desktop\box1111\PROJETO BOX11 V 1.0\backend\vendor\laravel\framework\src\Illuminate\Foundation\Testing\Concerns\MakesHttpRequests.php(607): Illuminate\Foundation\Http\Kernel->handle(Object(Illuminate\Http\Request))
#42 C:\Users\Matheus\Desktop\box1111\PROJETO BOX11 V 1.0\backend\vendor\laravel\framework\src\Illuminate\Foundation\Testing\Concerns\MakesHttpRequests.php(573): Illuminate\Foundation\Testing\TestCase->call('POST', '/api/reservatio...', Array, Array, Array, Array, '[]')
#43 C:\Users\Matheus\Desktop\box1111\PROJETO BOX11 V 1.0\backend\vendor\laravel\framework\src\Illuminate\Foundation\Testing\Concerns\MakesHttpRequests.php(411): Illuminate\Foundation\Testing\TestCase->json('POST', '/api/reservatio...', Array, Array, 0)
#44 C:\Users\Matheus\Desktop\box1111\PROJETO BOX11 V 1.0\backend\tests\Integration\ApiIntegrationTest.php(230): Illuminate\Foundation\Testing\TestCase->postJson('/api/reservatio...', Array, Array)
#45 C:\Users\Matheus\Desktop\box1111\PROJETO BOX11 V 1.0\backend\vendor\phpunit\phpunit\src\Framework\TestCase.php(1667): Tests\Integration\ApiIntegrationTest->test_confirm_reservation()
#46 C:\Users\Matheus\Desktop\box1111\PROJETO BOX11 V 1.0\backend\vendor\phpunit\phpunit\src\Framework\TestCase.php(519): PHPUnit\Framework\TestCase->runTest()
#47 C:\Users\Matheus\Desktop\box1111\PROJETO BOX11 V 1.0\backend\vendor\phpunit\phpunit\src\Framework\TestRunner\TestRunner.php(87): PHPUnit\Framework\TestCase->runBare()
#48 C:\Users\Matheus\Desktop\box1111\PROJETO BOX11 V 1.0\backend\vendor\phpunit\phpunit\src\Framework\TestCase.php(365): PHPUnit\Framework\TestRunner->run(Object(Tests\Integration\ApiIntegrationTest))
#49 C:\Users\Matheus\Desktop\box1111\PROJETO BOX11 V 1.0\backend\vendor\phpunit\phpunit\src\Framework\TestSuite.php(369): PHPUnit\Framework\TestCase->run()
#50 C:\Users\Matheus\Desktop\box1111\PROJETO BOX11 V 1.0\backend\vendor\phpunit\phpunit\src\TextUI\TestRunner.php(64): PHPUnit\Framework\TestSuite->run()
#51 C:\Users\Matheus\Desktop\box1111\PROJETO BOX11 V 1.0\backend\vendor\phpunit\phpunit\src\TextUI\Application.php(211): PHPUnit\TextUI\TestRunner->run(Object(PHPUnit\TextUI\Configuration\Configuration), Object(PHPUnit\Runner\ResultCache\DefaultResultCache), Object(PHPUnit\Framework\TestSuite))
#52 C:\Users\Matheus\Desktop\box1111\PROJETO BOX11 V 1.0\backend\vendor\phpunit\phpunit\phpunit(104): PHPUnit\TextUI\Application->run(Array)
#53 {main}

----------------------------------------------------------------------------------

Auth guard [sanctum] is not defined.

  at tests\Integration\ApiIntegrationTest.php:236
    232Ôûò             [],
    233Ôûò             ['Authorization' => 'Bearer ' . $this->hostProfile->user->api_token]
    234Ôûò         );
    235Ôûò 
  Ô×£ 236Ôûò         $response->assertOk()
    237Ôûò             ->assertJsonPath('status', 'confirmed');
    238Ôûò 
    239Ôûò         $this->assertDatabaseHas('reservations', [
    240Ôûò             'id' => $reservation->id,

  ÔöÇÔöÇÔöÇÔöÇÔöÇÔöÇÔöÇÔöÇÔöÇÔöÇÔöÇÔöÇÔöÇÔöÇÔöÇÔöÇÔöÇÔöÇÔöÇÔöÇÔöÇÔöÇÔöÇÔöÇÔöÇÔöÇÔöÇÔöÇÔöÇÔöÇÔöÇÔöÇÔöÇÔöÇÔöÇÔöÇÔöÇÔöÇÔöÇÔöÇÔöÇÔöÇÔöÇÔöÇÔöÇÔöÇÔöÇÔöÇÔöÇÔöÇÔöÇÔöÇÔöÇÔöÇÔöÇÔöÇÔöÇÔöÇÔöÇÔöÇÔöÇÔöÇÔöÇÔöÇÔöÇÔöÇÔöÇÔöÇÔöÇÔöÇÔöÇÔöÇÔöÇÔöÇÔöÇÔöÇ  
   FAILED  Tests\Integration\ApiIntegrationTest > cancel reservation            
  Expected response status code [200] but received 500.
Failed asserting that 500 is identical to 200.

The following exception occurred during the last request:

InvalidArgumentException: Auth guard [sanctum] is not defined. in C:\Users\Matheus\Desktop\box1111\PROJETO BOX11 V 1.0\backend\vendor\laravel\framework\src\Illuminate\Auth\AuthManager.php:85
Stack trace:
#0 C:\Users\Matheus\Desktop\box1111\PROJETO BOX11 V 1.0\backend\vendor\laravel\framework\src\Illuminate\Auth\AuthManager.php(69): Illuminate\Auth\AuthManager->resolve('sanctum')
#1 C:\Users\Matheus\Desktop\box1111\PROJETO BOX11 V 1.0\backend\vendor\laravel\framework\src\Illuminate\Auth\Middleware\Authenticate.php(82): Illuminate\Auth\AuthManager->guard('sanctum')
#2 C:\Users\Matheus\Desktop\box1111\PROJETO BOX11 V 1.0\backend\vendor\laravel\framework\src\Illuminate\Auth\Middleware\Authenticate.php(61): Illuminate\Auth\Middleware\Authenticate->authenticate(Object(Illuminate\Http\Request), Array)
#3 C:\Users\Matheus\Desktop\box1111\PROJETO BOX11 V 1.0\backend\vendor\laravel\framework\src\Illuminate\Pipeline\Pipeline.php(219): Illuminate\Auth\Middleware\Authenticate->handle(Object(Illuminate\Http\Request), Object(Closure), 'sanctum')
#4 C:\Users\Matheus\Desktop\box1111\PROJETO BOX11 V 1.0\backend\vendor\laravel\framework\src\Illuminate\Pipeline\Pipeline.php(137): Illuminate\Pipeline\Pipeline->Illuminate\Pipeline\{closure}(Object(Illuminate\Http\Request))
#5 C:\Users\Matheus\Desktop\box1111\PROJETO BOX11 V 1.0\backend\vendor\laravel\framework\src\Illuminate\Routing\Router.php(821): Illuminate\Pipeline\Pipeline->then(Object(Closure))
#6 C:\Users\Matheus\Desktop\box1111\PROJETO BOX11 V 1.0\backend\vendor\laravel\framework\src\Illuminate\Routing\Router.php(800): Illuminate\Routing\Router->runRouteWithinStack(Object(Illuminate\Routing\Route), Object(Illuminate\Http\Request))
#7 C:\Users\Matheus\Desktop\box1111\PROJETO BOX11 V 1.0\backend\vendor\laravel\framework\src\Illuminate\Routing\Router.php(764): Illuminate\Routing\Router->runRoute(Object(Illuminate\Http\Request), Object(Illuminate\Routing\Route))
#8 C:\Users\Matheus\Desktop\box1111\PROJETO BOX11 V 1.0\backend\vendor\laravel\framework\src\Illuminate\Routing\Router.php(753): Illuminate\Routing\Router->dispatchToRoute(Object(Illuminate\Http\Request))
#9 C:\Users\Matheus\Desktop\box1111\PROJETO BOX11 V 1.0\backend\vendor\laravel\framework\src\Illuminate\Foundation\Http\Kernel.php(200): Illuminate\Routing\Router->dispatch(Object(Illuminate\Http\Request))
#10 C:\Users\Matheus\Desktop\box1111\PROJETO BOX11 V 1.0\backend\vendor\laravel\framework\src\Illuminate\Pipeline\Pipeline.php(180): Illuminate\Foundation\Http\Kernel->Illuminate\Foundation\Http\{closure}(Object(Illuminate\Http\Request))
#11 C:\Users\Matheus\Desktop\box1111\PROJETO BOX11 V 1.0\backend\vendor\laravel\framework\src\Illuminate\Foundation\Http\Middleware\VerifyCsrfToken.php(87): Illuminate\Pipeline\Pipeline->Illuminate\Pipeline\{closure}(Object(Illuminate\Http\Request))
#12 C:\Users\Matheus\Desktop\box1111\PROJETO BOX11 V 1.0\backend\vendor\laravel\framework\src\Illuminate\Pipeline\Pipeline.php(219): Illuminate\Foundation\Http\Middleware\VerifyCsrfToken->handle(Object(Illuminate\Http\Request), Object(Closure))
#13 C:\Users\Matheus\Desktop\box1111\PROJETO BOX11 V 1.0\backend\vendor\laravel\framework\src\Illuminate\View\Middleware\ShareErrorsFromSession.php(48): Illuminate\Pipeline\Pipeline->Illuminate\Pipeline\{closure}(Object(Illuminate\Http\Request))
#14 C:\Users\Matheus\Desktop\box1111\PROJETO BOX11 V 1.0\backend\vendor\laravel\framework\src\Illuminate\Pipeline\Pipeline.php(219): Illuminate\View\Middleware\ShareErrorsFromSession->handle(Object(Illuminate\Http\Request), Object(Closure))
#15 C:\Users\Matheus\Desktop\box1111\PROJETO BOX11 V 1.0\backend\vendor\laravel\framework\src\Illuminate\Session\Middleware\StartSession.php(120): Illuminate\Pipeline\Pipeline->Illuminate\Pipeline\{closure}(Object(Illuminate\Http\Request))
#16 C:\Users\Matheus\Desktop\box1111\PROJETO BOX11 V 1.0\backend\vendor\laravel\framework\src\Illuminate\Session\Middleware\StartSession.php(63): Illuminate\Session\Middleware\StartSession->handleStatefulRequest(Object(Illuminate\Http\Request), Object(Illuminate\Session\Store), Object(Closure))
#17 C:\Users\Matheus\Desktop\box1111\PROJETO BOX11 V 1.0\backend\vendor\laravel\framework\src\Illuminate\Pipeline\Pipeline.php(219): Illuminate\Session\Middleware\StartSession->handle(Object(Illuminate\Http\Request), Object(Closure))
#18 C:\Users\Matheus\Desktop\box1111\PROJETO BOX11 V 1.0\backend\vendor\laravel\framework\src\Illuminate\Cookie\Middleware\EncryptCookies.php(74): Illuminate\Pipeline\Pipeline->Illuminate\Pipeline\{closure}(Object(Illuminate\Http\Request))
#19 C:\Users\Matheus\Desktop\box1111\PROJETO BOX11 V 1.0\backend\vendor\laravel\framework\src\Illuminate\Pipeline\Pipeline.php(219): Illuminate\Cookie\Middleware\EncryptCookies->handle(Object(Illuminate\Http\Request), Object(Closure))
#20 C:\Users\Matheus\Desktop\box1111\PROJETO BOX11 V 1.0\backend\vendor\laravel\framework\src\Illuminate\Foundation\Http\Middleware\TransformsRequest.php(21): Illuminate\Pipeline\Pipeline->Illuminate\Pipeline\{closure}(Object(Illuminate\Http\Request))
#21 C:\Users\Matheus\Desktop\box1111\PROJETO BOX11 V 1.0\backend\vendor\laravel\framework\src\Illuminate\Foundation\Http\Middleware\ConvertEmptyStringsToNull.php(31): Illuminate\Foundation\Http\Middleware\TransformsRequest->handle(Object(Illuminate\Http\Request), Object(Closure))
#22 C:\Users\Matheus\Desktop\box1111\PROJETO BOX11 V 1.0\backend\vendor\laravel\framework\src\Illuminate\Pipeline\Pipeline.php(219): Illuminate\Foundation\Http\Middleware\ConvertEmptyStringsToNull->handle(Object(Illuminate\Http\Request), Object(Closure))
#23 C:\Users\Matheus\Desktop\box1111\PROJETO BOX11 V 1.0\backend\vendor\laravel\framework\src\Illuminate\Foundation\Http\Middleware\TransformsRequest.php(21): Illuminate\Pipeline\Pipeline->Illuminate\Pipeline\{closure}(Object(Illuminate\Http\Request))
#24 C:\Users\Matheus\Desktop\box1111\PROJETO BOX11 V 1.0\backend\vendor\laravel\framework\src\Illuminate\Foundation\Http\Middleware\TrimStrings.php(51): Illuminate\Foundation\Http\Middleware\TransformsRequest->handle(Object(Illuminate\Http\Request), Object(Closure))
#25 C:\Users\Matheus\Desktop\box1111\PROJETO BOX11 V 1.0\backend\vendor\laravel\framework\src\Illuminate\Pipeline\Pipeline.php(219): Illuminate\Foundation\Http\Middleware\TrimStrings->handle(Object(Illuminate\Http\Request), Object(Closure))
#26 C:\Users\Matheus\Desktop\box1111\PROJETO BOX11 V 1.0\backend\vendor\laravel\framework\src\Illuminate\Http\Middleware\ValidatePostSize.php(27): Illuminate\Pipeline\Pipeline->Illuminate\Pipeline\{closure}(Object(Illuminate\Http\Request))
#27 C:\Users\Matheus\Desktop\box1111\PROJETO BOX11 V 1.0\backend\vendor\laravel\framework\src\Illuminate\Pipeline\Pipeline.php(219): Illuminate\Http\Middleware\ValidatePostSize->handle(Object(Illuminate\Http\Request), Object(Closure))
#28 C:\Users\Matheus\Desktop\box1111\PROJETO BOX11 V 1.0\backend\vendor\laravel\framework\src\Illuminate\Foundation\Http\Middleware\PreventRequestsDuringMaintenance.php(109): Illuminate\Pipeline\Pipeline->Illuminate\Pipeline\{closure}(Object(Illuminate\Http\Request))
#29 C:\Users\Matheus\Desktop\box1111\PROJETO BOX11 V 1.0\backend\vendor\laravel\framework\src\Illuminate\Pipeline\Pipeline.php(219): Illuminate\Foundation\Http\Middleware\PreventRequestsDuringMaintenance->handle(Object(Illuminate\Http\Request), Object(Closure))
#30 C:\Users\Matheus\Desktop\box1111\PROJETO BOX11 V 1.0\backend\vendor\laravel\framework\src\Illuminate\Http\Middleware\HandleCors.php(74): Illuminate\Pipeline\Pipeline->Illuminate\Pipeline\{closure}(Object(Illuminate\Http\Request))
#31 C:\Users\Matheus\Desktop\box1111\PROJETO BOX11 V 1.0\backend\vendor\laravel\framework\src\Illuminate\Pipeline\Pipeline.php(219): Illuminate\Http\Middleware\HandleCors->handle(Object(Illuminate\Http\Request), Object(Closure))
#32 C:\Users\Matheus\Desktop\box1111\PROJETO BOX11 V 1.0\backend\vendor\laravel\framework\src\Illuminate\Http\Middleware\TrustProxies.php(58): Illuminate\Pipeline\Pipeline->Illuminate\Pipeline\{closure}(Object(Illuminate\Http\Request))
#33 C:\Users\Matheus\Desktop\box1111\PROJETO BOX11 V 1.0\backend\vendor\laravel\framework\src\Illuminate\Pipeline\Pipeline.php(219): Illuminate\Http\Middleware\TrustProxies->handle(Object(Illuminate\Http\Request), Object(Closure))
#34 C:\Users\Matheus\Desktop\box1111\PROJETO BOX11 V 1.0\backend\vendor\laravel\framework\src\Illuminate\Foundation\Http\Middleware\InvokeDeferredCallbacks.php(22): Illuminate\Pipeline\Pipeline->Illuminate\Pipeline\{closure}(Object(Illuminate\Http\Request))
#35 C:\Users\Matheus\Desktop\box1111\PROJETO BOX11 V 1.0\backend\vendor\laravel\framework\src\Illuminate\Pipeline\Pipeline.php(219): Illuminate\Foundation\Http\Middleware\InvokeDeferredCallbacks->handle(Object(Illuminate\Http\Request), Object(Closure))
#36 C:\Users\Matheus\Desktop\box1111\PROJETO BOX11 V 1.0\backend\vendor\laravel\framework\src\Illuminate\Http\Middleware\ValidatePathEncoding.php(26): Illuminate\Pipeline\Pipeline->Illuminate\Pipeline\{closure}(Object(Illuminate\Http\Request))
#37 C:\Users\Matheus\Desktop\box1111\PROJETO BOX11 V 1.0\backend\vendor\laravel\framework\src\Illuminate\Pipeline\Pipeline.php(219): Illuminate\Http\Middleware\ValidatePathEncoding->handle(Object(Illuminate\Http\Request), Object(Closure))
#38 C:\Users\Matheus\Desktop\box1111\PROJETO BOX11 V 1.0\backend\vendor\laravel\framework\src\Illuminate\Pipeline\Pipeline.php(137): Illuminate\Pipeline\Pipeline->Illuminate\Pipeline\{closure}(Object(Illuminate\Http\Request))
#39 C:\Users\Matheus\Desktop\box1111\PROJETO BOX11 V 1.0\backend\vendor\laravel\framework\src\Illuminate\Foundation\Http\Kernel.php(175): Illuminate\Pipeline\Pipeline->then(Object(Closure))
#40 C:\Users\Matheus\Desktop\box1111\PROJETO BOX11 V 1.0\backend\vendor\laravel\framework\src\Illuminate\Foundation\Http\Kernel.php(144): Illuminate\Foundation\Http\Kernel->sendRequestThroughRouter(Object(Illuminate\Http\Request))
#41 C:\Users\Matheus\Desktop\box1111\PROJETO BOX11 V 1.0\backend\vendor\laravel\framework\src\Illuminate\Foundation\Testing\Concerns\MakesHttpRequests.php(607): Illuminate\Foundation\Http\Kernel->handle(Object(Illuminate\Http\Request))
#42 C:\Users\Matheus\Desktop\box1111\PROJETO BOX11 V 1.0\backend\vendor\laravel\framework\src\Illuminate\Foundation\Testing\Concerns\MakesHttpRequests.php(573): Illuminate\Foundation\Testing\TestCase->call('POST', '/api/reservatio...', Array, Array, Array, Array, '{"reason":"Gues...')
#43 C:\Users\Matheus\Desktop\box1111\PROJETO BOX11 V 1.0\backend\vendor\laravel\framework\src\Illuminate\Foundation\Testing\Concerns\MakesHttpRequests.php(411): Illuminate\Foundation\Testing\TestCase->json('POST', '/api/reservatio...', Array, Array, 0)
#44 C:\Users\Matheus\Desktop\box1111\PROJETO BOX11 V 1.0\backend\tests\Integration\ApiIntegrationTest.php(253): Illuminate\Foundation\Testing\TestCase->postJson('/api/reservatio...', Array, Array)
#45 C:\Users\Matheus\Desktop\box1111\PROJETO BOX11 V 1.0\backend\vendor\phpunit\phpunit\src\Framework\TestCase.php(1667): Tests\Integration\ApiIntegrationTest->test_cancel_reservation()
#46 C:\Users\Matheus\Desktop\box1111\PROJETO BOX11 V 1.0\backend\vendor\phpunit\phpunit\src\Framework\TestCase.php(519): PHPUnit\Framework\TestCase->runTest()
#47 C:\Users\Matheus\Desktop\box1111\PROJETO BOX11 V 1.0\backend\vendor\phpunit\phpunit\src\Framework\TestRunner\TestRunner.php(87): PHPUnit\Framework\TestCase->runBare()
#48 C:\Users\Matheus\Desktop\box1111\PROJETO BOX11 V 1.0\backend\vendor\phpunit\phpunit\src\Framework\TestCase.php(365): PHPUnit\Framework\TestRunner->run(Object(Tests\Integration\ApiIntegrationTest))
#49 C:\Users\Matheus\Desktop\box1111\PROJETO BOX11 V 1.0\backend\vendor\phpunit\phpunit\src\Framework\TestSuite.php(369): PHPUnit\Framework\TestCase->run()
#50 C:\Users\Matheus\Desktop\box1111\PROJETO BOX11 V 1.0\backend\vendor\phpunit\phpunit\src\TextUI\TestRunner.php(64): PHPUnit\Framework\TestSuite->run()
#51 C:\Users\Matheus\Desktop\box1111\PROJETO BOX11 V 1.0\backend\vendor\phpunit\phpunit\src\TextUI\Application.php(211): PHPUnit\TextUI\TestRunner->run(Object(PHPUnit\TextUI\Configuration\Configuration), Object(PHPUnit\Runner\ResultCache\DefaultResultCache), Object(PHPUnit\Framework\TestSuite))
#52 C:\Users\Matheus\Desktop\box1111\PROJETO BOX11 V 1.0\backend\vendor\phpunit\phpunit\phpunit(104): PHPUnit\TextUI\Application->run(Array)
#53 {main}

----------------------------------------------------------------------------------

Auth guard [sanctum] is not defined.

  at tests\Integration\ApiIntegrationTest.php:259
    255Ôûò             ['reason' => 'Guest requested cancellation'],
    256Ôûò             ['Authorization' => $this->token]
    257Ôûò         );
    258Ôûò 
  Ô×£ 259Ôûò         $response->assertOk()
    260Ôûò             ->assertJsonPath('status', 'cancelled');
    261Ôûò     }
    262Ôûò 
    263Ôûò     /** @test */

  ÔöÇÔöÇÔöÇÔöÇÔöÇÔöÇÔöÇÔöÇÔöÇÔöÇÔöÇÔöÇÔöÇÔöÇÔöÇÔöÇÔöÇÔöÇÔöÇÔöÇÔöÇÔöÇÔöÇÔöÇÔöÇÔöÇÔöÇÔöÇÔöÇÔöÇÔöÇÔöÇÔöÇÔöÇÔöÇÔöÇÔöÇÔöÇÔöÇÔöÇÔöÇÔöÇÔöÇÔöÇÔöÇÔöÇÔöÇÔöÇÔöÇÔöÇÔöÇÔöÇÔöÇÔöÇÔöÇÔöÇÔöÇÔöÇÔöÇÔöÇÔöÇÔöÇÔöÇÔöÇÔöÇÔöÇÔöÇÔöÇÔöÇÔöÇÔöÇÔöÇÔöÇÔöÇÔöÇÔöÇ  
   FAILED  Tests\Integration\ApiIntegrationTest > complete payment flow         
  Expected response status code [201] but received 500.
Failed asserting that 500 is identical to 201.

The following exception occurred during the last request:

InvalidArgumentException: Auth guard [sanctum] is not defined. in C:\Users\Matheus\Desktop\box1111\PROJETO BOX11 V 1.0\backend\vendor\laravel\framework\src\Illuminate\Auth\AuthManager.php:85
Stack trace:
#0 C:\Users\Matheus\Desktop\box1111\PROJETO BOX11 V 1.0\backend\vendor\laravel\framework\src\Illuminate\Auth\AuthManager.php(69): Illuminate\Auth\AuthManager->resolve('sanctum')
#1 C:\Users\Matheus\Desktop\box1111\PROJETO BOX11 V 1.0\backend\vendor\laravel\framework\src\Illuminate\Auth\Middleware\Authenticate.php(82): Illuminate\Auth\AuthManager->guard('sanctum')
#2 C:\Users\Matheus\Desktop\box1111\PROJETO BOX11 V 1.0\backend\vendor\laravel\framework\src\Illuminate\Auth\Middleware\Authenticate.php(61): Illuminate\Auth\Middleware\Authenticate->authenticate(Object(Illuminate\Http\Request), Array)
#3 C:\Users\Matheus\Desktop\box1111\PROJETO BOX11 V 1.0\backend\vendor\laravel\framework\src\Illuminate\Pipeline\Pipeline.php(219): Illuminate\Auth\Middleware\Authenticate->handle(Object(Illuminate\Http\Request), Object(Closure), 'sanctum')
#4 C:\Users\Matheus\Desktop\box1111\PROJETO BOX11 V 1.0\backend\vendor\laravel\framework\src\Illuminate\Pipeline\Pipeline.php(137): Illuminate\Pipeline\Pipeline->Illuminate\Pipeline\{closure}(Object(Illuminate\Http\Request))
#5 C:\Users\Matheus\Desktop\box1111\PROJETO BOX11 V 1.0\backend\vendor\laravel\framework\src\Illuminate\Routing\Router.php(821): Illuminate\Pipeline\Pipeline->then(Object(Closure))
#6 C:\Users\Matheus\Desktop\box1111\PROJETO BOX11 V 1.0\backend\vendor\laravel\framework\src\Illuminate\Routing\Router.php(800): Illuminate\Routing\Router->runRouteWithinStack(Object(Illuminate\Routing\Route), Object(Illuminate\Http\Request))
#7 C:\Users\Matheus\Desktop\box1111\PROJETO BOX11 V 1.0\backend\vendor\laravel\framework\src\Illuminate\Routing\Router.php(764): Illuminate\Routing\Router->runRoute(Object(Illuminate\Http\Request), Object(Illuminate\Routing\Route))
#8 C:\Users\Matheus\Desktop\box1111\PROJETO BOX11 V 1.0\backend\vendor\laravel\framework\src\Illuminate\Routing\Router.php(753): Illuminate\Routing\Router->dispatchToRoute(Object(Illuminate\Http\Request))
#9 C:\Users\Matheus\Desktop\box1111\PROJETO BOX11 V 1.0\backend\vendor\laravel\framework\src\Illuminate\Foundation\Http\Kernel.php(200): Illuminate\Routing\Router->dispatch(Object(Illuminate\Http\Request))
#10 C:\Users\Matheus\Desktop\box1111\PROJETO BOX11 V 1.0\backend\vendor\laravel\framework\src\Illuminate\Pipeline\Pipeline.php(180): Illuminate\Foundation\Http\Kernel->Illuminate\Foundation\Http\{closure}(Object(Illuminate\Http\Request))
#11 C:\Users\Matheus\Desktop\box1111\PROJETO BOX11 V 1.0\backend\vendor\laravel\framework\src\Illuminate\Foundation\Http\Middleware\VerifyCsrfToken.php(87): Illuminate\Pipeline\Pipeline->Illuminate\Pipeline\{closure}(Object(Illuminate\Http\Request))
#12 C:\Users\Matheus\Desktop\box1111\PROJETO BOX11 V 1.0\backend\vendor\laravel\framework\src\Illuminate\Pipeline\Pipeline.php(219): Illuminate\Foundation\Http\Middleware\VerifyCsrfToken->handle(Object(Illuminate\Http\Request), Object(Closure))
#13 C:\Users\Matheus\Desktop\box1111\PROJETO BOX11 V 1.0\backend\vendor\laravel\framework\src\Illuminate\View\Middleware\ShareErrorsFromSession.php(48): Illuminate\Pipeline\Pipeline->Illuminate\Pipeline\{closure}(Object(Illuminate\Http\Request))
#14 C:\Users\Matheus\Desktop\box1111\PROJETO BOX11 V 1.0\backend\vendor\laravel\framework\src\Illuminate\Pipeline\Pipeline.php(219): Illuminate\View\Middleware\ShareErrorsFromSession->handle(Object(Illuminate\Http\Request), Object(Closure))
#15 C:\Users\Matheus\Desktop\box1111\PROJETO BOX11 V 1.0\backend\vendor\laravel\framework\src\Illuminate\Session\Middleware\StartSession.php(120): Illuminate\Pipeline\Pipeline->Illuminate\Pipeline\{closure}(Object(Illuminate\Http\Request))
#16 C:\Users\Matheus\Desktop\box1111\PROJETO BOX11 V 1.0\backend\vendor\laravel\framework\src\Illuminate\Session\Middleware\StartSession.php(63): Illuminate\Session\Middleware\StartSession->handleStatefulRequest(Object(Illuminate\Http\Request), Object(Illuminate\Session\Store), Object(Closure))
#17 C:\Users\Matheus\Desktop\box1111\PROJETO BOX11 V 1.0\backend\vendor\laravel\framework\src\Illuminate\Pipeline\Pipeline.php(219): Illuminate\Session\Middleware\StartSession->handle(Object(Illuminate\Http\Request), Object(Closure))
#18 C:\Users\Matheus\Desktop\box1111\PROJETO BOX11 V 1.0\backend\vendor\laravel\framework\src\Illuminate\Cookie\Middleware\EncryptCookies.php(74): Illuminate\Pipeline\Pipeline->Illuminate\Pipeline\{closure}(Object(Illuminate\Http\Request))
#19 C:\Users\Matheus\Desktop\box1111\PROJETO BOX11 V 1.0\backend\vendor\laravel\framework\src\Illuminate\Pipeline\Pipeline.php(219): Illuminate\Cookie\Middleware\EncryptCookies->handle(Object(Illuminate\Http\Request), Object(Closure))
#20 C:\Users\Matheus\Desktop\box1111\PROJETO BOX11 V 1.0\backend\vendor\laravel\framework\src\Illuminate\Foundation\Http\Middleware\TransformsRequest.php(21): Illuminate\Pipeline\Pipeline->Illuminate\Pipeline\{closure}(Object(Illuminate\Http\Request))
#21 C:\Users\Matheus\Desktop\box1111\PROJETO BOX11 V 1.0\backend\vendor\laravel\framework\src\Illuminate\Foundation\Http\Middleware\ConvertEmptyStringsToNull.php(31): Illuminate\Foundation\Http\Middleware\TransformsRequest->handle(Object(Illuminate\Http\Request), Object(Closure))
#22 C:\Users\Matheus\Desktop\box1111\PROJETO BOX11 V 1.0\backend\vendor\laravel\framework\src\Illuminate\Pipeline\Pipeline.php(219): Illuminate\Foundation\Http\Middleware\ConvertEmptyStringsToNull->handle(Object(Illuminate\Http\Request), Object(Closure))
#23 C:\Users\Matheus\Desktop\box1111\PROJETO BOX11 V 1.0\backend\vendor\laravel\framework\src\Illuminate\Foundation\Http\Middleware\TransformsRequest.php(21): Illuminate\Pipeline\Pipeline->Illuminate\Pipeline\{closure}(Object(Illuminate\Http\Request))
#24 C:\Users\Matheus\Desktop\box1111\PROJETO BOX11 V 1.0\backend\vendor\laravel\framework\src\Illuminate\Foundation\Http\Middleware\TrimStrings.php(51): Illuminate\Foundation\Http\Middleware\TransformsRequest->handle(Object(Illuminate\Http\Request), Object(Closure))
#25 C:\Users\Matheus\Desktop\box1111\PROJETO BOX11 V 1.0\backend\vendor\laravel\framework\src\Illuminate\Pipeline\Pipeline.php(219): Illuminate\Foundation\Http\Middleware\TrimStrings->handle(Object(Illuminate\Http\Request), Object(Closure))
#26 C:\Users\Matheus\Desktop\box1111\PROJETO BOX11 V 1.0\backend\vendor\laravel\framework\src\Illuminate\Http\Middleware\ValidatePostSize.php(27): Illuminate\Pipeline\Pipeline->Illuminate\Pipeline\{closure}(Object(Illuminate\Http\Request))
#27 C:\Users\Matheus\Desktop\box1111\PROJETO BOX11 V 1.0\backend\vendor\laravel\framework\src\Illuminate\Pipeline\Pipeline.php(219): Illuminate\Http\Middleware\ValidatePostSize->handle(Object(Illuminate\Http\Request), Object(Closure))
#28 C:\Users\Matheus\Desktop\box1111\PROJETO BOX11 V 1.0\backend\vendor\laravel\framework\src\Illuminate\Foundation\Http\Middleware\PreventRequestsDuringMaintenance.php(109): Illuminate\Pipeline\Pipeline->Illuminate\Pipeline\{closure}(Object(Illuminate\Http\Request))
#29 C:\Users\Matheus\Desktop\box1111\PROJETO BOX11 V 1.0\backend\vendor\laravel\framework\src\Illuminate\Pipeline\Pipeline.php(219): Illuminate\Foundation\Http\Middleware\PreventRequestsDuringMaintenance->handle(Object(Illuminate\Http\Request), Object(Closure))
#30 C:\Users\Matheus\Desktop\box1111\PROJETO BOX11 V 1.0\backend\vendor\laravel\framework\src\Illuminate\Http\Middleware\HandleCors.php(74): Illuminate\Pipeline\Pipeline->Illuminate\Pipeline\{closure}(Object(Illuminate\Http\Request))
#31 C:\Users\Matheus\Desktop\box1111\PROJETO BOX11 V 1.0\backend\vendor\laravel\framework\src\Illuminate\Pipeline\Pipeline.php(219): Illuminate\Http\Middleware\HandleCors->handle(Object(Illuminate\Http\Request), Object(Closure))
#32 C:\Users\Matheus\Desktop\box1111\PROJETO BOX11 V 1.0\backend\vendor\laravel\framework\src\Illuminate\Http\Middleware\TrustProxies.php(58): Illuminate\Pipeline\Pipeline->Illuminate\Pipeline\{closure}(Object(Illuminate\Http\Request))
#33 C:\Users\Matheus\Desktop\box1111\PROJETO BOX11 V 1.0\backend\vendor\laravel\framework\src\Illuminate\Pipeline\Pipeline.php(219): Illuminate\Http\Middleware\TrustProxies->handle(Object(Illuminate\Http\Request), Object(Closure))
#34 C:\Users\Matheus\Desktop\box1111\PROJETO BOX11 V 1.0\backend\vendor\laravel\framework\src\Illuminate\Foundation\Http\Middleware\InvokeDeferredCallbacks.php(22): Illuminate\Pipeline\Pipeline->Illuminate\Pipeline\{closure}(Object(Illuminate\Http\Request))
#35 C:\Users\Matheus\Desktop\box1111\PROJETO BOX11 V 1.0\backend\vendor\laravel\framework\src\Illuminate\Pipeline\Pipeline.php(219): Illuminate\Foundation\Http\Middleware\InvokeDeferredCallbacks->handle(Object(Illuminate\Http\Request), Object(Closure))
#36 C:\Users\Matheus\Desktop\box1111\PROJETO BOX11 V 1.0\backend\vendor\laravel\framework\src\Illuminate\Http\Middleware\ValidatePathEncoding.php(26): Illuminate\Pipeline\Pipeline->Illuminate\Pipeline\{closure}(Object(Illuminate\Http\Request))
#37 C:\Users\Matheus\Desktop\box1111\PROJETO BOX11 V 1.0\backend\vendor\laravel\framework\src\Illuminate\Pipeline\Pipeline.php(219): Illuminate\Http\Middleware\ValidatePathEncoding->handle(Object(Illuminate\Http\Request), Object(Closure))
#38 C:\Users\Matheus\Desktop\box1111\PROJETO BOX11 V 1.0\backend\vendor\laravel\framework\src\Illuminate\Pipeline\Pipeline.php(137): Illuminate\Pipeline\Pipeline->Illuminate\Pipeline\{closure}(Object(Illuminate\Http\Request))
#39 C:\Users\Matheus\Desktop\box1111\PROJETO BOX11 V 1.0\backend\vendor\laravel\framework\src\Illuminate\Foundation\Http\Kernel.php(175): Illuminate\Pipeline\Pipeline->then(Object(Closure))
#40 C:\Users\Matheus\Desktop\box1111\PROJETO BOX11 V 1.0\backend\vendor\laravel\framework\src\Illuminate\Foundation\Http\Kernel.php(144): Illuminate\Foundation\Http\Kernel->sendRequestThroughRouter(Object(Illuminate\Http\Request))
#41 C:\Users\Matheus\Desktop\box1111\PROJETO BOX11 V 1.0\backend\vendor\laravel\framework\src\Illuminate\Foundation\Testing\Concerns\MakesHttpRequests.php(607): Illuminate\Foundation\Http\Kernel->handle(Object(Illuminate\Http\Request))
#42 C:\Users\Matheus\Desktop\box1111\PROJETO BOX11 V 1.0\backend\vendor\laravel\framework\src\Illuminate\Foundation\Testing\Concerns\MakesHttpRequests.php(573): Illuminate\Foundation\Testing\TestCase->call('POST', '/api/payments', Array, Array, Array, Array, '{"reservation_i...')
#43 C:\Users\Matheus\Desktop\box1111\PROJETO BOX11 V 1.0\backend\vendor\laravel\framework\src\Illuminate\Foundation\Testing\Concerns\MakesHttpRequests.php(411): Illuminate\Foundation\Testing\TestCase->json('POST', '/api/payments', Array, Array, 0)
#44 C:\Users\Matheus\Desktop\box1111\PROJETO BOX11 V 1.0\backend\tests\Integration\ApiIntegrationTest.php(273): Illuminate\Foundation\Testing\TestCase->postJson('/api/payments', Array, Array)
#45 C:\Users\Matheus\Desktop\box1111\PROJETO BOX11 V 1.0\backend\vendor\phpunit\phpunit\src\Framework\TestCase.php(1667): Tests\Integration\ApiIntegrationTest->test_complete_payment_flow()
#46 C:\Users\Matheus\Desktop\box1111\PROJETO BOX11 V 1.0\backend\vendor\phpunit\phpunit\src\Framework\TestCase.php(519): PHPUnit\Framework\TestCase->runTest()
#47 C:\Users\Matheus\Desktop\box1111\PROJETO BOX11 V 1.0\backend\vendor\phpunit\phpunit\src\Framework\TestRunner\TestRunner.php(87): PHPUnit\Framework\TestCase->runBare()
#48 C:\Users\Matheus\Desktop\box1111\PROJETO BOX11 V 1.0\backend\vendor\phpunit\phpunit\src\Framework\TestCase.php(365): PHPUnit\Framework\TestRunner->run(Object(Tests\Integration\ApiIntegrationTest))
#49 C:\Users\Matheus\Desktop\box1111\PROJETO BOX11 V 1.0\backend\vendor\phpunit\phpunit\src\Framework\TestSuite.php(369): PHPUnit\Framework\TestCase->run()
#50 C:\Users\Matheus\Desktop\box1111\PROJETO BOX11 V 1.0\backend\vendor\phpunit\phpunit\src\TextUI\TestRunner.php(64): PHPUnit\Framework\TestSuite->run()
#51 C:\Users\Matheus\Desktop\box1111\PROJETO BOX11 V 1.0\backend\vendor\phpunit\phpunit\src\TextUI\Application.php(211): PHPUnit\TextUI\TestRunner->run(Object(PHPUnit\TextUI\Configuration\Configuration), Object(PHPUnit\Runner\ResultCache\DefaultResultCache), Object(PHPUnit\Framework\TestSuite))
#52 C:\Users\Matheus\Desktop\box1111\PROJETO BOX11 V 1.0\backend\vendor\phpunit\phpunit\phpunit(104): PHPUnit\TextUI\Application->run(Array)
#53 {main}

----------------------------------------------------------------------------------

Auth guard [sanctum] is not defined.

  at tests\Integration\ApiIntegrationTest.php:278
    274Ôûò             'reservation_id' => $reservation->id,
    275Ôûò             'payment_method' => 'credit'
    276Ôûò         ], ['Authorization' => $this->token]);
    277Ôûò 
  Ô×£ 278Ôûò         $response->assertCreated()
    279Ôûò             ->assertJsonPath('status', 'pending')
    280Ôûò             ->assertJsonPath('total_amount', 500.00);
    281Ôûò 
    282Ôûò         $this->assertDatabaseHas('payments', [

  ÔöÇÔöÇÔöÇÔöÇÔöÇÔöÇÔöÇÔöÇÔöÇÔöÇÔöÇÔöÇÔöÇÔöÇÔöÇÔöÇÔöÇÔöÇÔöÇÔöÇÔöÇÔöÇÔöÇÔöÇÔöÇÔöÇÔöÇÔöÇÔöÇÔöÇÔöÇÔöÇÔöÇÔöÇÔöÇÔöÇÔöÇÔöÇÔöÇÔöÇÔöÇÔöÇÔöÇÔöÇÔöÇÔöÇÔöÇÔöÇÔöÇÔöÇÔöÇÔöÇÔöÇÔöÇÔöÇÔöÇÔöÇÔöÇÔöÇÔöÇÔöÇÔöÇÔöÇÔöÇÔöÇÔöÇÔöÇÔöÇÔöÇÔöÇÔöÇÔöÇÔöÇÔöÇÔöÇÔöÇ  
   FAILED  Tests\Integration\ApiIntegrationTest > get paymenÔÇª  ErrorException   
  Undefined property: Database\Factories\ReservationFactory::$id

  at database\factories\PaymentFactory.php:20
     16Ôûò         $reservation = Reservation::factory();
     17Ôûò         $total = $this->faker->randomFloat(2, 100, 5000);
     18Ôûò 
     19Ôûò         return [
  Ô×£  20Ôûò             'reservation_id' => $reservation->id,
     21Ôûò             'payer_id' => User::factory(),
     22Ôûò             'total_amount' => $total,
     23Ôûò             'host_amount' => $total * 0.8,
     24Ôûò             'cohost_amount' => 0,

  1   vendor\laravel\framework\src\Illuminate\Database\Eloquent\Factories\Factory.php:550
  2   vendor\laravel\framework\src\Illuminate\Database\Eloquent\Factories\Factory.php:529

  ÔöÇÔöÇÔöÇÔöÇÔöÇÔöÇÔöÇÔöÇÔöÇÔöÇÔöÇÔöÇÔöÇÔöÇÔöÇÔöÇÔöÇÔöÇÔöÇÔöÇÔöÇÔöÇÔöÇÔöÇÔöÇÔöÇÔöÇÔöÇÔöÇÔöÇÔöÇÔöÇÔöÇÔöÇÔöÇÔöÇÔöÇÔöÇÔöÇÔöÇÔöÇÔöÇÔöÇÔöÇÔöÇÔöÇÔöÇÔöÇÔöÇÔöÇÔöÇÔöÇÔöÇÔöÇÔöÇÔöÇÔöÇÔöÇÔöÇÔöÇÔöÇÔöÇÔöÇÔöÇÔöÇÔöÇÔöÇÔöÇÔöÇÔöÇÔöÇÔöÇÔöÇÔöÇÔöÇÔöÇ  
   FAILED  Tests\Integration\ApiIntegrationTest > create review after compleÔÇª   
  Expected response status code [201] but received 500.
Failed asserting that 500 is identical to 201.

The following exception occurred during the last request:

InvalidArgumentException: Auth guard [sanctum] is not defined. in C:\Users\Matheus\Desktop\box1111\PROJETO BOX11 V 1.0\backend\vendor\laravel\framework\src\Illuminate\Auth\AuthManager.php:85
Stack trace:
#0 C:\Users\Matheus\Desktop\box1111\PROJETO BOX11 V 1.0\backend\vendor\laravel\framework\src\Illuminate\Auth\AuthManager.php(69): Illuminate\Auth\AuthManager->resolve('sanctum')
#1 C:\Users\Matheus\Desktop\box1111\PROJETO BOX11 V 1.0\backend\vendor\laravel\framework\src\Illuminate\Auth\Middleware\Authenticate.php(82): Illuminate\Auth\AuthManager->guard('sanctum')
#2 C:\Users\Matheus\Desktop\box1111\PROJETO BOX11 V 1.0\backend\vendor\laravel\framework\src\Illuminate\Auth\Middleware\Authenticate.php(61): Illuminate\Auth\Middleware\Authenticate->authenticate(Object(Illuminate\Http\Request), Array)
#3 C:\Users\Matheus\Desktop\box1111\PROJETO BOX11 V 1.0\backend\vendor\laravel\framework\src\Illuminate\Pipeline\Pipeline.php(219): Illuminate\Auth\Middleware\Authenticate->handle(Object(Illuminate\Http\Request), Object(Closure), 'sanctum')
#4 C:\Users\Matheus\Desktop\box1111\PROJETO BOX11 V 1.0\backend\vendor\laravel\framework\src\Illuminate\Pipeline\Pipeline.php(137): Illuminate\Pipeline\Pipeline->Illuminate\Pipeline\{closure}(Object(Illuminate\Http\Request))
#5 C:\Users\Matheus\Desktop\box1111\PROJETO BOX11 V 1.0\backend\vendor\laravel\framework\src\Illuminate\Routing\Router.php(821): Illuminate\Pipeline\Pipeline->then(Object(Closure))
#6 C:\Users\Matheus\Desktop\box1111\PROJETO BOX11 V 1.0\backend\vendor\laravel\framework\src\Illuminate\Routing\Router.php(800): Illuminate\Routing\Router->runRouteWithinStack(Object(Illuminate\Routing\Route), Object(Illuminate\Http\Request))
#7 C:\Users\Matheus\Desktop\box1111\PROJETO BOX11 V 1.0\backend\vendor\laravel\framework\src\Illuminate\Routing\Router.php(764): Illuminate\Routing\Router->runRoute(Object(Illuminate\Http\Request), Object(Illuminate\Routing\Route))
#8 C:\Users\Matheus\Desktop\box1111\PROJETO BOX11 V 1.0\backend\vendor\laravel\framework\src\Illuminate\Routing\Router.php(753): Illuminate\Routing\Router->dispatchToRoute(Object(Illuminate\Http\Request))
#9 C:\Users\Matheus\Desktop\box1111\PROJETO BOX11 V 1.0\backend\vendor\laravel\framework\src\Illuminate\Foundation\Http\Kernel.php(200): Illuminate\Routing\Router->dispatch(Object(Illuminate\Http\Request))
#10 C:\Users\Matheus\Desktop\box1111\PROJETO BOX11 V 1.0\backend\vendor\laravel\framework\src\Illuminate\Pipeline\Pipeline.php(180): Illuminate\Foundation\Http\Kernel->Illuminate\Foundation\Http\{closure}(Object(Illuminate\Http\Request))
#11 C:\Users\Matheus\Desktop\box1111\PROJETO BOX11 V 1.0\backend\vendor\laravel\framework\src\Illuminate\Foundation\Http\Middleware\VerifyCsrfToken.php(87): Illuminate\Pipeline\Pipeline->Illuminate\Pipeline\{closure}(Object(Illuminate\Http\Request))
#12 C:\Users\Matheus\Desktop\box1111\PROJETO BOX11 V 1.0\backend\vendor\laravel\framework\src\Illuminate\Pipeline\Pipeline.php(219): Illuminate\Foundation\Http\Middleware\VerifyCsrfToken->handle(Object(Illuminate\Http\Request), Object(Closure))
#13 C:\Users\Matheus\Desktop\box1111\PROJETO BOX11 V 1.0\backend\vendor\laravel\framework\src\Illuminate\View\Middleware\ShareErrorsFromSession.php(48): Illuminate\Pipeline\Pipeline->Illuminate\Pipeline\{closure}(Object(Illuminate\Http\Request))
#14 C:\Users\Matheus\Desktop\box1111\PROJETO BOX11 V 1.0\backend\vendor\laravel\framework\src\Illuminate\Pipeline\Pipeline.php(219): Illuminate\View\Middleware\ShareErrorsFromSession->handle(Object(Illuminate\Http\Request), Object(Closure))
#15 C:\Users\Matheus\Desktop\box1111\PROJETO BOX11 V 1.0\backend\vendor\laravel\framework\src\Illuminate\Session\Middleware\StartSession.php(120): Illuminate\Pipeline\Pipeline->Illuminate\Pipeline\{closure}(Object(Illuminate\Http\Request))
#16 C:\Users\Matheus\Desktop\box1111\PROJETO BOX11 V 1.0\backend\vendor\laravel\framework\src\Illuminate\Session\Middleware\StartSession.php(63): Illuminate\Session\Middleware\StartSession->handleStatefulRequest(Object(Illuminate\Http\Request), Object(Illuminate\Session\Store), Object(Closure))
#17 C:\Users\Matheus\Desktop\box1111\PROJETO BOX11 V 1.0\backend\vendor\laravel\framework\src\Illuminate\Pipeline\Pipeline.php(219): Illuminate\Session\Middleware\StartSession->handle(Object(Illuminate\Http\Request), Object(Closure))
#18 C:\Users\Matheus\Desktop\box1111\PROJETO BOX11 V 1.0\backend\vendor\laravel\framework\src\Illuminate\Cookie\Middleware\EncryptCookies.php(74): Illuminate\Pipeline\Pipeline->Illuminate\Pipeline\{closure}(Object(Illuminate\Http\Request))
#19 C:\Users\Matheus\Desktop\box1111\PROJETO BOX11 V 1.0\backend\vendor\laravel\framework\src\Illuminate\Pipeline\Pipeline.php(219): Illuminate\Cookie\Middleware\EncryptCookies->handle(Object(Illuminate\Http\Request), Object(Closure))
#20 C:\Users\Matheus\Desktop\box1111\PROJETO BOX11 V 1.0\backend\vendor\laravel\framework\src\Illuminate\Foundation\Http\Middleware\TransformsRequest.php(21): Illuminate\Pipeline\Pipeline->Illuminate\Pipeline\{closure}(Object(Illuminate\Http\Request))
#21 C:\Users\Matheus\Desktop\box1111\PROJETO BOX11 V 1.0\backend\vendor\laravel\framework\src\Illuminate\Foundation\Http\Middleware\ConvertEmptyStringsToNull.php(31): Illuminate\Foundation\Http\Middleware\TransformsRequest->handle(Object(Illuminate\Http\Request), Object(Closure))
#22 C:\Users\Matheus\Desktop\box1111\PROJETO BOX11 V 1.0\backend\vendor\laravel\framework\src\Illuminate\Pipeline\Pipeline.php(219): Illuminate\Foundation\Http\Middleware\ConvertEmptyStringsToNull->handle(Object(Illuminate\Http\Request), Object(Closure))
#23 C:\Users\Matheus\Desktop\box1111\PROJETO BOX11 V 1.0\backend\vendor\laravel\framework\src\Illuminate\Foundation\Http\Middleware\TransformsRequest.php(21): Illuminate\Pipeline\Pipeline->Illuminate\Pipeline\{closure}(Object(Illuminate\Http\Request))
#24 C:\Users\Matheus\Desktop\box1111\PROJETO BOX11 V 1.0\backend\vendor\laravel\framework\src\Illuminate\Foundation\Http\Middleware\TrimStrings.php(51): Illuminate\Foundation\Http\Middleware\TransformsRequest->handle(Object(Illuminate\Http\Request), Object(Closure))
#25 C:\Users\Matheus\Desktop\box1111\PROJETO BOX11 V 1.0\backend\vendor\laravel\framework\src\Illuminate\Pipeline\Pipeline.php(219): Illuminate\Foundation\Http\Middleware\TrimStrings->handle(Object(Illuminate\Http\Request), Object(Closure))
#26 C:\Users\Matheus\Desktop\box1111\PROJETO BOX11 V 1.0\backend\vendor\laravel\framework\src\Illuminate\Http\Middleware\ValidatePostSize.php(27): Illuminate\Pipeline\Pipeline->Illuminate\Pipeline\{closure}(Object(Illuminate\Http\Request))
#27 C:\Users\Matheus\Desktop\box1111\PROJETO BOX11 V 1.0\backend\vendor\laravel\framework\src\Illuminate\Pipeline\Pipeline.php(219): Illuminate\Http\Middleware\ValidatePostSize->handle(Object(Illuminate\Http\Request), Object(Closure))
#28 C:\Users\Matheus\Desktop\box1111\PROJETO BOX11 V 1.0\backend\vendor\laravel\framework\src\Illuminate\Foundation\Http\Middleware\PreventRequestsDuringMaintenance.php(109): Illuminate\Pipeline\Pipeline->Illuminate\Pipeline\{closure}(Object(Illuminate\Http\Request))
#29 C:\Users\Matheus\Desktop\box1111\PROJETO BOX11 V 1.0\backend\vendor\laravel\framework\src\Illuminate\Pipeline\Pipeline.php(219): Illuminate\Foundation\Http\Middleware\PreventRequestsDuringMaintenance->handle(Object(Illuminate\Http\Request), Object(Closure))
#30 C:\Users\Matheus\Desktop\box1111\PROJETO BOX11 V 1.0\backend\vendor\laravel\framework\src\Illuminate\Http\Middleware\HandleCors.php(74): Illuminate\Pipeline\Pipeline->Illuminate\Pipeline\{closure}(Object(Illuminate\Http\Request))
#31 C:\Users\Matheus\Desktop\box1111\PROJETO BOX11 V 1.0\backend\vendor\laravel\framework\src\Illuminate\Pipeline\Pipeline.php(219): Illuminate\Http\Middleware\HandleCors->handle(Object(Illuminate\Http\Request), Object(Closure))
#32 C:\Users\Matheus\Desktop\box1111\PROJETO BOX11 V 1.0\backend\vendor\laravel\framework\src\Illuminate\Http\Middleware\TrustProxies.php(58): Illuminate\Pipeline\Pipeline->Illuminate\Pipeline\{closure}(Object(Illuminate\Http\Request))
#33 C:\Users\Matheus\Desktop\box1111\PROJETO BOX11 V 1.0\backend\vendor\laravel\framework\src\Illuminate\Pipeline\Pipeline.php(219): Illuminate\Http\Middleware\TrustProxies->handle(Object(Illuminate\Http\Request), Object(Closure))
#34 C:\Users\Matheus\Desktop\box1111\PROJETO BOX11 V 1.0\backend\vendor\laravel\framework\src\Illuminate\Foundation\Http\Middleware\InvokeDeferredCallbacks.php(22): Illuminate\Pipeline\Pipeline->Illuminate\Pipeline\{closure}(Object(Illuminate\Http\Request))
#35 C:\Users\Matheus\Desktop\box1111\PROJETO BOX11 V 1.0\backend\vendor\laravel\framework\src\Illuminate\Pipeline\Pipeline.php(219): Illuminate\Foundation\Http\Middleware\InvokeDeferredCallbacks->handle(Object(Illuminate\Http\Request), Object(Closure))
#36 C:\Users\Matheus\Desktop\box1111\PROJETO BOX11 V 1.0\backend\vendor\laravel\framework\src\Illuminate\Http\Middleware\ValidatePathEncoding.php(26): Illuminate\Pipeline\Pipeline->Illuminate\Pipeline\{closure}(Object(Illuminate\Http\Request))
#37 C:\Users\Matheus\Desktop\box1111\PROJETO BOX11 V 1.0\backend\vendor\laravel\framework\src\Illuminate\Pipeline\Pipeline.php(219): Illuminate\Http\Middleware\ValidatePathEncoding->handle(Object(Illuminate\Http\Request), Object(Closure))
#38 C:\Users\Matheus\Desktop\box1111\PROJETO BOX11 V 1.0\backend\vendor\laravel\framework\src\Illuminate\Pipeline\Pipeline.php(137): Illuminate\Pipeline\Pipeline->Illuminate\Pipeline\{closure}(Object(Illuminate\Http\Request))
#39 C:\Users\Matheus\Desktop\box1111\PROJETO BOX11 V 1.0\backend\vendor\laravel\framework\src\Illuminate\Foundation\Http\Kernel.php(175): Illuminate\Pipeline\Pipeline->then(Object(Closure))
#40 C:\Users\Matheus\Desktop\box1111\PROJETO BOX11 V 1.0\backend\vendor\laravel\framework\src\Illuminate\Foundation\Http\Kernel.php(144): Illuminate\Foundation\Http\Kernel->sendRequestThroughRouter(Object(Illuminate\Http\Request))
#41 C:\Users\Matheus\Desktop\box1111\PROJETO BOX11 V 1.0\backend\vendor\laravel\framework\src\Illuminate\Foundation\Testing\Concerns\MakesHttpRequests.php(607): Illuminate\Foundation\Http\Kernel->handle(Object(Illuminate\Http\Request))
#42 C:\Users\Matheus\Desktop\box1111\PROJETO BOX11 V 1.0\backend\vendor\laravel\framework\src\Illuminate\Foundation\Testing\Concerns\MakesHttpRequests.php(573): Illuminate\Foundation\Testing\TestCase->call('POST', '/api/reviews', Array, Array, Array, Array, '{"reservation_i...')
#43 C:\Users\Matheus\Desktop\box1111\PROJETO BOX11 V 1.0\backend\vendor\laravel\framework\src\Illuminate\Foundation\Testing\Concerns\MakesHttpRequests.php(411): Illuminate\Foundation\Testing\TestCase->json('POST', '/api/reviews', Array, Array, 0)
#44 C:\Users\Matheus\Desktop\box1111\PROJETO BOX11 V 1.0\backend\tests\Integration\ApiIntegrationTest.php(313): Illuminate\Foundation\Testing\TestCase->postJson('/api/reviews', Array, Array)
#45 C:\Users\Matheus\Desktop\box1111\PROJETO BOX11 V 1.0\backend\vendor\phpunit\phpunit\src\Framework\TestCase.php(1667): Tests\Integration\ApiIntegrationTest->test_create_review_after_completion()
#46 C:\Users\Matheus\Desktop\box1111\PROJETO BOX11 V 1.0\backend\vendor\phpunit\phpunit\src\Framework\TestCase.php(519): PHPUnit\Framework\TestCase->runTest()
#47 C:\Users\Matheus\Desktop\box1111\PROJETO BOX11 V 1.0\backend\vendor\phpunit\phpunit\src\Framework\TestRunner\TestRunner.php(87): PHPUnit\Framework\TestCase->runBare()
#48 C:\Users\Matheus\Desktop\box1111\PROJETO BOX11 V 1.0\backend\vendor\phpunit\phpunit\src\Framework\TestCase.php(365): PHPUnit\Framework\TestRunner->run(Object(Tests\Integration\ApiIntegrationTest))
#49 C:\Users\Matheus\Desktop\box1111\PROJETO BOX11 V 1.0\backend\vendor\phpunit\phpunit\src\Framework\TestSuite.php(369): PHPUnit\Framework\TestCase->run()
#50 C:\Users\Matheus\Desktop\box1111\PROJETO BOX11 V 1.0\backend\vendor\phpunit\phpunit\src\TextUI\TestRunner.php(64): PHPUnit\Framework\TestSuite->run()
#51 C:\Users\Matheus\Desktop\box1111\PROJETO BOX11 V 1.0\backend\vendor\phpunit\phpunit\src\TextUI\Application.php(211): PHPUnit\TextUI\TestRunner->run(Object(PHPUnit\TextUI\Configuration\Configuration), Object(PHPUnit\Runner\ResultCache\DefaultResultCache), Object(PHPUnit\Framework\TestSuite))
#52 C:\Users\Matheus\Desktop\box1111\PROJETO BOX11 V 1.0\backend\vendor\phpunit\phpunit\phpunit(104): PHPUnit\TextUI\Application->run(Array)
#53 {main}

----------------------------------------------------------------------------------

Auth guard [sanctum] is not defined.

  at tests\Integration\ApiIntegrationTest.php:320
    316Ôûò             'rating' => 5,
    317Ôûò             'comment' => 'Amazing property! Highly recommended.'
    318Ôûò         ], ['Authorization' => $this->token]);
    319Ôûò 
  Ô×£ 320Ôûò         $response->assertCreated()
    321Ôûò             ->assertJsonPath('rating', 5)
    322Ôûò             ->assertJsonPath('review_type', 'guest_to_property');
    323Ôûò 
    324Ôûò         $this->assertDatabaseHas('reviews', [

  ÔöÇÔöÇÔöÇÔöÇÔöÇÔöÇÔöÇÔöÇÔöÇÔöÇÔöÇÔöÇÔöÇÔöÇÔöÇÔöÇÔöÇÔöÇÔöÇÔöÇÔöÇÔöÇÔöÇÔöÇÔöÇÔöÇÔöÇÔöÇÔöÇÔöÇÔöÇÔöÇÔöÇÔöÇÔöÇÔöÇÔöÇÔöÇÔöÇÔöÇÔöÇÔöÇÔöÇÔöÇÔöÇÔöÇÔöÇÔöÇÔöÇÔöÇÔöÇÔöÇÔöÇÔöÇÔöÇÔöÇÔöÇÔöÇÔöÇÔöÇÔöÇÔöÇÔöÇÔöÇÔöÇÔöÇÔöÇÔöÇÔöÇÔöÇÔöÇÔöÇÔöÇÔöÇÔöÇÔöÇ  
   FAILED  Tests\Integration\ApiIntegrationTest > cannot review incomplete rÔÇª   
  Expected response status code [400] but received 500.
Failed asserting that 500 is identical to 400.

The following exception occurred during the last request:

InvalidArgumentException: Auth guard [sanctum] is not defined. in C:\Users\Matheus\Desktop\box1111\PROJETO BOX11 V 1.0\backend\vendor\laravel\framework\src\Illuminate\Auth\AuthManager.php:85
Stack trace:
#0 C:\Users\Matheus\Desktop\box1111\PROJETO BOX11 V 1.0\backend\vendor\laravel\framework\src\Illuminate\Auth\AuthManager.php(69): Illuminate\Auth\AuthManager->resolve('sanctum')
#1 C:\Users\Matheus\Desktop\box1111\PROJETO BOX11 V 1.0\backend\vendor\laravel\framework\src\Illuminate\Auth\Middleware\Authenticate.php(82): Illuminate\Auth\AuthManager->guard('sanctum')
#2 C:\Users\Matheus\Desktop\box1111\PROJETO BOX11 V 1.0\backend\vendor\laravel\framework\src\Illuminate\Auth\Middleware\Authenticate.php(61): Illuminate\Auth\Middleware\Authenticate->authenticate(Object(Illuminate\Http\Request), Array)
#3 C:\Users\Matheus\Desktop\box1111\PROJETO BOX11 V 1.0\backend\vendor\laravel\framework\src\Illuminate\Pipeline\Pipeline.php(219): Illuminate\Auth\Middleware\Authenticate->handle(Object(Illuminate\Http\Request), Object(Closure), 'sanctum')
#4 C:\Users\Matheus\Desktop\box1111\PROJETO BOX11 V 1.0\backend\vendor\laravel\framework\src\Illuminate\Pipeline\Pipeline.php(137): Illuminate\Pipeline\Pipeline->Illuminate\Pipeline\{closure}(Object(Illuminate\Http\Request))
#5 C:\Users\Matheus\Desktop\box1111\PROJETO BOX11 V 1.0\backend\vendor\laravel\framework\src\Illuminate\Routing\Router.php(821): Illuminate\Pipeline\Pipeline->then(Object(Closure))
#6 C:\Users\Matheus\Desktop\box1111\PROJETO BOX11 V 1.0\backend\vendor\laravel\framework\src\Illuminate\Routing\Router.php(800): Illuminate\Routing\Router->runRouteWithinStack(Object(Illuminate\Routing\Route), Object(Illuminate\Http\Request))
#7 C:\Users\Matheus\Desktop\box1111\PROJETO BOX11 V 1.0\backend\vendor\laravel\framework\src\Illuminate\Routing\Router.php(764): Illuminate\Routing\Router->runRoute(Object(Illuminate\Http\Request), Object(Illuminate\Routing\Route))
#8 C:\Users\Matheus\Desktop\box1111\PROJETO BOX11 V 1.0\backend\vendor\laravel\framework\src\Illuminate\Routing\Router.php(753): Illuminate\Routing\Router->dispatchToRoute(Object(Illuminate\Http\Request))
#9 C:\Users\Matheus\Desktop\box1111\PROJETO BOX11 V 1.0\backend\vendor\laravel\framework\src\Illuminate\Foundation\Http\Kernel.php(200): Illuminate\Routing\Router->dispatch(Object(Illuminate\Http\Request))
#10 C:\Users\Matheus\Desktop\box1111\PROJETO BOX11 V 1.0\backend\vendor\laravel\framework\src\Illuminate\Pipeline\Pipeline.php(180): Illuminate\Foundation\Http\Kernel->Illuminate\Foundation\Http\{closure}(Object(Illuminate\Http\Request))
#11 C:\Users\Matheus\Desktop\box1111\PROJETO BOX11 V 1.0\backend\vendor\laravel\framework\src\Illuminate\Foundation\Http\Middleware\VerifyCsrfToken.php(87): Illuminate\Pipeline\Pipeline->Illuminate\Pipeline\{closure}(Object(Illuminate\Http\Request))
#12 C:\Users\Matheus\Desktop\box1111\PROJETO BOX11 V 1.0\backend\vendor\laravel\framework\src\Illuminate\Pipeline\Pipeline.php(219): Illuminate\Foundation\Http\Middleware\VerifyCsrfToken->handle(Object(Illuminate\Http\Request), Object(Closure))
#13 C:\Users\Matheus\Desktop\box1111\PROJETO BOX11 V 1.0\backend\vendor\laravel\framework\src\Illuminate\View\Middleware\ShareErrorsFromSession.php(48): Illuminate\Pipeline\Pipeline->Illuminate\Pipeline\{closure}(Object(Illuminate\Http\Request))
#14 C:\Users\Matheus\Desktop\box1111\PROJETO BOX11 V 1.0\backend\vendor\laravel\framework\src\Illuminate\Pipeline\Pipeline.php(219): Illuminate\View\Middleware\ShareErrorsFromSession->handle(Object(Illuminate\Http\Request), Object(Closure))
#15 C:\Users\Matheus\Desktop\box1111\PROJETO BOX11 V 1.0\backend\vendor\laravel\framework\src\Illuminate\Session\Middleware\StartSession.php(120): Illuminate\Pipeline\Pipeline->Illuminate\Pipeline\{closure}(Object(Illuminate\Http\Request))
#16 C:\Users\Matheus\Desktop\box1111\PROJETO BOX11 V 1.0\backend\vendor\laravel\framework\src\Illuminate\Session\Middleware\StartSession.php(63): Illuminate\Session\Middleware\StartSession->handleStatefulRequest(Object(Illuminate\Http\Request), Object(Illuminate\Session\Store), Object(Closure))
#17 C:\Users\Matheus\Desktop\box1111\PROJETO BOX11 V 1.0\backend\vendor\laravel\framework\src\Illuminate\Pipeline\Pipeline.php(219): Illuminate\Session\Middleware\StartSession->handle(Object(Illuminate\Http\Request), Object(Closure))
#18 C:\Users\Matheus\Desktop\box1111\PROJETO BOX11 V 1.0\backend\vendor\laravel\framework\src\Illuminate\Cookie\Middleware\EncryptCookies.php(74): Illuminate\Pipeline\Pipeline->Illuminate\Pipeline\{closure}(Object(Illuminate\Http\Request))
#19 C:\Users\Matheus\Desktop\box1111\PROJETO BOX11 V 1.0\backend\vendor\laravel\framework\src\Illuminate\Pipeline\Pipeline.php(219): Illuminate\Cookie\Middleware\EncryptCookies->handle(Object(Illuminate\Http\Request), Object(Closure))
#20 C:\Users\Matheus\Desktop\box1111\PROJETO BOX11 V 1.0\backend\vendor\laravel\framework\src\Illuminate\Foundation\Http\Middleware\TransformsRequest.php(21): Illuminate\Pipeline\Pipeline->Illuminate\Pipeline\{closure}(Object(Illuminate\Http\Request))
#21 C:\Users\Matheus\Desktop\box1111\PROJETO BOX11 V 1.0\backend\vendor\laravel\framework\src\Illuminate\Foundation\Http\Middleware\ConvertEmptyStringsToNull.php(31): Illuminate\Foundation\Http\Middleware\TransformsRequest->handle(Object(Illuminate\Http\Request), Object(Closure))
#22 C:\Users\Matheus\Desktop\box1111\PROJETO BOX11 V 1.0\backend\vendor\laravel\framework\src\Illuminate\Pipeline\Pipeline.php(219): Illuminate\Foundation\Http\Middleware\ConvertEmptyStringsToNull->handle(Object(Illuminate\Http\Request), Object(Closure))
#23 C:\Users\Matheus\Desktop\box1111\PROJETO BOX11 V 1.0\backend\vendor\laravel\framework\src\Illuminate\Foundation\Http\Middleware\TransformsRequest.php(21): Illuminate\Pipeline\Pipeline->Illuminate\Pipeline\{closure}(Object(Illuminate\Http\Request))
#24 C:\Users\Matheus\Desktop\box1111\PROJETO BOX11 V 1.0\backend\vendor\laravel\framework\src\Illuminate\Foundation\Http\Middleware\TrimStrings.php(51): Illuminate\Foundation\Http\Middleware\TransformsRequest->handle(Object(Illuminate\Http\Request), Object(Closure))
#25 C:\Users\Matheus\Desktop\box1111\PROJETO BOX11 V 1.0\backend\vendor\laravel\framework\src\Illuminate\Pipeline\Pipeline.php(219): Illuminate\Foundation\Http\Middleware\TrimStrings->handle(Object(Illuminate\Http\Request), Object(Closure))
#26 C:\Users\Matheus\Desktop\box1111\PROJETO BOX11 V 1.0\backend\vendor\laravel\framework\src\Illuminate\Http\Middleware\ValidatePostSize.php(27): Illuminate\Pipeline\Pipeline->Illuminate\Pipeline\{closure}(Object(Illuminate\Http\Request))
#27 C:\Users\Matheus\Desktop\box1111\PROJETO BOX11 V 1.0\backend\vendor\laravel\framework\src\Illuminate\Pipeline\Pipeline.php(219): Illuminate\Http\Middleware\ValidatePostSize->handle(Object(Illuminate\Http\Request), Object(Closure))
#28 C:\Users\Matheus\Desktop\box1111\PROJETO BOX11 V 1.0\backend\vendor\laravel\framework\src\Illuminate\Foundation\Http\Middleware\PreventRequestsDuringMaintenance.php(109): Illuminate\Pipeline\Pipeline->Illuminate\Pipeline\{closure}(Object(Illuminate\Http\Request))
#29 C:\Users\Matheus\Desktop\box1111\PROJETO BOX11 V 1.0\backend\vendor\laravel\framework\src\Illuminate\Pipeline\Pipeline.php(219): Illuminate\Foundation\Http\Middleware\PreventRequestsDuringMaintenance->handle(Object(Illuminate\Http\Request), Object(Closure))
#30 C:\Users\Matheus\Desktop\box1111\PROJETO BOX11 V 1.0\backend\vendor\laravel\framework\src\Illuminate\Http\Middleware\HandleCors.php(74): Illuminate\Pipeline\Pipeline->Illuminate\Pipeline\{closure}(Object(Illuminate\Http\Request))
#31 C:\Users\Matheus\Desktop\box1111\PROJETO BOX11 V 1.0\backend\vendor\laravel\framework\src\Illuminate\Pipeline\Pipeline.php(219): Illuminate\Http\Middleware\HandleCors->handle(Object(Illuminate\Http\Request), Object(Closure))
#32 C:\Users\Matheus\Desktop\box1111\PROJETO BOX11 V 1.0\backend\vendor\laravel\framework\src\Illuminate\Http\Middleware\TrustProxies.php(58): Illuminate\Pipeline\Pipeline->Illuminate\Pipeline\{closure}(Object(Illuminate\Http\Request))
#33 C:\Users\Matheus\Desktop\box1111\PROJETO BOX11 V 1.0\backend\vendor\laravel\framework\src\Illuminate\Pipeline\Pipeline.php(219): Illuminate\Http\Middleware\TrustProxies->handle(Object(Illuminate\Http\Request), Object(Closure))
#34 C:\Users\Matheus\Desktop\box1111\PROJETO BOX11 V 1.0\backend\vendor\laravel\framework\src\Illuminate\Foundation\Http\Middleware\InvokeDeferredCallbacks.php(22): Illuminate\Pipeline\Pipeline->Illuminate\Pipeline\{closure}(Object(Illuminate\Http\Request))
#35 C:\Users\Matheus\Desktop\box1111\PROJETO BOX11 V 1.0\backend\vendor\laravel\framework\src\Illuminate\Pipeline\Pipeline.php(219): Illuminate\Foundation\Http\Middleware\InvokeDeferredCallbacks->handle(Object(Illuminate\Http\Request), Object(Closure))
#36 C:\Users\Matheus\Desktop\box1111\PROJETO BOX11 V 1.0\backend\vendor\laravel\framework\src\Illuminate\Http\Middleware\ValidatePathEncoding.php(26): Illuminate\Pipeline\Pipeline->Illuminate\Pipeline\{closure}(Object(Illuminate\Http\Request))
#37 C:\Users\Matheus\Desktop\box1111\PROJETO BOX11 V 1.0\backend\vendor\laravel\framework\src\Illuminate\Pipeline\Pipeline.php(219): Illuminate\Http\Middleware\ValidatePathEncoding->handle(Object(Illuminate\Http\Request), Object(Closure))
#38 C:\Users\Matheus\Desktop\box1111\PROJETO BOX11 V 1.0\backend\vendor\laravel\framework\src\Illuminate\Pipeline\Pipeline.php(137): Illuminate\Pipeline\Pipeline->Illuminate\Pipeline\{closure}(Object(Illuminate\Http\Request))
#39 C:\Users\Matheus\Desktop\box1111\PROJETO BOX11 V 1.0\backend\vendor\laravel\framework\src\Illuminate\Foundation\Http\Kernel.php(175): Illuminate\Pipeline\Pipeline->then(Object(Closure))
#40 C:\Users\Matheus\Desktop\box1111\PROJETO BOX11 V 1.0\backend\vendor\laravel\framework\src\Illuminate\Foundation\Http\Kernel.php(144): Illuminate\Foundation\Http\Kernel->sendRequestThroughRouter(Object(Illuminate\Http\Request))
#41 C:\Users\Matheus\Desktop\box1111\PROJETO BOX11 V 1.0\backend\vendor\laravel\framework\src\Illuminate\Foundation\Testing\Concerns\MakesHttpRequests.php(607): Illuminate\Foundation\Http\Kernel->handle(Object(Illuminate\Http\Request))
#42 C:\Users\Matheus\Desktop\box1111\PROJETO BOX11 V 1.0\backend\vendor\laravel\framework\src\Illuminate\Foundation\Testing\Concerns\MakesHttpRequests.php(573): Illuminate\Foundation\Testing\TestCase->call('POST', '/api/reviews', Array, Array, Array, Array, '{"reservation_i...')
#43 C:\Users\Matheus\Desktop\box1111\PROJETO BOX11 V 1.0\backend\vendor\laravel\framework\src\Illuminate\Foundation\Testing\Concerns\MakesHttpRequests.php(411): Illuminate\Foundation\Testing\TestCase->json('POST', '/api/reviews', Array, Array, 0)
#44 C:\Users\Matheus\Desktop\box1111\PROJETO BOX11 V 1.0\backend\tests\Integration\ApiIntegrationTest.php(338): Illuminate\Foundation\Testing\TestCase->postJson('/api/reviews', Array, Array)
#45 C:\Users\Matheus\Desktop\box1111\PROJETO BOX11 V 1.0\backend\vendor\phpunit\phpunit\src\Framework\TestCase.php(1667): Tests\Integration\ApiIntegrationTest->test_cannot_review_incomplete_reservation()
#46 C:\Users\Matheus\Desktop\box1111\PROJETO BOX11 V 1.0\backend\vendor\phpunit\phpunit\src\Framework\TestCase.php(519): PHPUnit\Framework\TestCase->runTest()
#47 C:\Users\Matheus\Desktop\box1111\PROJETO BOX11 V 1.0\backend\vendor\phpunit\phpunit\src\Framework\TestRunner\TestRunner.php(87): PHPUnit\Framework\TestCase->runBare()
#48 C:\Users\Matheus\Desktop\box1111\PROJETO BOX11 V 1.0\backend\vendor\phpunit\phpunit\src\Framework\TestCase.php(365): PHPUnit\Framework\TestRunner->run(Object(Tests\Integration\ApiIntegrationTest))
#49 C:\Users\Matheus\Desktop\box1111\PROJETO BOX11 V 1.0\backend\vendor\phpunit\phpunit\src\Framework\TestSuite.php(369): PHPUnit\Framework\TestCase->run()
#50 C:\Users\Matheus\Desktop\box1111\PROJETO BOX11 V 1.0\backend\vendor\phpunit\phpunit\src\TextUI\TestRunner.php(64): PHPUnit\Framework\TestSuite->run()
#51 C:\Users\Matheus\Desktop\box1111\PROJETO BOX11 V 1.0\backend\vendor\phpunit\phpunit\src\TextUI\Application.php(211): PHPUnit\TextUI\TestRunner->run(Object(PHPUnit\TextUI\Configuration\Configuration), Object(PHPUnit\Runner\ResultCache\DefaultResultCache), Object(PHPUnit\Framework\TestSuite))
#52 C:\Users\Matheus\Desktop\box1111\PROJETO BOX11 V 1.0\backend\vendor\phpunit\phpunit\phpunit(104): PHPUnit\TextUI\Application->run(Array)
#53 {main}

----------------------------------------------------------------------------------

Auth guard [sanctum] is not defined.

  at tests\Integration\ApiIntegrationTest.php:345
    341Ôûò             'rating' => 5,
    342Ôûò             'comment' => 'Test'
    343Ôûò         ], ['Authorization' => $this->token]);
    344Ôûò 
  Ô×£ 345Ôûò         $response->assertBadRequest();
    346Ôûò     }
    347Ôûò 
    348Ôûò     /** @test */
    349Ôûò     public function test_add_property_to_favorites()

  ÔöÇÔöÇÔöÇÔöÇÔöÇÔöÇÔöÇÔöÇÔöÇÔöÇÔöÇÔöÇÔöÇÔöÇÔöÇÔöÇÔöÇÔöÇÔöÇÔöÇÔöÇÔöÇÔöÇÔöÇÔöÇÔöÇÔöÇÔöÇÔöÇÔöÇÔöÇÔöÇÔöÇÔöÇÔöÇÔöÇÔöÇÔöÇÔöÇÔöÇÔöÇÔöÇÔöÇÔöÇÔöÇÔöÇÔöÇÔöÇÔöÇÔöÇÔöÇÔöÇÔöÇÔöÇÔöÇÔöÇÔöÇÔöÇÔöÇÔöÇÔöÇÔöÇÔöÇÔöÇÔöÇÔöÇÔöÇÔöÇÔöÇÔöÇÔöÇÔöÇÔöÇÔöÇÔöÇÔöÇ  
   FAILED  Tests\Integration\ApiIntegrationTest > add property to favorites     
  Expected response status code [201] but received 500.
Failed asserting that 500 is identical to 201.

The following exception occurred during the last request:

InvalidArgumentException: Auth guard [sanctum] is not defined. in C:\Users\Matheus\Desktop\box1111\PROJETO BOX11 V 1.0\backend\vendor\laravel\framework\src\Illuminate\Auth\AuthManager.php:85
Stack trace:
#0 C:\Users\Matheus\Desktop\box1111\PROJETO BOX11 V 1.0\backend\vendor\laravel\framework\src\Illuminate\Auth\AuthManager.php(69): Illuminate\Auth\AuthManager->resolve('sanctum')
#1 C:\Users\Matheus\Desktop\box1111\PROJETO BOX11 V 1.0\backend\vendor\laravel\framework\src\Illuminate\Auth\Middleware\Authenticate.php(82): Illuminate\Auth\AuthManager->guard('sanctum')
#2 C:\Users\Matheus\Desktop\box1111\PROJETO BOX11 V 1.0\backend\vendor\laravel\framework\src\Illuminate\Auth\Middleware\Authenticate.php(61): Illuminate\Auth\Middleware\Authenticate->authenticate(Object(Illuminate\Http\Request), Array)
#3 C:\Users\Matheus\Desktop\box1111\PROJETO BOX11 V 1.0\backend\vendor\laravel\framework\src\Illuminate\Pipeline\Pipeline.php(219): Illuminate\Auth\Middleware\Authenticate->handle(Object(Illuminate\Http\Request), Object(Closure), 'sanctum')
#4 C:\Users\Matheus\Desktop\box1111\PROJETO BOX11 V 1.0\backend\vendor\laravel\framework\src\Illuminate\Pipeline\Pipeline.php(137): Illuminate\Pipeline\Pipeline->Illuminate\Pipeline\{closure}(Object(Illuminate\Http\Request))
#5 C:\Users\Matheus\Desktop\box1111\PROJETO BOX11 V 1.0\backend\vendor\laravel\framework\src\Illuminate\Routing\Router.php(821): Illuminate\Pipeline\Pipeline->then(Object(Closure))
#6 C:\Users\Matheus\Desktop\box1111\PROJETO BOX11 V 1.0\backend\vendor\laravel\framework\src\Illuminate\Routing\Router.php(800): Illuminate\Routing\Router->runRouteWithinStack(Object(Illuminate\Routing\Route), Object(Illuminate\Http\Request))
#7 C:\Users\Matheus\Desktop\box1111\PROJETO BOX11 V 1.0\backend\vendor\laravel\framework\src\Illuminate\Routing\Router.php(764): Illuminate\Routing\Router->runRoute(Object(Illuminate\Http\Request), Object(Illuminate\Routing\Route))
#8 C:\Users\Matheus\Desktop\box1111\PROJETO BOX11 V 1.0\backend\vendor\laravel\framework\src\Illuminate\Routing\Router.php(753): Illuminate\Routing\Router->dispatchToRoute(Object(Illuminate\Http\Request))
#9 C:\Users\Matheus\Desktop\box1111\PROJETO BOX11 V 1.0\backend\vendor\laravel\framework\src\Illuminate\Foundation\Http\Kernel.php(200): Illuminate\Routing\Router->dispatch(Object(Illuminate\Http\Request))
#10 C:\Users\Matheus\Desktop\box1111\PROJETO BOX11 V 1.0\backend\vendor\laravel\framework\src\Illuminate\Pipeline\Pipeline.php(180): Illuminate\Foundation\Http\Kernel->Illuminate\Foundation\Http\{closure}(Object(Illuminate\Http\Request))
#11 C:\Users\Matheus\Desktop\box1111\PROJETO BOX11 V 1.0\backend\vendor\laravel\framework\src\Illuminate\Foundation\Http\Middleware\VerifyCsrfToken.php(87): Illuminate\Pipeline\Pipeline->Illuminate\Pipeline\{closure}(Object(Illuminate\Http\Request))
#12 C:\Users\Matheus\Desktop\box1111\PROJETO BOX11 V 1.0\backend\vendor\laravel\framework\src\Illuminate\Pipeline\Pipeline.php(219): Illuminate\Foundation\Http\Middleware\VerifyCsrfToken->handle(Object(Illuminate\Http\Request), Object(Closure))
#13 C:\Users\Matheus\Desktop\box1111\PROJETO BOX11 V 1.0\backend\vendor\laravel\framework\src\Illuminate\View\Middleware\ShareErrorsFromSession.php(48): Illuminate\Pipeline\Pipeline->Illuminate\Pipeline\{closure}(Object(Illuminate\Http\Request))
#14 C:\Users\Matheus\Desktop\box1111\PROJETO BOX11 V 1.0\backend\vendor\laravel\framework\src\Illuminate\Pipeline\Pipeline.php(219): Illuminate\View\Middleware\ShareErrorsFromSession->handle(Object(Illuminate\Http\Request), Object(Closure))
#15 C:\Users\Matheus\Desktop\box1111\PROJETO BOX11 V 1.0\backend\vendor\laravel\framework\src\Illuminate\Session\Middleware\StartSession.php(120): Illuminate\Pipeline\Pipeline->Illuminate\Pipeline\{closure}(Object(Illuminate\Http\Request))
#16 C:\Users\Matheus\Desktop\box1111\PROJETO BOX11 V 1.0\backend\vendor\laravel\framework\src\Illuminate\Session\Middleware\StartSession.php(63): Illuminate\Session\Middleware\StartSession->handleStatefulRequest(Object(Illuminate\Http\Request), Object(Illuminate\Session\Store), Object(Closure))
#17 C:\Users\Matheus\Desktop\box1111\PROJETO BOX11 V 1.0\backend\vendor\laravel\framework\src\Illuminate\Pipeline\Pipeline.php(219): Illuminate\Session\Middleware\StartSession->handle(Object(Illuminate\Http\Request), Object(Closure))
#18 C:\Users\Matheus\Desktop\box1111\PROJETO BOX11 V 1.0\backend\vendor\laravel\framework\src\Illuminate\Cookie\Middleware\EncryptCookies.php(74): Illuminate\Pipeline\Pipeline->Illuminate\Pipeline\{closure}(Object(Illuminate\Http\Request))
#19 C:\Users\Matheus\Desktop\box1111\PROJETO BOX11 V 1.0\backend\vendor\laravel\framework\src\Illuminate\Pipeline\Pipeline.php(219): Illuminate\Cookie\Middleware\EncryptCookies->handle(Object(Illuminate\Http\Request), Object(Closure))
#20 C:\Users\Matheus\Desktop\box1111\PROJETO BOX11 V 1.0\backend\vendor\laravel\framework\src\Illuminate\Foundation\Http\Middleware\TransformsRequest.php(21): Illuminate\Pipeline\Pipeline->Illuminate\Pipeline\{closure}(Object(Illuminate\Http\Request))
#21 C:\Users\Matheus\Desktop\box1111\PROJETO BOX11 V 1.0\backend\vendor\laravel\framework\src\Illuminate\Foundation\Http\Middleware\ConvertEmptyStringsToNull.php(31): Illuminate\Foundation\Http\Middleware\TransformsRequest->handle(Object(Illuminate\Http\Request), Object(Closure))
#22 C:\Users\Matheus\Desktop\box1111\PROJETO BOX11 V 1.0\backend\vendor\laravel\framework\src\Illuminate\Pipeline\Pipeline.php(219): Illuminate\Foundation\Http\Middleware\ConvertEmptyStringsToNull->handle(Object(Illuminate\Http\Request), Object(Closure))
#23 C:\Users\Matheus\Desktop\box1111\PROJETO BOX11 V 1.0\backend\vendor\laravel\framework\src\Illuminate\Foundation\Http\Middleware\TransformsRequest.php(21): Illuminate\Pipeline\Pipeline->Illuminate\Pipeline\{closure}(Object(Illuminate\Http\Request))
#24 C:\Users\Matheus\Desktop\box1111\PROJETO BOX11 V 1.0\backend\vendor\laravel\framework\src\Illuminate\Foundation\Http\Middleware\TrimStrings.php(51): Illuminate\Foundation\Http\Middleware\TransformsRequest->handle(Object(Illuminate\Http\Request), Object(Closure))
#25 C:\Users\Matheus\Desktop\box1111\PROJETO BOX11 V 1.0\backend\vendor\laravel\framework\src\Illuminate\Pipeline\Pipeline.php(219): Illuminate\Foundation\Http\Middleware\TrimStrings->handle(Object(Illuminate\Http\Request), Object(Closure))
#26 C:\Users\Matheus\Desktop\box1111\PROJETO BOX11 V 1.0\backend\vendor\laravel\framework\src\Illuminate\Http\Middleware\ValidatePostSize.php(27): Illuminate\Pipeline\Pipeline->Illuminate\Pipeline\{closure}(Object(Illuminate\Http\Request))
#27 C:\Users\Matheus\Desktop\box1111\PROJETO BOX11 V 1.0\backend\vendor\laravel\framework\src\Illuminate\Pipeline\Pipeline.php(219): Illuminate\Http\Middleware\ValidatePostSize->handle(Object(Illuminate\Http\Request), Object(Closure))
#28 C:\Users\Matheus\Desktop\box1111\PROJETO BOX11 V 1.0\backend\vendor\laravel\framework\src\Illuminate\Foundation\Http\Middleware\PreventRequestsDuringMaintenance.php(109): Illuminate\Pipeline\Pipeline->Illuminate\Pipeline\{closure}(Object(Illuminate\Http\Request))
#29 C:\Users\Matheus\Desktop\box1111\PROJETO BOX11 V 1.0\backend\vendor\laravel\framework\src\Illuminate\Pipeline\Pipeline.php(219): Illuminate\Foundation\Http\Middleware\PreventRequestsDuringMaintenance->handle(Object(Illuminate\Http\Request), Object(Closure))
#30 C:\Users\Matheus\Desktop\box1111\PROJETO BOX11 V 1.0\backend\vendor\laravel\framework\src\Illuminate\Http\Middleware\HandleCors.php(74): Illuminate\Pipeline\Pipeline->Illuminate\Pipeline\{closure}(Object(Illuminate\Http\Request))
#31 C:\Users\Matheus\Desktop\box1111\PROJETO BOX11 V 1.0\backend\vendor\laravel\framework\src\Illuminate\Pipeline\Pipeline.php(219): Illuminate\Http\Middleware\HandleCors->handle(Object(Illuminate\Http\Request), Object(Closure))
#32 C:\Users\Matheus\Desktop\box1111\PROJETO BOX11 V 1.0\backend\vendor\laravel\framework\src\Illuminate\Http\Middleware\TrustProxies.php(58): Illuminate\Pipeline\Pipeline->Illuminate\Pipeline\{closure}(Object(Illuminate\Http\Request))
#33 C:\Users\Matheus\Desktop\box1111\PROJETO BOX11 V 1.0\backend\vendor\laravel\framework\src\Illuminate\Pipeline\Pipeline.php(219): Illuminate\Http\Middleware\TrustProxies->handle(Object(Illuminate\Http\Request), Object(Closure))
#34 C:\Users\Matheus\Desktop\box1111\PROJETO BOX11 V 1.0\backend\vendor\laravel\framework\src\Illuminate\Foundation\Http\Middleware\InvokeDeferredCallbacks.php(22): Illuminate\Pipeline\Pipeline->Illuminate\Pipeline\{closure}(Object(Illuminate\Http\Request))
#35 C:\Users\Matheus\Desktop\box1111\PROJETO BOX11 V 1.0\backend\vendor\laravel\framework\src\Illuminate\Pipeline\Pipeline.php(219): Illuminate\Foundation\Http\Middleware\InvokeDeferredCallbacks->handle(Object(Illuminate\Http\Request), Object(Closure))
#36 C:\Users\Matheus\Desktop\box1111\PROJETO BOX11 V 1.0\backend\vendor\laravel\framework\src\Illuminate\Http\Middleware\ValidatePathEncoding.php(26): Illuminate\Pipeline\Pipeline->Illuminate\Pipeline\{closure}(Object(Illuminate\Http\Request))
#37 C:\Users\Matheus\Desktop\box1111\PROJETO BOX11 V 1.0\backend\vendor\laravel\framework\src\Illuminate\Pipeline\Pipeline.php(219): Illuminate\Http\Middleware\ValidatePathEncoding->handle(Object(Illuminate\Http\Request), Object(Closure))
#38 C:\Users\Matheus\Desktop\box1111\PROJETO BOX11 V 1.0\backend\vendor\laravel\framework\src\Illuminate\Pipeline\Pipeline.php(137): Illuminate\Pipeline\Pipeline->Illuminate\Pipeline\{closure}(Object(Illuminate\Http\Request))
#39 C:\Users\Matheus\Desktop\box1111\PROJETO BOX11 V 1.0\backend\vendor\laravel\framework\src\Illuminate\Foundation\Http\Kernel.php(175): Illuminate\Pipeline\Pipeline->then(Object(Closure))
#40 C:\Users\Matheus\Desktop\box1111\PROJETO BOX11 V 1.0\backend\vendor\laravel\framework\src\Illuminate\Foundation\Http\Kernel.php(144): Illuminate\Foundation\Http\Kernel->sendRequestThroughRouter(Object(Illuminate\Http\Request))
#41 C:\Users\Matheus\Desktop\box1111\PROJETO BOX11 V 1.0\backend\vendor\laravel\framework\src\Illuminate\Foundation\Testing\Concerns\MakesHttpRequests.php(607): Illuminate\Foundation\Http\Kernel->handle(Object(Illuminate\Http\Request))
#42 C:\Users\Matheus\Desktop\box1111\PROJETO BOX11 V 1.0\backend\vendor\laravel\framework\src\Illuminate\Foundation\Testing\Concerns\MakesHttpRequests.php(573): Illuminate\Foundation\Testing\TestCase->call('POST', '/api/favorites', Array, Array, Array, Array, '{"property_id":...')
#43 C:\Users\Matheus\Desktop\box1111\PROJETO BOX11 V 1.0\backend\vendor\laravel\framework\src\Illuminate\Foundation\Testing\Concerns\MakesHttpRequests.php(411): Illuminate\Foundation\Testing\TestCase->json('POST', '/api/favorites', Array, Array, 0)
#44 C:\Users\Matheus\Desktop\box1111\PROJETO BOX11 V 1.0\backend\tests\Integration\ApiIntegrationTest.php(351): Illuminate\Foundation\Testing\TestCase->postJson('/api/favorites', Array, Array)
#45 C:\Users\Matheus\Desktop\box1111\PROJETO BOX11 V 1.0\backend\vendor\phpunit\phpunit\src\Framework\TestCase.php(1667): Tests\Integration\ApiIntegrationTest->test_add_property_to_favorites()
#46 C:\Users\Matheus\Desktop\box1111\PROJETO BOX11 V 1.0\backend\vendor\phpunit\phpunit\src\Framework\TestCase.php(519): PHPUnit\Framework\TestCase->runTest()
#47 C:\Users\Matheus\Desktop\box1111\PROJETO BOX11 V 1.0\backend\vendor\phpunit\phpunit\src\Framework\TestRunner\TestRunner.php(87): PHPUnit\Framework\TestCase->runBare()
#48 C:\Users\Matheus\Desktop\box1111\PROJETO BOX11 V 1.0\backend\vendor\phpunit\phpunit\src\Framework\TestCase.php(365): PHPUnit\Framework\TestRunner->run(Object(Tests\Integration\ApiIntegrationTest))
#49 C:\Users\Matheus\Desktop\box1111\PROJETO BOX11 V 1.0\backend\vendor\phpunit\phpunit\src\Framework\TestSuite.php(369): PHPUnit\Framework\TestCase->run()
#50 C:\Users\Matheus\Desktop\box1111\PROJETO BOX11 V 1.0\backend\vendor\phpunit\phpunit\src\TextUI\TestRunner.php(64): PHPUnit\Framework\TestSuite->run()
#51 C:\Users\Matheus\Desktop\box1111\PROJETO BOX11 V 1.0\backend\vendor\phpunit\phpunit\src\TextUI\Application.php(211): PHPUnit\TextUI\TestRunner->run(Object(PHPUnit\TextUI\Configuration\Configuration), Object(PHPUnit\Runner\ResultCache\DefaultResultCache), Object(PHPUnit\Framework\TestSuite))
#52 C:\Users\Matheus\Desktop\box1111\PROJETO BOX11 V 1.0\backend\vendor\phpunit\phpunit\phpunit(104): PHPUnit\TextUI\Application->run(Array)
#53 {main}

----------------------------------------------------------------------------------

Auth guard [sanctum] is not defined.

  at tests\Integration\ApiIntegrationTest.php:355
    351Ôûò         $response = $this->postJson('/api/favorites', [
    352Ôûò             'property_id' => $this->property->id
    353Ôûò         ], ['Authorization' => $this->token]);
    354Ôûò 
  Ô×£ 355Ôûò         $response->assertCreated();
    356Ôûò 
    357Ôûò         $this->assertDatabaseHas('favorites', [
    358Ôûò             'user_id' => $this->user->id,
    359Ôûò             'property_id' => $this->property->id

  ÔöÇÔöÇÔöÇÔöÇÔöÇÔöÇÔöÇÔöÇÔöÇÔöÇÔöÇÔöÇÔöÇÔöÇÔöÇÔöÇÔöÇÔöÇÔöÇÔöÇÔöÇÔöÇÔöÇÔöÇÔöÇÔöÇÔöÇÔöÇÔöÇÔöÇÔöÇÔöÇÔöÇÔöÇÔöÇÔöÇÔöÇÔöÇÔöÇÔöÇÔöÇÔöÇÔöÇÔöÇÔöÇÔöÇÔöÇÔöÇÔöÇÔöÇÔöÇÔöÇÔöÇÔöÇÔöÇÔöÇÔöÇÔöÇÔöÇÔöÇÔöÇÔöÇÔöÇÔöÇÔöÇÔöÇÔöÇÔöÇÔöÇÔöÇÔöÇÔöÇÔöÇÔöÇÔöÇÔöÇ  
   FAILED  Tests\Integration\ApiIntegrationTest > remove from favorites         
  Expected response status code [200] but received 500.
Failed asserting that 500 is identical to 200.

The following exception occurred during the last request:

InvalidArgumentException: Auth guard [sanctum] is not defined. in C:\Users\Matheus\Desktop\box1111\PROJETO BOX11 V 1.0\backend\vendor\laravel\framework\src\Illuminate\Auth\AuthManager.php:85
Stack trace:
#0 C:\Users\Matheus\Desktop\box1111\PROJETO BOX11 V 1.0\backend\vendor\laravel\framework\src\Illuminate\Auth\AuthManager.php(69): Illuminate\Auth\AuthManager->resolve('sanctum')
#1 C:\Users\Matheus\Desktop\box1111\PROJETO BOX11 V 1.0\backend\vendor\laravel\framework\src\Illuminate\Auth\Middleware\Authenticate.php(82): Illuminate\Auth\AuthManager->guard('sanctum')
#2 C:\Users\Matheus\Desktop\box1111\PROJETO BOX11 V 1.0\backend\vendor\laravel\framework\src\Illuminate\Auth\Middleware\Authenticate.php(61): Illuminate\Auth\Middleware\Authenticate->authenticate(Object(Illuminate\Http\Request), Array)
#3 C:\Users\Matheus\Desktop\box1111\PROJETO BOX11 V 1.0\backend\vendor\laravel\framework\src\Illuminate\Pipeline\Pipeline.php(219): Illuminate\Auth\Middleware\Authenticate->handle(Object(Illuminate\Http\Request), Object(Closure), 'sanctum')
#4 C:\Users\Matheus\Desktop\box1111\PROJETO BOX11 V 1.0\backend\vendor\laravel\framework\src\Illuminate\Pipeline\Pipeline.php(137): Illuminate\Pipeline\Pipeline->Illuminate\Pipeline\{closure}(Object(Illuminate\Http\Request))
#5 C:\Users\Matheus\Desktop\box1111\PROJETO BOX11 V 1.0\backend\vendor\laravel\framework\src\Illuminate\Routing\Router.php(821): Illuminate\Pipeline\Pipeline->then(Object(Closure))
#6 C:\Users\Matheus\Desktop\box1111\PROJETO BOX11 V 1.0\backend\vendor\laravel\framework\src\Illuminate\Routing\Router.php(800): Illuminate\Routing\Router->runRouteWithinStack(Object(Illuminate\Routing\Route), Object(Illuminate\Http\Request))
#7 C:\Users\Matheus\Desktop\box1111\PROJETO BOX11 V 1.0\backend\vendor\laravel\framework\src\Illuminate\Routing\Router.php(764): Illuminate\Routing\Router->runRoute(Object(Illuminate\Http\Request), Object(Illuminate\Routing\Route))
#8 C:\Users\Matheus\Desktop\box1111\PROJETO BOX11 V 1.0\backend\vendor\laravel\framework\src\Illuminate\Routing\Router.php(753): Illuminate\Routing\Router->dispatchToRoute(Object(Illuminate\Http\Request))
#9 C:\Users\Matheus\Desktop\box1111\PROJETO BOX11 V 1.0\backend\vendor\laravel\framework\src\Illuminate\Foundation\Http\Kernel.php(200): Illuminate\Routing\Router->dispatch(Object(Illuminate\Http\Request))
#10 C:\Users\Matheus\Desktop\box1111\PROJETO BOX11 V 1.0\backend\vendor\laravel\framework\src\Illuminate\Pipeline\Pipeline.php(180): Illuminate\Foundation\Http\Kernel->Illuminate\Foundation\Http\{closure}(Object(Illuminate\Http\Request))
#11 C:\Users\Matheus\Desktop\box1111\PROJETO BOX11 V 1.0\backend\vendor\laravel\framework\src\Illuminate\Foundation\Http\Middleware\VerifyCsrfToken.php(87): Illuminate\Pipeline\Pipeline->Illuminate\Pipeline\{closure}(Object(Illuminate\Http\Request))
#12 C:\Users\Matheus\Desktop\box1111\PROJETO BOX11 V 1.0\backend\vendor\laravel\framework\src\Illuminate\Pipeline\Pipeline.php(219): Illuminate\Foundation\Http\Middleware\VerifyCsrfToken->handle(Object(Illuminate\Http\Request), Object(Closure))
#13 C:\Users\Matheus\Desktop\box1111\PROJETO BOX11 V 1.0\backend\vendor\laravel\framework\src\Illuminate\View\Middleware\ShareErrorsFromSession.php(48): Illuminate\Pipeline\Pipeline->Illuminate\Pipeline\{closure}(Object(Illuminate\Http\Request))
#14 C:\Users\Matheus\Desktop\box1111\PROJETO BOX11 V 1.0\backend\vendor\laravel\framework\src\Illuminate\Pipeline\Pipeline.php(219): Illuminate\View\Middleware\ShareErrorsFromSession->handle(Object(Illuminate\Http\Request), Object(Closure))
#15 C:\Users\Matheus\Desktop\box1111\PROJETO BOX11 V 1.0\backend\vendor\laravel\framework\src\Illuminate\Session\Middleware\StartSession.php(120): Illuminate\Pipeline\Pipeline->Illuminate\Pipeline\{closure}(Object(Illuminate\Http\Request))
#16 C:\Users\Matheus\Desktop\box1111\PROJETO BOX11 V 1.0\backend\vendor\laravel\framework\src\Illuminate\Session\Middleware\StartSession.php(63): Illuminate\Session\Middleware\StartSession->handleStatefulRequest(Object(Illuminate\Http\Request), Object(Illuminate\Session\Store), Object(Closure))
#17 C:\Users\Matheus\Desktop\box1111\PROJETO BOX11 V 1.0\backend\vendor\laravel\framework\src\Illuminate\Pipeline\Pipeline.php(219): Illuminate\Session\Middleware\StartSession->handle(Object(Illuminate\Http\Request), Object(Closure))
#18 C:\Users\Matheus\Desktop\box1111\PROJETO BOX11 V 1.0\backend\vendor\laravel\framework\src\Illuminate\Cookie\Middleware\EncryptCookies.php(74): Illuminate\Pipeline\Pipeline->Illuminate\Pipeline\{closure}(Object(Illuminate\Http\Request))
#19 C:\Users\Matheus\Desktop\box1111\PROJETO BOX11 V 1.0\backend\vendor\laravel\framework\src\Illuminate\Pipeline\Pipeline.php(219): Illuminate\Cookie\Middleware\EncryptCookies->handle(Object(Illuminate\Http\Request), Object(Closure))
#20 C:\Users\Matheus\Desktop\box1111\PROJETO BOX11 V 1.0\backend\vendor\laravel\framework\src\Illuminate\Foundation\Http\Middleware\TransformsRequest.php(21): Illuminate\Pipeline\Pipeline->Illuminate\Pipeline\{closure}(Object(Illuminate\Http\Request))
#21 C:\Users\Matheus\Desktop\box1111\PROJETO BOX11 V 1.0\backend\vendor\laravel\framework\src\Illuminate\Foundation\Http\Middleware\ConvertEmptyStringsToNull.php(31): Illuminate\Foundation\Http\Middleware\TransformsRequest->handle(Object(Illuminate\Http\Request), Object(Closure))
#22 C:\Users\Matheus\Desktop\box1111\PROJETO BOX11 V 1.0\backend\vendor\laravel\framework\src\Illuminate\Pipeline\Pipeline.php(219): Illuminate\Foundation\Http\Middleware\ConvertEmptyStringsToNull->handle(Object(Illuminate\Http\Request), Object(Closure))
#23 C:\Users\Matheus\Desktop\box1111\PROJETO BOX11 V 1.0\backend\vendor\laravel\framework\src\Illuminate\Foundation\Http\Middleware\TransformsRequest.php(21): Illuminate\Pipeline\Pipeline->Illuminate\Pipeline\{closure}(Object(Illuminate\Http\Request))
#24 C:\Users\Matheus\Desktop\box1111\PROJETO BOX11 V 1.0\backend\vendor\laravel\framework\src\Illuminate\Foundation\Http\Middleware\TrimStrings.php(51): Illuminate\Foundation\Http\Middleware\TransformsRequest->handle(Object(Illuminate\Http\Request), Object(Closure))
#25 C:\Users\Matheus\Desktop\box1111\PROJETO BOX11 V 1.0\backend\vendor\laravel\framework\src\Illuminate\Pipeline\Pipeline.php(219): Illuminate\Foundation\Http\Middleware\TrimStrings->handle(Object(Illuminate\Http\Request), Object(Closure))
#26 C:\Users\Matheus\Desktop\box1111\PROJETO BOX11 V 1.0\backend\vendor\laravel\framework\src\Illuminate\Http\Middleware\ValidatePostSize.php(27): Illuminate\Pipeline\Pipeline->Illuminate\Pipeline\{closure}(Object(Illuminate\Http\Request))
#27 C:\Users\Matheus\Desktop\box1111\PROJETO BOX11 V 1.0\backend\vendor\laravel\framework\src\Illuminate\Pipeline\Pipeline.php(219): Illuminate\Http\Middleware\ValidatePostSize->handle(Object(Illuminate\Http\Request), Object(Closure))
#28 C:\Users\Matheus\Desktop\box1111\PROJETO BOX11 V 1.0\backend\vendor\laravel\framework\src\Illuminate\Foundation\Http\Middleware\PreventRequestsDuringMaintenance.php(109): Illuminate\Pipeline\Pipeline->Illuminate\Pipeline\{closure}(Object(Illuminate\Http\Request))
#29 C:\Users\Matheus\Desktop\box1111\PROJETO BOX11 V 1.0\backend\vendor\laravel\framework\src\Illuminate\Pipeline\Pipeline.php(219): Illuminate\Foundation\Http\Middleware\PreventRequestsDuringMaintenance->handle(Object(Illuminate\Http\Request), Object(Closure))
#30 C:\Users\Matheus\Desktop\box1111\PROJETO BOX11 V 1.0\backend\vendor\laravel\framework\src\Illuminate\Http\Middleware\HandleCors.php(74): Illuminate\Pipeline\Pipeline->Illuminate\Pipeline\{closure}(Object(Illuminate\Http\Request))
#31 C:\Users\Matheus\Desktop\box1111\PROJETO BOX11 V 1.0\backend\vendor\laravel\framework\src\Illuminate\Pipeline\Pipeline.php(219): Illuminate\Http\Middleware\HandleCors->handle(Object(Illuminate\Http\Request), Object(Closure))
#32 C:\Users\Matheus\Desktop\box1111\PROJETO BOX11 V 1.0\backend\vendor\laravel\framework\src\Illuminate\Http\Middleware\TrustProxies.php(58): Illuminate\Pipeline\Pipeline->Illuminate\Pipeline\{closure}(Object(Illuminate\Http\Request))
#33 C:\Users\Matheus\Desktop\box1111\PROJETO BOX11 V 1.0\backend\vendor\laravel\framework\src\Illuminate\Pipeline\Pipeline.php(219): Illuminate\Http\Middleware\TrustProxies->handle(Object(Illuminate\Http\Request), Object(Closure))
#34 C:\Users\Matheus\Desktop\box1111\PROJETO BOX11 V 1.0\backend\vendor\laravel\framework\src\Illuminate\Foundation\Http\Middleware\InvokeDeferredCallbacks.php(22): Illuminate\Pipeline\Pipeline->Illuminate\Pipeline\{closure}(Object(Illuminate\Http\Request))
#35 C:\Users\Matheus\Desktop\box1111\PROJETO BOX11 V 1.0\backend\vendor\laravel\framework\src\Illuminate\Pipeline\Pipeline.php(219): Illuminate\Foundation\Http\Middleware\InvokeDeferredCallbacks->handle(Object(Illuminate\Http\Request), Object(Closure))
#36 C:\Users\Matheus\Desktop\box1111\PROJETO BOX11 V 1.0\backend\vendor\laravel\framework\src\Illuminate\Http\Middleware\ValidatePathEncoding.php(26): Illuminate\Pipeline\Pipeline->Illuminate\Pipeline\{closure}(Object(Illuminate\Http\Request))
#37 C:\Users\Matheus\Desktop\box1111\PROJETO BOX11 V 1.0\backend\vendor\laravel\framework\src\Illuminate\Pipeline\Pipeline.php(219): Illuminate\Http\Middleware\ValidatePathEncoding->handle(Object(Illuminate\Http\Request), Object(Closure))
#38 C:\Users\Matheus\Desktop\box1111\PROJETO BOX11 V 1.0\backend\vendor\laravel\framework\src\Illuminate\Pipeline\Pipeline.php(137): Illuminate\Pipeline\Pipeline->Illuminate\Pipeline\{closure}(Object(Illuminate\Http\Request))
#39 C:\Users\Matheus\Desktop\box1111\PROJETO BOX11 V 1.0\backend\vendor\laravel\framework\src\Illuminate\Foundation\Http\Kernel.php(175): Illuminate\Pipeline\Pipeline->then(Object(Closure))
#40 C:\Users\Matheus\Desktop\box1111\PROJETO BOX11 V 1.0\backend\vendor\laravel\framework\src\Illuminate\Foundation\Http\Kernel.php(144): Illuminate\Foundation\Http\Kernel->sendRequestThroughRouter(Object(Illuminate\Http\Request))
#41 C:\Users\Matheus\Desktop\box1111\PROJETO BOX11 V 1.0\backend\vendor\laravel\framework\src\Illuminate\Foundation\Testing\Concerns\MakesHttpRequests.php(607): Illuminate\Foundation\Http\Kernel->handle(Object(Illuminate\Http\Request))
#42 C:\Users\Matheus\Desktop\box1111\PROJETO BOX11 V 1.0\backend\vendor\laravel\framework\src\Illuminate\Foundation\Testing\Concerns\MakesHttpRequests.php(573): Illuminate\Foundation\Testing\TestCase->call('DELETE', '/api/favorites/...', Array, Array, Array, Array, '[]')
#43 C:\Users\Matheus\Desktop\box1111\PROJETO BOX11 V 1.0\backend\vendor\laravel\framework\src\Illuminate\Foundation\Testing\Concerns\MakesHttpRequests.php(501): Illuminate\Foundation\Testing\TestCase->json('DELETE', '/api/favorites/...', Array, Array, 0)
#44 C:\Users\Matheus\Desktop\box1111\PROJETO BOX11 V 1.0\backend\tests\Integration\ApiIntegrationTest.php(371): Illuminate\Foundation\Testing\TestCase->deleteJson('/api/favorites/...', Array, Array)
#45 C:\Users\Matheus\Desktop\box1111\PROJETO BOX11 V 1.0\backend\vendor\phpunit\phpunit\src\Framework\TestCase.php(1667): Tests\Integration\ApiIntegrationTest->test_remove_from_favorites()
#46 C:\Users\Matheus\Desktop\box1111\PROJETO BOX11 V 1.0\backend\vendor\phpunit\phpunit\src\Framework\TestCase.php(519): PHPUnit\Framework\TestCase->runTest()
#47 C:\Users\Matheus\Desktop\box1111\PROJETO BOX11 V 1.0\backend\vendor\phpunit\phpunit\src\Framework\TestRunner\TestRunner.php(87): PHPUnit\Framework\TestCase->runBare()
#48 C:\Users\Matheus\Desktop\box1111\PROJETO BOX11 V 1.0\backend\vendor\phpunit\phpunit\src\Framework\TestCase.php(365): PHPUnit\Framework\TestRunner->run(Object(Tests\Integration\ApiIntegrationTest))
#49 C:\Users\Matheus\Desktop\box1111\PROJETO BOX11 V 1.0\backend\vendor\phpunit\phpunit\src\Framework\TestSuite.php(369): PHPUnit\Framework\TestCase->run()
#50 C:\Users\Matheus\Desktop\box1111\PROJETO BOX11 V 1.0\backend\vendor\phpunit\phpunit\src\TextUI\TestRunner.php(64): PHPUnit\Framework\TestSuite->run()
#51 C:\Users\Matheus\Desktop\box1111\PROJETO BOX11 V 1.0\backend\vendor\phpunit\phpunit\src\TextUI\Application.php(211): PHPUnit\TextUI\TestRunner->run(Object(PHPUnit\TextUI\Configuration\Configuration), Object(PHPUnit\Runner\ResultCache\DefaultResultCache), Object(PHPUnit\Framework\TestSuite))
#52 C:\Users\Matheus\Desktop\box1111\PROJETO BOX11 V 1.0\backend\vendor\phpunit\phpunit\phpunit(104): PHPUnit\TextUI\Application->run(Array)
#53 {main}

----------------------------------------------------------------------------------

Auth guard [sanctum] is not defined.

  at tests\Integration\ApiIntegrationTest.php:377
    373Ôûò             [],
    374Ôûò             ['Authorization' => $this->token]
    375Ôûò         );
    376Ôûò 
  Ô×£ 377Ôûò         $response->assertOk();
    378Ôûò 
    379Ôûò         $this->assertDatabaseMissing('favorites', ['id' => $favorite->id]);
    380Ôûò     }
    381Ôûò

  ÔöÇÔöÇÔöÇÔöÇÔöÇÔöÇÔöÇÔöÇÔöÇÔöÇÔöÇÔöÇÔöÇÔöÇÔöÇÔöÇÔöÇÔöÇÔöÇÔöÇÔöÇÔöÇÔöÇÔöÇÔöÇÔöÇÔöÇÔöÇÔöÇÔöÇÔöÇÔöÇÔöÇÔöÇÔöÇÔöÇÔöÇÔöÇÔöÇÔöÇÔöÇÔöÇÔöÇÔöÇÔöÇÔöÇÔöÇÔöÇÔöÇÔöÇÔöÇÔöÇÔöÇÔöÇÔöÇÔöÇÔöÇÔöÇÔöÇÔöÇÔöÇÔöÇÔöÇÔöÇÔöÇÔöÇÔöÇÔöÇÔöÇÔöÇÔöÇÔöÇÔöÇÔöÇÔöÇÔöÇ  
   FAILED  Tests\Integration\ApiIntegrationTest > get user favorites            
  Expected response status code [200] but received 500.
Failed asserting that 500 is identical to 200.

The following exception occurred during the last request:

InvalidArgumentException: Auth guard [sanctum] is not defined. in C:\Users\Matheus\Desktop\box1111\PROJETO BOX11 V 1.0\backend\vendor\laravel\framework\src\Illuminate\Auth\AuthManager.php:85
Stack trace:
#0 C:\Users\Matheus\Desktop\box1111\PROJETO BOX11 V 1.0\backend\vendor\laravel\framework\src\Illuminate\Auth\AuthManager.php(69): Illuminate\Auth\AuthManager->resolve('sanctum')
#1 C:\Users\Matheus\Desktop\box1111\PROJETO BOX11 V 1.0\backend\vendor\laravel\framework\src\Illuminate\Auth\Middleware\Authenticate.php(82): Illuminate\Auth\AuthManager->guard('sanctum')
#2 C:\Users\Matheus\Desktop\box1111\PROJETO BOX11 V 1.0\backend\vendor\laravel\framework\src\Illuminate\Auth\Middleware\Authenticate.php(61): Illuminate\Auth\Middleware\Authenticate->authenticate(Object(Illuminate\Http\Request), Array)
#3 C:\Users\Matheus\Desktop\box1111\PROJETO BOX11 V 1.0\backend\vendor\laravel\framework\src\Illuminate\Pipeline\Pipeline.php(219): Illuminate\Auth\Middleware\Authenticate->handle(Object(Illuminate\Http\Request), Object(Closure), 'sanctum')
#4 C:\Users\Matheus\Desktop\box1111\PROJETO BOX11 V 1.0\backend\vendor\laravel\framework\src\Illuminate\Pipeline\Pipeline.php(137): Illuminate\Pipeline\Pipeline->Illuminate\Pipeline\{closure}(Object(Illuminate\Http\Request))
#5 C:\Users\Matheus\Desktop\box1111\PROJETO BOX11 V 1.0\backend\vendor\laravel\framework\src\Illuminate\Routing\Router.php(821): Illuminate\Pipeline\Pipeline->then(Object(Closure))
#6 C:\Users\Matheus\Desktop\box1111\PROJETO BOX11 V 1.0\backend\vendor\laravel\framework\src\Illuminate\Routing\Router.php(800): Illuminate\Routing\Router->runRouteWithinStack(Object(Illuminate\Routing\Route), Object(Illuminate\Http\Request))
#7 C:\Users\Matheus\Desktop\box1111\PROJETO BOX11 V 1.0\backend\vendor\laravel\framework\src\Illuminate\Routing\Router.php(764): Illuminate\Routing\Router->runRoute(Object(Illuminate\Http\Request), Object(Illuminate\Routing\Route))
#8 C:\Users\Matheus\Desktop\box1111\PROJETO BOX11 V 1.0\backend\vendor\laravel\framework\src\Illuminate\Routing\Router.php(753): Illuminate\Routing\Router->dispatchToRoute(Object(Illuminate\Http\Request))
#9 C:\Users\Matheus\Desktop\box1111\PROJETO BOX11 V 1.0\backend\vendor\laravel\framework\src\Illuminate\Foundation\Http\Kernel.php(200): Illuminate\Routing\Router->dispatch(Object(Illuminate\Http\Request))
#10 C:\Users\Matheus\Desktop\box1111\PROJETO BOX11 V 1.0\backend\vendor\laravel\framework\src\Illuminate\Pipeline\Pipeline.php(180): Illuminate\Foundation\Http\Kernel->Illuminate\Foundation\Http\{closure}(Object(Illuminate\Http\Request))
#11 C:\Users\Matheus\Desktop\box1111\PROJETO BOX11 V 1.0\backend\vendor\laravel\framework\src\Illuminate\Foundation\Http\Middleware\VerifyCsrfToken.php(87): Illuminate\Pipeline\Pipeline->Illuminate\Pipeline\{closure}(Object(Illuminate\Http\Request))
#12 C:\Users\Matheus\Desktop\box1111\PROJETO BOX11 V 1.0\backend\vendor\laravel\framework\src\Illuminate\Pipeline\Pipeline.php(219): Illuminate\Foundation\Http\Middleware\VerifyCsrfToken->handle(Object(Illuminate\Http\Request), Object(Closure))
#13 C:\Users\Matheus\Desktop\box1111\PROJETO BOX11 V 1.0\backend\vendor\laravel\framework\src\Illuminate\View\Middleware\ShareErrorsFromSession.php(48): Illuminate\Pipeline\Pipeline->Illuminate\Pipeline\{closure}(Object(Illuminate\Http\Request))
#14 C:\Users\Matheus\Desktop\box1111\PROJETO BOX11 V 1.0\backend\vendor\laravel\framework\src\Illuminate\Pipeline\Pipeline.php(219): Illuminate\View\Middleware\ShareErrorsFromSession->handle(Object(Illuminate\Http\Request), Object(Closure))
#15 C:\Users\Matheus\Desktop\box1111\PROJETO BOX11 V 1.0\backend\vendor\laravel\framework\src\Illuminate\Session\Middleware\StartSession.php(120): Illuminate\Pipeline\Pipeline->Illuminate\Pipeline\{closure}(Object(Illuminate\Http\Request))
#16 C:\Users\Matheus\Desktop\box1111\PROJETO BOX11 V 1.0\backend\vendor\laravel\framework\src\Illuminate\Session\Middleware\StartSession.php(63): Illuminate\Session\Middleware\StartSession->handleStatefulRequest(Object(Illuminate\Http\Request), Object(Illuminate\Session\Store), Object(Closure))
#17 C:\Users\Matheus\Desktop\box1111\PROJETO BOX11 V 1.0\backend\vendor\laravel\framework\src\Illuminate\Pipeline\Pipeline.php(219): Illuminate\Session\Middleware\StartSession->handle(Object(Illuminate\Http\Request), Object(Closure))
#18 C:\Users\Matheus\Desktop\box1111\PROJETO BOX11 V 1.0\backend\vendor\laravel\framework\src\Illuminate\Cookie\Middleware\EncryptCookies.php(74): Illuminate\Pipeline\Pipeline->Illuminate\Pipeline\{closure}(Object(Illuminate\Http\Request))
#19 C:\Users\Matheus\Desktop\box1111\PROJETO BOX11 V 1.0\backend\vendor\laravel\framework\src\Illuminate\Pipeline\Pipeline.php(219): Illuminate\Cookie\Middleware\EncryptCookies->handle(Object(Illuminate\Http\Request), Object(Closure))
#20 C:\Users\Matheus\Desktop\box1111\PROJETO BOX11 V 1.0\backend\vendor\laravel\framework\src\Illuminate\Foundation\Http\Middleware\TransformsRequest.php(21): Illuminate\Pipeline\Pipeline->Illuminate\Pipeline\{closure}(Object(Illuminate\Http\Request))
#21 C:\Users\Matheus\Desktop\box1111\PROJETO BOX11 V 1.0\backend\vendor\laravel\framework\src\Illuminate\Foundation\Http\Middleware\ConvertEmptyStringsToNull.php(31): Illuminate\Foundation\Http\Middleware\TransformsRequest->handle(Object(Illuminate\Http\Request), Object(Closure))
#22 C:\Users\Matheus\Desktop\box1111\PROJETO BOX11 V 1.0\backend\vendor\laravel\framework\src\Illuminate\Pipeline\Pipeline.php(219): Illuminate\Foundation\Http\Middleware\ConvertEmptyStringsToNull->handle(Object(Illuminate\Http\Request), Object(Closure))
#23 C:\Users\Matheus\Desktop\box1111\PROJETO BOX11 V 1.0\backend\vendor\laravel\framework\src\Illuminate\Foundation\Http\Middleware\TransformsRequest.php(21): Illuminate\Pipeline\Pipeline->Illuminate\Pipeline\{closure}(Object(Illuminate\Http\Request))
#24 C:\Users\Matheus\Desktop\box1111\PROJETO BOX11 V 1.0\backend\vendor\laravel\framework\src\Illuminate\Foundation\Http\Middleware\TrimStrings.php(51): Illuminate\Foundation\Http\Middleware\TransformsRequest->handle(Object(Illuminate\Http\Request), Object(Closure))
#25 C:\Users\Matheus\Desktop\box1111\PROJETO BOX11 V 1.0\backend\vendor\laravel\framework\src\Illuminate\Pipeline\Pipeline.php(219): Illuminate\Foundation\Http\Middleware\TrimStrings->handle(Object(Illuminate\Http\Request), Object(Closure))
#26 C:\Users\Matheus\Desktop\box1111\PROJETO BOX11 V 1.0\backend\vendor\laravel\framework\src\Illuminate\Http\Middleware\ValidatePostSize.php(27): Illuminate\Pipeline\Pipeline->Illuminate\Pipeline\{closure}(Object(Illuminate\Http\Request))
#27 C:\Users\Matheus\Desktop\box1111\PROJETO BOX11 V 1.0\backend\vendor\laravel\framework\src\Illuminate\Pipeline\Pipeline.php(219): Illuminate\Http\Middleware\ValidatePostSize->handle(Object(Illuminate\Http\Request), Object(Closure))
#28 C:\Users\Matheus\Desktop\box1111\PROJETO BOX11 V 1.0\backend\vendor\laravel\framework\src\Illuminate\Foundation\Http\Middleware\PreventRequestsDuringMaintenance.php(109): Illuminate\Pipeline\Pipeline->Illuminate\Pipeline\{closure}(Object(Illuminate\Http\Request))
#29 C:\Users\Matheus\Desktop\box1111\PROJETO BOX11 V 1.0\backend\vendor\laravel\framework\src\Illuminate\Pipeline\Pipeline.php(219): Illuminate\Foundation\Http\Middleware\PreventRequestsDuringMaintenance->handle(Object(Illuminate\Http\Request), Object(Closure))
#30 C:\Users\Matheus\Desktop\box1111\PROJETO BOX11 V 1.0\backend\vendor\laravel\framework\src\Illuminate\Http\Middleware\HandleCors.php(74): Illuminate\Pipeline\Pipeline->Illuminate\Pipeline\{closure}(Object(Illuminate\Http\Request))
#31 C:\Users\Matheus\Desktop\box1111\PROJETO BOX11 V 1.0\backend\vendor\laravel\framework\src\Illuminate\Pipeline\Pipeline.php(219): Illuminate\Http\Middleware\HandleCors->handle(Object(Illuminate\Http\Request), Object(Closure))
#32 C:\Users\Matheus\Desktop\box1111\PROJETO BOX11 V 1.0\backend\vendor\laravel\framework\src\Illuminate\Http\Middleware\TrustProxies.php(58): Illuminate\Pipeline\Pipeline->Illuminate\Pipeline\{closure}(Object(Illuminate\Http\Request))
#33 C:\Users\Matheus\Desktop\box1111\PROJETO BOX11 V 1.0\backend\vendor\laravel\framework\src\Illuminate\Pipeline\Pipeline.php(219): Illuminate\Http\Middleware\TrustProxies->handle(Object(Illuminate\Http\Request), Object(Closure))
#34 C:\Users\Matheus\Desktop\box1111\PROJETO BOX11 V 1.0\backend\vendor\laravel\framework\src\Illuminate\Foundation\Http\Middleware\InvokeDeferredCallbacks.php(22): Illuminate\Pipeline\Pipeline->Illuminate\Pipeline\{closure}(Object(Illuminate\Http\Request))
#35 C:\Users\Matheus\Desktop\box1111\PROJETO BOX11 V 1.0\backend\vendor\laravel\framework\src\Illuminate\Pipeline\Pipeline.php(219): Illuminate\Foundation\Http\Middleware\InvokeDeferredCallbacks->handle(Object(Illuminate\Http\Request), Object(Closure))
#36 C:\Users\Matheus\Desktop\box1111\PROJETO BOX11 V 1.0\backend\vendor\laravel\framework\src\Illuminate\Http\Middleware\ValidatePathEncoding.php(26): Illuminate\Pipeline\Pipeline->Illuminate\Pipeline\{closure}(Object(Illuminate\Http\Request))
#37 C:\Users\Matheus\Desktop\box1111\PROJETO BOX11 V 1.0\backend\vendor\laravel\framework\src\Illuminate\Pipeline\Pipeline.php(219): Illuminate\Http\Middleware\ValidatePathEncoding->handle(Object(Illuminate\Http\Request), Object(Closure))
#38 C:\Users\Matheus\Desktop\box1111\PROJETO BOX11 V 1.0\backend\vendor\laravel\framework\src\Illuminate\Pipeline\Pipeline.php(137): Illuminate\Pipeline\Pipeline->Illuminate\Pipeline\{closure}(Object(Illuminate\Http\Request))
#39 C:\Users\Matheus\Desktop\box1111\PROJETO BOX11 V 1.0\backend\vendor\laravel\framework\src\Illuminate\Foundation\Http\Kernel.php(175): Illuminate\Pipeline\Pipeline->then(Object(Closure))
#40 C:\Users\Matheus\Desktop\box1111\PROJETO BOX11 V 1.0\backend\vendor\laravel\framework\src\Illuminate\Foundation\Http\Kernel.php(144): Illuminate\Foundation\Http\Kernel->sendRequestThroughRouter(Object(Illuminate\Http\Request))
#41 C:\Users\Matheus\Desktop\box1111\PROJETO BOX11 V 1.0\backend\vendor\laravel\framework\src\Illuminate\Foundation\Testing\Concerns\MakesHttpRequests.php(607): Illuminate\Foundation\Http\Kernel->handle(Object(Illuminate\Http\Request))
#42 C:\Users\Matheus\Desktop\box1111\PROJETO BOX11 V 1.0\backend\vendor\laravel\framework\src\Illuminate\Foundation\Testing\Concerns\MakesHttpRequests.php(573): Illuminate\Foundation\Testing\TestCase->call('GET', '/api/favorites', Array, Array, Array, Array, '[]')
#43 C:\Users\Matheus\Desktop\box1111\PROJETO BOX11 V 1.0\backend\vendor\laravel\framework\src\Illuminate\Foundation\Testing\Concerns\MakesHttpRequests.php(381): Illuminate\Foundation\Testing\TestCase->json('GET', '/api/favorites', Array, Array, 0)
#44 C:\Users\Matheus\Desktop\box1111\PROJETO BOX11 V 1.0\backend\tests\Integration\ApiIntegrationTest.php(387): Illuminate\Foundation\Testing\TestCase->getJson('/api/favorites', Array)
#45 C:\Users\Matheus\Desktop\box1111\PROJETO BOX11 V 1.0\backend\vendor\phpunit\phpunit\src\Framework\TestCase.php(1667): Tests\Integration\ApiIntegrationTest->test_get_user_favorites()
#46 C:\Users\Matheus\Desktop\box1111\PROJETO BOX11 V 1.0\backend\vendor\phpunit\phpunit\src\Framework\TestCase.php(519): PHPUnit\Framework\TestCase->runTest()
#47 C:\Users\Matheus\Desktop\box1111\PROJETO BOX11 V 1.0\backend\vendor\phpunit\phpunit\src\Framework\TestRunner\TestRunner.php(87): PHPUnit\Framework\TestCase->runBare()
#48 C:\Users\Matheus\Desktop\box1111\PROJETO BOX11 V 1.0\backend\vendor\phpunit\phpunit\src\Framework\TestCase.php(365): PHPUnit\Framework\TestRunner->run(Object(Tests\Integration\ApiIntegrationTest))
#49 C:\Users\Matheus\Desktop\box1111\PROJETO BOX11 V 1.0\backend\vendor\phpunit\phpunit\src\Framework\TestSuite.php(369): PHPUnit\Framework\TestCase->run()
#50 C:\Users\Matheus\Desktop\box1111\PROJETO BOX11 V 1.0\backend\vendor\phpunit\phpunit\src\TextUI\TestRunner.php(64): PHPUnit\Framework\TestSuite->run()
#51 C:\Users\Matheus\Desktop\box1111\PROJETO BOX11 V 1.0\backend\vendor\phpunit\phpunit\src\TextUI\Application.php(211): PHPUnit\TextUI\TestRunner->run(Object(PHPUnit\TextUI\Configuration\Configuration), Object(PHPUnit\Runner\ResultCache\DefaultResultCache), Object(PHPUnit\Framework\TestSuite))
#52 C:\Users\Matheus\Desktop\box1111\PROJETO BOX11 V 1.0\backend\vendor\phpunit\phpunit\phpunit(104): PHPUnit\TextUI\Application->run(Array)
#53 {main}

----------------------------------------------------------------------------------

Auth guard [sanctum] is not defined.

  at tests\Integration\ApiIntegrationTest.php:391
    387Ôûò         $response = $this->getJson('/api/favorites', [
    388Ôûò             'Authorization' => $this->token
    389Ôûò         ]);
    390Ôûò 
  Ô×£ 391Ôûò         $response->assertOk()
    392Ôûò             ->assertJsonStructure(['data', 'meta']);
    393Ôûò     }
    394Ôûò 
    395Ôûò     /** @test */

  ÔöÇÔöÇÔöÇÔöÇÔöÇÔöÇÔöÇÔöÇÔöÇÔöÇÔöÇÔöÇÔöÇÔöÇÔöÇÔöÇÔöÇÔöÇÔöÇÔöÇÔöÇÔöÇÔöÇÔöÇÔöÇÔöÇÔöÇÔöÇÔöÇÔöÇÔöÇÔöÇÔöÇÔöÇÔöÇÔöÇÔöÇÔöÇÔöÇÔöÇÔöÇÔöÇÔöÇÔöÇÔöÇÔöÇÔöÇÔöÇÔöÇÔöÇÔöÇÔöÇÔöÇÔöÇÔöÇÔöÇÔöÇÔöÇÔöÇÔöÇÔöÇÔöÇÔöÇÔöÇÔöÇÔöÇÔöÇÔöÇÔöÇÔöÇÔöÇÔöÇÔöÇÔöÇÔöÇÔöÇ  
   FAILED  Tests\Integration\ApiIntegrationTest > create cohost assignment      
  Expected response status code [201] but received 500.
Failed asserting that 500 is identical to 201.

The following exception occurred during the last request:

InvalidArgumentException: Auth guard [sanctum] is not defined. in C:\Users\Matheus\Desktop\box1111\PROJETO BOX11 V 1.0\backend\vendor\laravel\framework\src\Illuminate\Auth\AuthManager.php:85
Stack trace:
#0 C:\Users\Matheus\Desktop\box1111\PROJETO BOX11 V 1.0\backend\vendor\laravel\framework\src\Illuminate\Auth\AuthManager.php(69): Illuminate\Auth\AuthManager->resolve('sanctum')
#1 C:\Users\Matheus\Desktop\box1111\PROJETO BOX11 V 1.0\backend\vendor\laravel\framework\src\Illuminate\Auth\Middleware\Authenticate.php(82): Illuminate\Auth\AuthManager->guard('sanctum')
#2 C:\Users\Matheus\Desktop\box1111\PROJETO BOX11 V 1.0\backend\vendor\laravel\framework\src\Illuminate\Auth\Middleware\Authenticate.php(61): Illuminate\Auth\Middleware\Authenticate->authenticate(Object(Illuminate\Http\Request), Array)
#3 C:\Users\Matheus\Desktop\box1111\PROJETO BOX11 V 1.0\backend\vendor\laravel\framework\src\Illuminate\Pipeline\Pipeline.php(219): Illuminate\Auth\Middleware\Authenticate->handle(Object(Illuminate\Http\Request), Object(Closure), 'sanctum')
#4 C:\Users\Matheus\Desktop\box1111\PROJETO BOX11 V 1.0\backend\vendor\laravel\framework\src\Illuminate\Pipeline\Pipeline.php(137): Illuminate\Pipeline\Pipeline->Illuminate\Pipeline\{closure}(Object(Illuminate\Http\Request))
#5 C:\Users\Matheus\Desktop\box1111\PROJETO BOX11 V 1.0\backend\vendor\laravel\framework\src\Illuminate\Routing\Router.php(821): Illuminate\Pipeline\Pipeline->then(Object(Closure))
#6 C:\Users\Matheus\Desktop\box1111\PROJETO BOX11 V 1.0\backend\vendor\laravel\framework\src\Illuminate\Routing\Router.php(800): Illuminate\Routing\Router->runRouteWithinStack(Object(Illuminate\Routing\Route), Object(Illuminate\Http\Request))
#7 C:\Users\Matheus\Desktop\box1111\PROJETO BOX11 V 1.0\backend\vendor\laravel\framework\src\Illuminate\Routing\Router.php(764): Illuminate\Routing\Router->runRoute(Object(Illuminate\Http\Request), Object(Illuminate\Routing\Route))
#8 C:\Users\Matheus\Desktop\box1111\PROJETO BOX11 V 1.0\backend\vendor\laravel\framework\src\Illuminate\Routing\Router.php(753): Illuminate\Routing\Router->dispatchToRoute(Object(Illuminate\Http\Request))
#9 C:\Users\Matheus\Desktop\box1111\PROJETO BOX11 V 1.0\backend\vendor\laravel\framework\src\Illuminate\Foundation\Http\Kernel.php(200): Illuminate\Routing\Router->dispatch(Object(Illuminate\Http\Request))
#10 C:\Users\Matheus\Desktop\box1111\PROJETO BOX11 V 1.0\backend\vendor\laravel\framework\src\Illuminate\Pipeline\Pipeline.php(180): Illuminate\Foundation\Http\Kernel->Illuminate\Foundation\Http\{closure}(Object(Illuminate\Http\Request))
#11 C:\Users\Matheus\Desktop\box1111\PROJETO BOX11 V 1.0\backend\vendor\laravel\framework\src\Illuminate\Foundation\Http\Middleware\VerifyCsrfToken.php(87): Illuminate\Pipeline\Pipeline->Illuminate\Pipeline\{closure}(Object(Illuminate\Http\Request))
#12 C:\Users\Matheus\Desktop\box1111\PROJETO BOX11 V 1.0\backend\vendor\laravel\framework\src\Illuminate\Pipeline\Pipeline.php(219): Illuminate\Foundation\Http\Middleware\VerifyCsrfToken->handle(Object(Illuminate\Http\Request), Object(Closure))
#13 C:\Users\Matheus\Desktop\box1111\PROJETO BOX11 V 1.0\backend\vendor\laravel\framework\src\Illuminate\View\Middleware\ShareErrorsFromSession.php(48): Illuminate\Pipeline\Pipeline->Illuminate\Pipeline\{closure}(Object(Illuminate\Http\Request))
#14 C:\Users\Matheus\Desktop\box1111\PROJETO BOX11 V 1.0\backend\vendor\laravel\framework\src\Illuminate\Pipeline\Pipeline.php(219): Illuminate\View\Middleware\ShareErrorsFromSession->handle(Object(Illuminate\Http\Request), Object(Closure))
#15 C:\Users\Matheus\Desktop\box1111\PROJETO BOX11 V 1.0\backend\vendor\laravel\framework\src\Illuminate\Session\Middleware\StartSession.php(120): Illuminate\Pipeline\Pipeline->Illuminate\Pipeline\{closure}(Object(Illuminate\Http\Request))
#16 C:\Users\Matheus\Desktop\box1111\PROJETO BOX11 V 1.0\backend\vendor\laravel\framework\src\Illuminate\Session\Middleware\StartSession.php(63): Illuminate\Session\Middleware\StartSession->handleStatefulRequest(Object(Illuminate\Http\Request), Object(Illuminate\Session\Store), Object(Closure))
#17 C:\Users\Matheus\Desktop\box1111\PROJETO BOX11 V 1.0\backend\vendor\laravel\framework\src\Illuminate\Pipeline\Pipeline.php(219): Illuminate\Session\Middleware\StartSession->handle(Object(Illuminate\Http\Request), Object(Closure))
#18 C:\Users\Matheus\Desktop\box1111\PROJETO BOX11 V 1.0\backend\vendor\laravel\framework\src\Illuminate\Cookie\Middleware\EncryptCookies.php(74): Illuminate\Pipeline\Pipeline->Illuminate\Pipeline\{closure}(Object(Illuminate\Http\Request))
#19 C:\Users\Matheus\Desktop\box1111\PROJETO BOX11 V 1.0\backend\vendor\laravel\framework\src\Illuminate\Pipeline\Pipeline.php(219): Illuminate\Cookie\Middleware\EncryptCookies->handle(Object(Illuminate\Http\Request), Object(Closure))
#20 C:\Users\Matheus\Desktop\box1111\PROJETO BOX11 V 1.0\backend\vendor\laravel\framework\src\Illuminate\Foundation\Http\Middleware\TransformsRequest.php(21): Illuminate\Pipeline\Pipeline->Illuminate\Pipeline\{closure}(Object(Illuminate\Http\Request))
#21 C:\Users\Matheus\Desktop\box1111\PROJETO BOX11 V 1.0\backend\vendor\laravel\framework\src\Illuminate\Foundation\Http\Middleware\ConvertEmptyStringsToNull.php(31): Illuminate\Foundation\Http\Middleware\TransformsRequest->handle(Object(Illuminate\Http\Request), Object(Closure))
#22 C:\Users\Matheus\Desktop\box1111\PROJETO BOX11 V 1.0\backend\vendor\laravel\framework\src\Illuminate\Pipeline\Pipeline.php(219): Illuminate\Foundation\Http\Middleware\ConvertEmptyStringsToNull->handle(Object(Illuminate\Http\Request), Object(Closure))
#23 C:\Users\Matheus\Desktop\box1111\PROJETO BOX11 V 1.0\backend\vendor\laravel\framework\src\Illuminate\Foundation\Http\Middleware\TransformsRequest.php(21): Illuminate\Pipeline\Pipeline->Illuminate\Pipeline\{closure}(Object(Illuminate\Http\Request))
#24 C:\Users\Matheus\Desktop\box1111\PROJETO BOX11 V 1.0\backend\vendor\laravel\framework\src\Illuminate\Foundation\Http\Middleware\TrimStrings.php(51): Illuminate\Foundation\Http\Middleware\TransformsRequest->handle(Object(Illuminate\Http\Request), Object(Closure))
#25 C:\Users\Matheus\Desktop\box1111\PROJETO BOX11 V 1.0\backend\vendor\laravel\framework\src\Illuminate\Pipeline\Pipeline.php(219): Illuminate\Foundation\Http\Middleware\TrimStrings->handle(Object(Illuminate\Http\Request), Object(Closure))
#26 C:\Users\Matheus\Desktop\box1111\PROJETO BOX11 V 1.0\backend\vendor\laravel\framework\src\Illuminate\Http\Middleware\ValidatePostSize.php(27): Illuminate\Pipeline\Pipeline->Illuminate\Pipeline\{closure}(Object(Illuminate\Http\Request))
#27 C:\Users\Matheus\Desktop\box1111\PROJETO BOX11 V 1.0\backend\vendor\laravel\framework\src\Illuminate\Pipeline\Pipeline.php(219): Illuminate\Http\Middleware\ValidatePostSize->handle(Object(Illuminate\Http\Request), Object(Closure))
#28 C:\Users\Matheus\Desktop\box1111\PROJETO BOX11 V 1.0\backend\vendor\laravel\framework\src\Illuminate\Foundation\Http\Middleware\PreventRequestsDuringMaintenance.php(109): Illuminate\Pipeline\Pipeline->Illuminate\Pipeline\{closure}(Object(Illuminate\Http\Request))
#29 C:\Users\Matheus\Desktop\box1111\PROJETO BOX11 V 1.0\backend\vendor\laravel\framework\src\Illuminate\Pipeline\Pipeline.php(219): Illuminate\Foundation\Http\Middleware\PreventRequestsDuringMaintenance->handle(Object(Illuminate\Http\Request), Object(Closure))
#30 C:\Users\Matheus\Desktop\box1111\PROJETO BOX11 V 1.0\backend\vendor\laravel\framework\src\Illuminate\Http\Middleware\HandleCors.php(74): Illuminate\Pipeline\Pipeline->Illuminate\Pipeline\{closure}(Object(Illuminate\Http\Request))
#31 C:\Users\Matheus\Desktop\box1111\PROJETO BOX11 V 1.0\backend\vendor\laravel\framework\src\Illuminate\Pipeline\Pipeline.php(219): Illuminate\Http\Middleware\HandleCors->handle(Object(Illuminate\Http\Request), Object(Closure))
#32 C:\Users\Matheus\Desktop\box1111\PROJETO BOX11 V 1.0\backend\vendor\laravel\framework\src\Illuminate\Http\Middleware\TrustProxies.php(58): Illuminate\Pipeline\Pipeline->Illuminate\Pipeline\{closure}(Object(Illuminate\Http\Request))
#33 C:\Users\Matheus\Desktop\box1111\PROJETO BOX11 V 1.0\backend\vendor\laravel\framework\src\Illuminate\Pipeline\Pipeline.php(219): Illuminate\Http\Middleware\TrustProxies->handle(Object(Illuminate\Http\Request), Object(Closure))
#34 C:\Users\Matheus\Desktop\box1111\PROJETO BOX11 V 1.0\backend\vendor\laravel\framework\src\Illuminate\Foundation\Http\Middleware\InvokeDeferredCallbacks.php(22): Illuminate\Pipeline\Pipeline->Illuminate\Pipeline\{closure}(Object(Illuminate\Http\Request))
#35 C:\Users\Matheus\Desktop\box1111\PROJETO BOX11 V 1.0\backend\vendor\laravel\framework\src\Illuminate\Pipeline\Pipeline.php(219): Illuminate\Foundation\Http\Middleware\InvokeDeferredCallbacks->handle(Object(Illuminate\Http\Request), Object(Closure))
#36 C:\Users\Matheus\Desktop\box1111\PROJETO BOX11 V 1.0\backend\vendor\laravel\framework\src\Illuminate\Http\Middleware\ValidatePathEncoding.php(26): Illuminate\Pipeline\Pipeline->Illuminate\Pipeline\{closure}(Object(Illuminate\Http\Request))
#37 C:\Users\Matheus\Desktop\box1111\PROJETO BOX11 V 1.0\backend\vendor\laravel\framework\src\Illuminate\Pipeline\Pipeline.php(219): Illuminate\Http\Middleware\ValidatePathEncoding->handle(Object(Illuminate\Http\Request), Object(Closure))
#38 C:\Users\Matheus\Desktop\box1111\PROJETO BOX11 V 1.0\backend\vendor\laravel\framework\src\Illuminate\Pipeline\Pipeline.php(137): Illuminate\Pipeline\Pipeline->Illuminate\Pipeline\{closure}(Object(Illuminate\Http\Request))
#39 C:\Users\Matheus\Desktop\box1111\PROJETO BOX11 V 1.0\backend\vendor\laravel\framework\src\Illuminate\Foundation\Http\Kernel.php(175): Illuminate\Pipeline\Pipeline->then(Object(Closure))
#40 C:\Users\Matheus\Desktop\box1111\PROJETO BOX11 V 1.0\backend\vendor\laravel\framework\src\Illuminate\Foundation\Http\Kernel.php(144): Illuminate\Foundation\Http\Kernel->sendRequestThroughRouter(Object(Illuminate\Http\Request))
#41 C:\Users\Matheus\Desktop\box1111\PROJETO BOX11 V 1.0\backend\vendor\laravel\framework\src\Illuminate\Foundation\Testing\Concerns\MakesHttpRequests.php(607): Illuminate\Foundation\Http\Kernel->handle(Object(Illuminate\Http\Request))
#42 C:\Users\Matheus\Desktop\box1111\PROJETO BOX11 V 1.0\backend\vendor\laravel\framework\src\Illuminate\Foundation\Testing\Concerns\MakesHttpRequests.php(573): Illuminate\Foundation\Testing\TestCase->call('POST', '/api/cohosts', Array, Array, Array, Array, '{"property_id":...')
#43 C:\Users\Matheus\Desktop\box1111\PROJETO BOX11 V 1.0\backend\vendor\laravel\framework\src\Illuminate\Foundation\Testing\Concerns\MakesHttpRequests.php(411): Illuminate\Foundation\Testing\TestCase->json('POST', '/api/cohosts', Array, Array, 0)
#44 C:\Users\Matheus\Desktop\box1111\PROJETO BOX11 V 1.0\backend\tests\Integration\ApiIntegrationTest.php(401): Illuminate\Foundation\Testing\TestCase->postJson('/api/cohosts', Array, Array)
#45 C:\Users\Matheus\Desktop\box1111\PROJETO BOX11 V 1.0\backend\vendor\phpunit\phpunit\src\Framework\TestCase.php(1667): Tests\Integration\ApiIntegrationTest->test_create_cohost_assignment()
#46 C:\Users\Matheus\Desktop\box1111\PROJETO BOX11 V 1.0\backend\vendor\phpunit\phpunit\src\Framework\TestCase.php(519): PHPUnit\Framework\TestCase->runTest()
#47 C:\Users\Matheus\Desktop\box1111\PROJETO BOX11 V 1.0\backend\vendor\phpunit\phpunit\src\Framework\TestRunner\TestRunner.php(87): PHPUnit\Framework\TestCase->runBare()
#48 C:\Users\Matheus\Desktop\box1111\PROJETO BOX11 V 1.0\backend\vendor\phpunit\phpunit\src\Framework\TestCase.php(365): PHPUnit\Framework\TestRunner->run(Object(Tests\Integration\ApiIntegrationTest))
#49 C:\Users\Matheus\Desktop\box1111\PROJETO BOX11 V 1.0\backend\vendor\phpunit\phpunit\src\Framework\TestSuite.php(369): PHPUnit\Framework\TestCase->run()
#50 C:\Users\Matheus\Desktop\box1111\PROJETO BOX11 V 1.0\backend\vendor\phpunit\phpunit\src\TextUI\TestRunner.php(64): PHPUnit\Framework\TestSuite->run()
#51 C:\Users\Matheus\Desktop\box1111\PROJETO BOX11 V 1.0\backend\vendor\phpunit\phpunit\src\TextUI\Application.php(211): PHPUnit\TextUI\TestRunner->run(Object(PHPUnit\TextUI\Configuration\Configuration), Object(PHPUnit\Runner\ResultCache\DefaultResultCache), Object(PHPUnit\Framework\TestSuite))
#52 C:\Users\Matheus\Desktop\box1111\PROJETO BOX11 V 1.0\backend\vendor\phpunit\phpunit\phpunit(104): PHPUnit\TextUI\Application->run(Array)
#53 {main}

----------------------------------------------------------------------------------

Auth guard [sanctum] is not defined.

  at tests\Integration\ApiIntegrationTest.php:407
    403Ôûò             'cohost_id' => $cohostProfile->id,
    404Ôûò             'revenue_split_percentage' => 20
    405Ôûò         ], ['Authorization' => 'Bearer ' . $this->hostProfile->user->api_token]);
    406Ôûò 
  Ô×£ 407Ôûò         $response->assertCreated()
    408Ôûò             ->assertJsonPath('status', 'pending')
    409Ôûò             ->assertJsonPath('revenue_split_percentage', 20);
    410Ôûò 
    411Ôûò         $this->assertDatabaseHas('co_hosts', [

  ÔöÇÔöÇÔöÇÔöÇÔöÇÔöÇÔöÇÔöÇÔöÇÔöÇÔöÇÔöÇÔöÇÔöÇÔöÇÔöÇÔöÇÔöÇÔöÇÔöÇÔöÇÔöÇÔöÇÔöÇÔöÇÔöÇÔöÇÔöÇÔöÇÔöÇÔöÇÔöÇÔöÇÔöÇÔöÇÔöÇÔöÇÔöÇÔöÇÔöÇÔöÇÔöÇÔöÇÔöÇÔöÇÔöÇÔöÇÔöÇÔöÇÔöÇÔöÇÔöÇÔöÇÔöÇÔöÇÔöÇÔöÇÔöÇÔöÇÔöÇÔöÇÔöÇÔöÇÔöÇÔöÇÔöÇÔöÇÔöÇÔöÇÔöÇÔöÇÔöÇÔöÇÔöÇÔöÇÔöÇ  
   FAILED  Tests\Integration\ApiIntegrationTest > cohost accept invitation      
  Expected response status code [200] but received 500.
Failed asserting that 500 is identical to 200.

The following exception occurred during the last request:

InvalidArgumentException: Auth guard [sanctum] is not defined. in C:\Users\Matheus\Desktop\box1111\PROJETO BOX11 V 1.0\backend\vendor\laravel\framework\src\Illuminate\Auth\AuthManager.php:85
Stack trace:
#0 C:\Users\Matheus\Desktop\box1111\PROJETO BOX11 V 1.0\backend\vendor\laravel\framework\src\Illuminate\Auth\AuthManager.php(69): Illuminate\Auth\AuthManager->resolve('sanctum')
#1 C:\Users\Matheus\Desktop\box1111\PROJETO BOX11 V 1.0\backend\vendor\laravel\framework\src\Illuminate\Auth\Middleware\Authenticate.php(82): Illuminate\Auth\AuthManager->guard('sanctum')
#2 C:\Users\Matheus\Desktop\box1111\PROJETO BOX11 V 1.0\backend\vendor\laravel\framework\src\Illuminate\Auth\Middleware\Authenticate.php(61): Illuminate\Auth\Middleware\Authenticate->authenticate(Object(Illuminate\Http\Request), Array)
#3 C:\Users\Matheus\Desktop\box1111\PROJETO BOX11 V 1.0\backend\vendor\laravel\framework\src\Illuminate\Pipeline\Pipeline.php(219): Illuminate\Auth\Middleware\Authenticate->handle(Object(Illuminate\Http\Request), Object(Closure), 'sanctum')
#4 C:\Users\Matheus\Desktop\box1111\PROJETO BOX11 V 1.0\backend\vendor\laravel\framework\src\Illuminate\Pipeline\Pipeline.php(137): Illuminate\Pipeline\Pipeline->Illuminate\Pipeline\{closure}(Object(Illuminate\Http\Request))
#5 C:\Users\Matheus\Desktop\box1111\PROJETO BOX11 V 1.0\backend\vendor\laravel\framework\src\Illuminate\Routing\Router.php(821): Illuminate\Pipeline\Pipeline->then(Object(Closure))
#6 C:\Users\Matheus\Desktop\box1111\PROJETO BOX11 V 1.0\backend\vendor\laravel\framework\src\Illuminate\Routing\Router.php(800): Illuminate\Routing\Router->runRouteWithinStack(Object(Illuminate\Routing\Route), Object(Illuminate\Http\Request))
#7 C:\Users\Matheus\Desktop\box1111\PROJETO BOX11 V 1.0\backend\vendor\laravel\framework\src\Illuminate\Routing\Router.php(764): Illuminate\Routing\Router->runRoute(Object(Illuminate\Http\Request), Object(Illuminate\Routing\Route))
#8 C:\Users\Matheus\Desktop\box1111\PROJETO BOX11 V 1.0\backend\vendor\laravel\framework\src\Illuminate\Routing\Router.php(753): Illuminate\Routing\Router->dispatchToRoute(Object(Illuminate\Http\Request))
#9 C:\Users\Matheus\Desktop\box1111\PROJETO BOX11 V 1.0\backend\vendor\laravel\framework\src\Illuminate\Foundation\Http\Kernel.php(200): Illuminate\Routing\Router->dispatch(Object(Illuminate\Http\Request))
#10 C:\Users\Matheus\Desktop\box1111\PROJETO BOX11 V 1.0\backend\vendor\laravel\framework\src\Illuminate\Pipeline\Pipeline.php(180): Illuminate\Foundation\Http\Kernel->Illuminate\Foundation\Http\{closure}(Object(Illuminate\Http\Request))
#11 C:\Users\Matheus\Desktop\box1111\PROJETO BOX11 V 1.0\backend\vendor\laravel\framework\src\Illuminate\Foundation\Http\Middleware\VerifyCsrfToken.php(87): Illuminate\Pipeline\Pipeline->Illuminate\Pipeline\{closure}(Object(Illuminate\Http\Request))
#12 C:\Users\Matheus\Desktop\box1111\PROJETO BOX11 V 1.0\backend\vendor\laravel\framework\src\Illuminate\Pipeline\Pipeline.php(219): Illuminate\Foundation\Http\Middleware\VerifyCsrfToken->handle(Object(Illuminate\Http\Request), Object(Closure))
#13 C:\Users\Matheus\Desktop\box1111\PROJETO BOX11 V 1.0\backend\vendor\laravel\framework\src\Illuminate\View\Middleware\ShareErrorsFromSession.php(48): Illuminate\Pipeline\Pipeline->Illuminate\Pipeline\{closure}(Object(Illuminate\Http\Request))
#14 C:\Users\Matheus\Desktop\box1111\PROJETO BOX11 V 1.0\backend\vendor\laravel\framework\src\Illuminate\Pipeline\Pipeline.php(219): Illuminate\View\Middleware\ShareErrorsFromSession->handle(Object(Illuminate\Http\Request), Object(Closure))
#15 C:\Users\Matheus\Desktop\box1111\PROJETO BOX11 V 1.0\backend\vendor\laravel\framework\src\Illuminate\Session\Middleware\StartSession.php(120): Illuminate\Pipeline\Pipeline->Illuminate\Pipeline\{closure}(Object(Illuminate\Http\Request))
#16 C:\Users\Matheus\Desktop\box1111\PROJETO BOX11 V 1.0\backend\vendor\laravel\framework\src\Illuminate\Session\Middleware\StartSession.php(63): Illuminate\Session\Middleware\StartSession->handleStatefulRequest(Object(Illuminate\Http\Request), Object(Illuminate\Session\Store), Object(Closure))
#17 C:\Users\Matheus\Desktop\box1111\PROJETO BOX11 V 1.0\backend\vendor\laravel\framework\src\Illuminate\Pipeline\Pipeline.php(219): Illuminate\Session\Middleware\StartSession->handle(Object(Illuminate\Http\Request), Object(Closure))
#18 C:\Users\Matheus\Desktop\box1111\PROJETO BOX11 V 1.0\backend\vendor\laravel\framework\src\Illuminate\Cookie\Middleware\EncryptCookies.php(74): Illuminate\Pipeline\Pipeline->Illuminate\Pipeline\{closure}(Object(Illuminate\Http\Request))
#19 C:\Users\Matheus\Desktop\box1111\PROJETO BOX11 V 1.0\backend\vendor\laravel\framework\src\Illuminate\Pipeline\Pipeline.php(219): Illuminate\Cookie\Middleware\EncryptCookies->handle(Object(Illuminate\Http\Request), Object(Closure))
#20 C:\Users\Matheus\Desktop\box1111\PROJETO BOX11 V 1.0\backend\vendor\laravel\framework\src\Illuminate\Foundation\Http\Middleware\TransformsRequest.php(21): Illuminate\Pipeline\Pipeline->Illuminate\Pipeline\{closure}(Object(Illuminate\Http\Request))
#21 C:\Users\Matheus\Desktop\box1111\PROJETO BOX11 V 1.0\backend\vendor\laravel\framework\src\Illuminate\Foundation\Http\Middleware\ConvertEmptyStringsToNull.php(31): Illuminate\Foundation\Http\Middleware\TransformsRequest->handle(Object(Illuminate\Http\Request), Object(Closure))
#22 C:\Users\Matheus\Desktop\box1111\PROJETO BOX11 V 1.0\backend\vendor\laravel\framework\src\Illuminate\Pipeline\Pipeline.php(219): Illuminate\Foundation\Http\Middleware\ConvertEmptyStringsToNull->handle(Object(Illuminate\Http\Request), Object(Closure))
#23 C:\Users\Matheus\Desktop\box1111\PROJETO BOX11 V 1.0\backend\vendor\laravel\framework\src\Illuminate\Foundation\Http\Middleware\TransformsRequest.php(21): Illuminate\Pipeline\Pipeline->Illuminate\Pipeline\{closure}(Object(Illuminate\Http\Request))
#24 C:\Users\Matheus\Desktop\box1111\PROJETO BOX11 V 1.0\backend\vendor\laravel\framework\src\Illuminate\Foundation\Http\Middleware\TrimStrings.php(51): Illuminate\Foundation\Http\Middleware\TransformsRequest->handle(Object(Illuminate\Http\Request), Object(Closure))
#25 C:\Users\Matheus\Desktop\box1111\PROJETO BOX11 V 1.0\backend\vendor\laravel\framework\src\Illuminate\Pipeline\Pipeline.php(219): Illuminate\Foundation\Http\Middleware\TrimStrings->handle(Object(Illuminate\Http\Request), Object(Closure))
#26 C:\Users\Matheus\Desktop\box1111\PROJETO BOX11 V 1.0\backend\vendor\laravel\framework\src\Illuminate\Http\Middleware\ValidatePostSize.php(27): Illuminate\Pipeline\Pipeline->Illuminate\Pipeline\{closure}(Object(Illuminate\Http\Request))
#27 C:\Users\Matheus\Desktop\box1111\PROJETO BOX11 V 1.0\backend\vendor\laravel\framework\src\Illuminate\Pipeline\Pipeline.php(219): Illuminate\Http\Middleware\ValidatePostSize->handle(Object(Illuminate\Http\Request), Object(Closure))
#28 C:\Users\Matheus\Desktop\box1111\PROJETO BOX11 V 1.0\backend\vendor\laravel\framework\src\Illuminate\Foundation\Http\Middleware\PreventRequestsDuringMaintenance.php(109): Illuminate\Pipeline\Pipeline->Illuminate\Pipeline\{closure}(Object(Illuminate\Http\Request))
#29 C:\Users\Matheus\Desktop\box1111\PROJETO BOX11 V 1.0\backend\vendor\laravel\framework\src\Illuminate\Pipeline\Pipeline.php(219): Illuminate\Foundation\Http\Middleware\PreventRequestsDuringMaintenance->handle(Object(Illuminate\Http\Request), Object(Closure))
#30 C:\Users\Matheus\Desktop\box1111\PROJETO BOX11 V 1.0\backend\vendor\laravel\framework\src\Illuminate\Http\Middleware\HandleCors.php(74): Illuminate\Pipeline\Pipeline->Illuminate\Pipeline\{closure}(Object(Illuminate\Http\Request))
#31 C:\Users\Matheus\Desktop\box1111\PROJETO BOX11 V 1.0\backend\vendor\laravel\framework\src\Illuminate\Pipeline\Pipeline.php(219): Illuminate\Http\Middleware\HandleCors->handle(Object(Illuminate\Http\Request), Object(Closure))
#32 C:\Users\Matheus\Desktop\box1111\PROJETO BOX11 V 1.0\backend\vendor\laravel\framework\src\Illuminate\Http\Middleware\TrustProxies.php(58): Illuminate\Pipeline\Pipeline->Illuminate\Pipeline\{closure}(Object(Illuminate\Http\Request))
#33 C:\Users\Matheus\Desktop\box1111\PROJETO BOX11 V 1.0\backend\vendor\laravel\framework\src\Illuminate\Pipeline\Pipeline.php(219): Illuminate\Http\Middleware\TrustProxies->handle(Object(Illuminate\Http\Request), Object(Closure))
#34 C:\Users\Matheus\Desktop\box1111\PROJETO BOX11 V 1.0\backend\vendor\laravel\framework\src\Illuminate\Foundation\Http\Middleware\InvokeDeferredCallbacks.php(22): Illuminate\Pipeline\Pipeline->Illuminate\Pipeline\{closure}(Object(Illuminate\Http\Request))
#35 C:\Users\Matheus\Desktop\box1111\PROJETO BOX11 V 1.0\backend\vendor\laravel\framework\src\Illuminate\Pipeline\Pipeline.php(219): Illuminate\Foundation\Http\Middleware\InvokeDeferredCallbacks->handle(Object(Illuminate\Http\Request), Object(Closure))
#36 C:\Users\Matheus\Desktop\box1111\PROJETO BOX11 V 1.0\backend\vendor\laravel\framework\src\Illuminate\Http\Middleware\ValidatePathEncoding.php(26): Illuminate\Pipeline\Pipeline->Illuminate\Pipeline\{closure}(Object(Illuminate\Http\Request))
#37 C:\Users\Matheus\Desktop\box1111\PROJETO BOX11 V 1.0\backend\vendor\laravel\framework\src\Illuminate\Pipeline\Pipeline.php(219): Illuminate\Http\Middleware\ValidatePathEncoding->handle(Object(Illuminate\Http\Request), Object(Closure))
#38 C:\Users\Matheus\Desktop\box1111\PROJETO BOX11 V 1.0\backend\vendor\laravel\framework\src\Illuminate\Pipeline\Pipeline.php(137): Illuminate\Pipeline\Pipeline->Illuminate\Pipeline\{closure}(Object(Illuminate\Http\Request))
#39 C:\Users\Matheus\Desktop\box1111\PROJETO BOX11 V 1.0\backend\vendor\laravel\framework\src\Illuminate\Foundation\Http\Kernel.php(175): Illuminate\Pipeline\Pipeline->then(Object(Closure))
#40 C:\Users\Matheus\Desktop\box1111\PROJETO BOX11 V 1.0\backend\vendor\laravel\framework\src\Illuminate\Foundation\Http\Kernel.php(144): Illuminate\Foundation\Http\Kernel->sendRequestThroughRouter(Object(Illuminate\Http\Request))
#41 C:\Users\Matheus\Desktop\box1111\PROJETO BOX11 V 1.0\backend\vendor\laravel\framework\src\Illuminate\Foundation\Testing\Concerns\MakesHttpRequests.php(607): Illuminate\Foundation\Http\Kernel->handle(Object(Illuminate\Http\Request))
#42 C:\Users\Matheus\Desktop\box1111\PROJETO BOX11 V 1.0\backend\vendor\laravel\framework\src\Illuminate\Foundation\Testing\Concerns\MakesHttpRequests.php(573): Illuminate\Foundation\Testing\TestCase->call('POST', '/api/cohosts/1/...', Array, Array, Array, Array, '[]')
#43 C:\Users\Matheus\Desktop\box1111\PROJETO BOX11 V 1.0\backend\vendor\laravel\framework\src\Illuminate\Foundation\Testing\Concerns\MakesHttpRequests.php(411): Illuminate\Foundation\Testing\TestCase->json('POST', '/api/cohosts/1/...', Array, Array, 0)
#44 C:\Users\Matheus\Desktop\box1111\PROJETO BOX11 V 1.0\backend\tests\Integration\ApiIntegrationTest.php(425): Illuminate\Foundation\Testing\TestCase->postJson('/api/cohosts/1/...', Array, Array)
#45 C:\Users\Matheus\Desktop\box1111\PROJETO BOX11 V 1.0\backend\vendor\phpunit\phpunit\src\Framework\TestCase.php(1667): Tests\Integration\ApiIntegrationTest->test_cohost_accept_invitation()
#46 C:\Users\Matheus\Desktop\box1111\PROJETO BOX11 V 1.0\backend\vendor\phpunit\phpunit\src\Framework\TestCase.php(519): PHPUnit\Framework\TestCase->runTest()
#47 C:\Users\Matheus\Desktop\box1111\PROJETO BOX11 V 1.0\backend\vendor\phpunit\phpunit\src\Framework\TestRunner\TestRunner.php(87): PHPUnit\Framework\TestCase->runBare()
#48 C:\Users\Matheus\Desktop\box1111\PROJETO BOX11 V 1.0\backend\vendor\phpunit\phpunit\src\Framework\TestCase.php(365): PHPUnit\Framework\TestRunner->run(Object(Tests\Integration\ApiIntegrationTest))
#49 C:\Users\Matheus\Desktop\box1111\PROJETO BOX11 V 1.0\backend\vendor\phpunit\phpunit\src\Framework\TestSuite.php(369): PHPUnit\Framework\TestCase->run()
#50 C:\Users\Matheus\Desktop\box1111\PROJETO BOX11 V 1.0\backend\vendor\phpunit\phpunit\src\TextUI\TestRunner.php(64): PHPUnit\Framework\TestSuite->run()
#51 C:\Users\Matheus\Desktop\box1111\PROJETO BOX11 V 1.0\backend\vendor\phpunit\phpunit\src\TextUI\Application.php(211): PHPUnit\TextUI\TestRunner->run(Object(PHPUnit\TextUI\Configuration\Configuration), Object(PHPUnit\Runner\ResultCache\DefaultResultCache), Object(PHPUnit\Framework\TestSuite))
#52 C:\Users\Matheus\Desktop\box1111\PROJETO BOX11 V 1.0\backend\vendor\phpunit\phpunit\phpunit(104): PHPUnit\TextUI\Application->run(Array)
#53 {main}

----------------------------------------------------------------------------------

Auth guard [sanctum] is not defined.

  at tests\Integration\ApiIntegrationTest.php:431
    427Ôûò             [],
    428Ôûò             ['Authorization' => 'Bearer ' . $cohost->cohost->user->api_token]
    429Ôûò         );
    430Ôûò 
  Ô×£ 431Ôûò         $response->assertOk()
    432Ôûò             ->assertJsonPath('status', 'active');
    433Ôûò     }
    434Ôûò 
    435Ôûò     /** @test */

  ÔöÇÔöÇÔöÇÔöÇÔöÇÔöÇÔöÇÔöÇÔöÇÔöÇÔöÇÔöÇÔöÇÔöÇÔöÇÔöÇÔöÇÔöÇÔöÇÔöÇÔöÇÔöÇÔöÇÔöÇÔöÇÔöÇÔöÇÔöÇÔöÇÔöÇÔöÇÔöÇÔöÇÔöÇÔöÇÔöÇÔöÇÔöÇÔöÇÔöÇÔöÇÔöÇÔöÇÔöÇÔöÇÔöÇÔöÇÔöÇÔöÇÔöÇÔöÇÔöÇÔöÇÔöÇÔöÇÔöÇÔöÇÔöÇÔöÇÔöÇÔöÇÔöÇÔöÇÔöÇÔöÇÔöÇÔöÇÔöÇÔöÇÔöÇÔöÇÔöÇÔöÇÔöÇÔöÇÔöÇ  
   FAILED  Tests\Integration\ApiIntegrationTest > get user reservations         
  Expected response status code [200] but received 500.
Failed asserting that 500 is identical to 200.

The following exception occurred during the last request:

InvalidArgumentException: Auth guard [sanctum] is not defined. in C:\Users\Matheus\Desktop\box1111\PROJETO BOX11 V 1.0\backend\vendor\laravel\framework\src\Illuminate\Auth\AuthManager.php:85
Stack trace:
#0 C:\Users\Matheus\Desktop\box1111\PROJETO BOX11 V 1.0\backend\vendor\laravel\framework\src\Illuminate\Auth\AuthManager.php(69): Illuminate\Auth\AuthManager->resolve('sanctum')
#1 C:\Users\Matheus\Desktop\box1111\PROJETO BOX11 V 1.0\backend\vendor\laravel\framework\src\Illuminate\Auth\Middleware\Authenticate.php(82): Illuminate\Auth\AuthManager->guard('sanctum')
#2 C:\Users\Matheus\Desktop\box1111\PROJETO BOX11 V 1.0\backend\vendor\laravel\framework\src\Illuminate\Auth\Middleware\Authenticate.php(61): Illuminate\Auth\Middleware\Authenticate->authenticate(Object(Illuminate\Http\Request), Array)
#3 C:\Users\Matheus\Desktop\box1111\PROJETO BOX11 V 1.0\backend\vendor\laravel\framework\src\Illuminate\Pipeline\Pipeline.php(219): Illuminate\Auth\Middleware\Authenticate->handle(Object(Illuminate\Http\Request), Object(Closure), 'sanctum')
#4 C:\Users\Matheus\Desktop\box1111\PROJETO BOX11 V 1.0\backend\vendor\laravel\framework\src\Illuminate\Pipeline\Pipeline.php(137): Illuminate\Pipeline\Pipeline->Illuminate\Pipeline\{closure}(Object(Illuminate\Http\Request))
#5 C:\Users\Matheus\Desktop\box1111\PROJETO BOX11 V 1.0\backend\vendor\laravel\framework\src\Illuminate\Routing\Router.php(821): Illuminate\Pipeline\Pipeline->then(Object(Closure))
#6 C:\Users\Matheus\Desktop\box1111\PROJETO BOX11 V 1.0\backend\vendor\laravel\framework\src\Illuminate\Routing\Router.php(800): Illuminate\Routing\Router->runRouteWithinStack(Object(Illuminate\Routing\Route), Object(Illuminate\Http\Request))
#7 C:\Users\Matheus\Desktop\box1111\PROJETO BOX11 V 1.0\backend\vendor\laravel\framework\src\Illuminate\Routing\Router.php(764): Illuminate\Routing\Router->runRoute(Object(Illuminate\Http\Request), Object(Illuminate\Routing\Route))
#8 C:\Users\Matheus\Desktop\box1111\PROJETO BOX11 V 1.0\backend\vendor\laravel\framework\src\Illuminate\Routing\Router.php(753): Illuminate\Routing\Router->dispatchToRoute(Object(Illuminate\Http\Request))
#9 C:\Users\Matheus\Desktop\box1111\PROJETO BOX11 V 1.0\backend\vendor\laravel\framework\src\Illuminate\Foundation\Http\Kernel.php(200): Illuminate\Routing\Router->dispatch(Object(Illuminate\Http\Request))
#10 C:\Users\Matheus\Desktop\box1111\PROJETO BOX11 V 1.0\backend\vendor\laravel\framework\src\Illuminate\Pipeline\Pipeline.php(180): Illuminate\Foundation\Http\Kernel->Illuminate\Foundation\Http\{closure}(Object(Illuminate\Http\Request))
#11 C:\Users\Matheus\Desktop\box1111\PROJETO BOX11 V 1.0\backend\vendor\laravel\framework\src\Illuminate\Foundation\Http\Middleware\VerifyCsrfToken.php(87): Illuminate\Pipeline\Pipeline->Illuminate\Pipeline\{closure}(Object(Illuminate\Http\Request))
#12 C:\Users\Matheus\Desktop\box1111\PROJETO BOX11 V 1.0\backend\vendor\laravel\framework\src\Illuminate\Pipeline\Pipeline.php(219): Illuminate\Foundation\Http\Middleware\VerifyCsrfToken->handle(Object(Illuminate\Http\Request), Object(Closure))
#13 C:\Users\Matheus\Desktop\box1111\PROJETO BOX11 V 1.0\backend\vendor\laravel\framework\src\Illuminate\View\Middleware\ShareErrorsFromSession.php(48): Illuminate\Pipeline\Pipeline->Illuminate\Pipeline\{closure}(Object(Illuminate\Http\Request))
#14 C:\Users\Matheus\Desktop\box1111\PROJETO BOX11 V 1.0\backend\vendor\laravel\framework\src\Illuminate\Pipeline\Pipeline.php(219): Illuminate\View\Middleware\ShareErrorsFromSession->handle(Object(Illuminate\Http\Request), Object(Closure))
#15 C:\Users\Matheus\Desktop\box1111\PROJETO BOX11 V 1.0\backend\vendor\laravel\framework\src\Illuminate\Session\Middleware\StartSession.php(120): Illuminate\Pipeline\Pipeline->Illuminate\Pipeline\{closure}(Object(Illuminate\Http\Request))
#16 C:\Users\Matheus\Desktop\box1111\PROJETO BOX11 V 1.0\backend\vendor\laravel\framework\src\Illuminate\Session\Middleware\StartSession.php(63): Illuminate\Session\Middleware\StartSession->handleStatefulRequest(Object(Illuminate\Http\Request), Object(Illuminate\Session\Store), Object(Closure))
#17 C:\Users\Matheus\Desktop\box1111\PROJETO BOX11 V 1.0\backend\vendor\laravel\framework\src\Illuminate\Pipeline\Pipeline.php(219): Illuminate\Session\Middleware\StartSession->handle(Object(Illuminate\Http\Request), Object(Closure))
#18 C:\Users\Matheus\Desktop\box1111\PROJETO BOX11 V 1.0\backend\vendor\laravel\framework\src\Illuminate\Cookie\Middleware\EncryptCookies.php(74): Illuminate\Pipeline\Pipeline->Illuminate\Pipeline\{closure}(Object(Illuminate\Http\Request))
#19 C:\Users\Matheus\Desktop\box1111\PROJETO BOX11 V 1.0\backend\vendor\laravel\framework\src\Illuminate\Pipeline\Pipeline.php(219): Illuminate\Cookie\Middleware\EncryptCookies->handle(Object(Illuminate\Http\Request), Object(Closure))
#20 C:\Users\Matheus\Desktop\box1111\PROJETO BOX11 V 1.0\backend\vendor\laravel\framework\src\Illuminate\Foundation\Http\Middleware\TransformsRequest.php(21): Illuminate\Pipeline\Pipeline->Illuminate\Pipeline\{closure}(Object(Illuminate\Http\Request))
#21 C:\Users\Matheus\Desktop\box1111\PROJETO BOX11 V 1.0\backend\vendor\laravel\framework\src\Illuminate\Foundation\Http\Middleware\ConvertEmptyStringsToNull.php(31): Illuminate\Foundation\Http\Middleware\TransformsRequest->handle(Object(Illuminate\Http\Request), Object(Closure))
#22 C:\Users\Matheus\Desktop\box1111\PROJETO BOX11 V 1.0\backend\vendor\laravel\framework\src\Illuminate\Pipeline\Pipeline.php(219): Illuminate\Foundation\Http\Middleware\ConvertEmptyStringsToNull->handle(Object(Illuminate\Http\Request), Object(Closure))
#23 C:\Users\Matheus\Desktop\box1111\PROJETO BOX11 V 1.0\backend\vendor\laravel\framework\src\Illuminate\Foundation\Http\Middleware\TransformsRequest.php(21): Illuminate\Pipeline\Pipeline->Illuminate\Pipeline\{closure}(Object(Illuminate\Http\Request))
#24 C:\Users\Matheus\Desktop\box1111\PROJETO BOX11 V 1.0\backend\vendor\laravel\framework\src\Illuminate\Foundation\Http\Middleware\TrimStrings.php(51): Illuminate\Foundation\Http\Middleware\TransformsRequest->handle(Object(Illuminate\Http\Request), Object(Closure))
#25 C:\Users\Matheus\Desktop\box1111\PROJETO BOX11 V 1.0\backend\vendor\laravel\framework\src\Illuminate\Pipeline\Pipeline.php(219): Illuminate\Foundation\Http\Middleware\TrimStrings->handle(Object(Illuminate\Http\Request), Object(Closure))
#26 C:\Users\Matheus\Desktop\box1111\PROJETO BOX11 V 1.0\backend\vendor\laravel\framework\src\Illuminate\Http\Middleware\ValidatePostSize.php(27): Illuminate\Pipeline\Pipeline->Illuminate\Pipeline\{closure}(Object(Illuminate\Http\Request))
#27 C:\Users\Matheus\Desktop\box1111\PROJETO BOX11 V 1.0\backend\vendor\laravel\framework\src\Illuminate\Pipeline\Pipeline.php(219): Illuminate\Http\Middleware\ValidatePostSize->handle(Object(Illuminate\Http\Request), Object(Closure))
#28 C:\Users\Matheus\Desktop\box1111\PROJETO BOX11 V 1.0\backend\vendor\laravel\framework\src\Illuminate\Foundation\Http\Middleware\PreventRequestsDuringMaintenance.php(109): Illuminate\Pipeline\Pipeline->Illuminate\Pipeline\{closure}(Object(Illuminate\Http\Request))
#29 C:\Users\Matheus\Desktop\box1111\PROJETO BOX11 V 1.0\backend\vendor\laravel\framework\src\Illuminate\Pipeline\Pipeline.php(219): Illuminate\Foundation\Http\Middleware\PreventRequestsDuringMaintenance->handle(Object(Illuminate\Http\Request), Object(Closure))
#30 C:\Users\Matheus\Desktop\box1111\PROJETO BOX11 V 1.0\backend\vendor\laravel\framework\src\Illuminate\Http\Middleware\HandleCors.php(74): Illuminate\Pipeline\Pipeline->Illuminate\Pipeline\{closure}(Object(Illuminate\Http\Request))
#31 C:\Users\Matheus\Desktop\box1111\PROJETO BOX11 V 1.0\backend\vendor\laravel\framework\src\Illuminate\Pipeline\Pipeline.php(219): Illuminate\Http\Middleware\HandleCors->handle(Object(Illuminate\Http\Request), Object(Closure))
#32 C:\Users\Matheus\Desktop\box1111\PROJETO BOX11 V 1.0\backend\vendor\laravel\framework\src\Illuminate\Http\Middleware\TrustProxies.php(58): Illuminate\Pipeline\Pipeline->Illuminate\Pipeline\{closure}(Object(Illuminate\Http\Request))
#33 C:\Users\Matheus\Desktop\box1111\PROJETO BOX11 V 1.0\backend\vendor\laravel\framework\src\Illuminate\Pipeline\Pipeline.php(219): Illuminate\Http\Middleware\TrustProxies->handle(Object(Illuminate\Http\Request), Object(Closure))
#34 C:\Users\Matheus\Desktop\box1111\PROJETO BOX11 V 1.0\backend\vendor\laravel\framework\src\Illuminate\Foundation\Http\Middleware\InvokeDeferredCallbacks.php(22): Illuminate\Pipeline\Pipeline->Illuminate\Pipeline\{closure}(Object(Illuminate\Http\Request))
#35 C:\Users\Matheus\Desktop\box1111\PROJETO BOX11 V 1.0\backend\vendor\laravel\framework\src\Illuminate\Pipeline\Pipeline.php(219): Illuminate\Foundation\Http\Middleware\InvokeDeferredCallbacks->handle(Object(Illuminate\Http\Request), Object(Closure))
#36 C:\Users\Matheus\Desktop\box1111\PROJETO BOX11 V 1.0\backend\vendor\laravel\framework\src\Illuminate\Http\Middleware\ValidatePathEncoding.php(26): Illuminate\Pipeline\Pipeline->Illuminate\Pipeline\{closure}(Object(Illuminate\Http\Request))
#37 C:\Users\Matheus\Desktop\box1111\PROJETO BOX11 V 1.0\backend\vendor\laravel\framework\src\Illuminate\Pipeline\Pipeline.php(219): Illuminate\Http\Middleware\ValidatePathEncoding->handle(Object(Illuminate\Http\Request), Object(Closure))
#38 C:\Users\Matheus\Desktop\box1111\PROJETO BOX11 V 1.0\backend\vendor\laravel\framework\src\Illuminate\Pipeline\Pipeline.php(137): Illuminate\Pipeline\Pipeline->Illuminate\Pipeline\{closure}(Object(Illuminate\Http\Request))
#39 C:\Users\Matheus\Desktop\box1111\PROJETO BOX11 V 1.0\backend\vendor\laravel\framework\src\Illuminate\Foundation\Http\Kernel.php(175): Illuminate\Pipeline\Pipeline->then(Object(Closure))
#40 C:\Users\Matheus\Desktop\box1111\PROJETO BOX11 V 1.0\backend\vendor\laravel\framework\src\Illuminate\Foundation\Http\Kernel.php(144): Illuminate\Foundation\Http\Kernel->sendRequestThroughRouter(Object(Illuminate\Http\Request))
#41 C:\Users\Matheus\Desktop\box1111\PROJETO BOX11 V 1.0\backend\vendor\laravel\framework\src\Illuminate\Foundation\Testing\Concerns\MakesHttpRequests.php(607): Illuminate\Foundation\Http\Kernel->handle(Object(Illuminate\Http\Request))
#42 C:\Users\Matheus\Desktop\box1111\PROJETO BOX11 V 1.0\backend\vendor\laravel\framework\src\Illuminate\Foundation\Testing\Concerns\MakesHttpRequests.php(573): Illuminate\Foundation\Testing\TestCase->call('GET', '/api/reservatio...', Array, Array, Array, Array, '[]')
#43 C:\Users\Matheus\Desktop\box1111\PROJETO BOX11 V 1.0\backend\vendor\laravel\framework\src\Illuminate\Foundation\Testing\Concerns\MakesHttpRequests.php(381): Illuminate\Foundation\Testing\TestCase->json('GET', '/api/reservatio...', Array, Array, 0)
#44 C:\Users\Matheus\Desktop\box1111\PROJETO BOX11 V 1.0\backend\tests\Integration\ApiIntegrationTest.php(440): Illuminate\Foundation\Testing\TestCase->getJson('/api/reservatio...', Array)
#45 C:\Users\Matheus\Desktop\box1111\PROJETO BOX11 V 1.0\backend\vendor\phpunit\phpunit\src\Framework\TestCase.php(1667): Tests\Integration\ApiIntegrationTest->test_get_user_reservations()
#46 C:\Users\Matheus\Desktop\box1111\PROJETO BOX11 V 1.0\backend\vendor\phpunit\phpunit\src\Framework\TestCase.php(519): PHPUnit\Framework\TestCase->runTest()
#47 C:\Users\Matheus\Desktop\box1111\PROJETO BOX11 V 1.0\backend\vendor\phpunit\phpunit\src\Framework\TestRunner\TestRunner.php(87): PHPUnit\Framework\TestCase->runBare()
#48 C:\Users\Matheus\Desktop\box1111\PROJETO BOX11 V 1.0\backend\vendor\phpunit\phpunit\src\Framework\TestCase.php(365): PHPUnit\Framework\TestRunner->run(Object(Tests\Integration\ApiIntegrationTest))
#49 C:\Users\Matheus\Desktop\box1111\PROJETO BOX11 V 1.0\backend\vendor\phpunit\phpunit\src\Framework\TestSuite.php(369): PHPUnit\Framework\TestCase->run()
#50 C:\Users\Matheus\Desktop\box1111\PROJETO BOX11 V 1.0\backend\vendor\phpunit\phpunit\src\TextUI\TestRunner.php(64): PHPUnit\Framework\TestSuite->run()
#51 C:\Users\Matheus\Desktop\box1111\PROJETO BOX11 V 1.0\backend\vendor\phpunit\phpunit\src\TextUI\Application.php(211): PHPUnit\TextUI\TestRunner->run(Object(PHPUnit\TextUI\Configuration\Configuration), Object(PHPUnit\Runner\ResultCache\DefaultResultCache), Object(PHPUnit\Framework\TestSuite))
#52 C:\Users\Matheus\Desktop\box1111\PROJETO BOX11 V 1.0\backend\vendor\phpunit\phpunit\phpunit(104): PHPUnit\TextUI\Application->run(Array)
#53 {main}

----------------------------------------------------------------------------------

Auth guard [sanctum] is not defined.

  at tests\Integration\ApiIntegrationTest.php:444
    440Ôûò         $response = $this->getJson('/api/reservations', [
    441Ôûò             'Authorization' => $this->token
    442Ôûò         ]);
    443Ôûò 
  Ô×£ 444Ôûò         $response->assertOk()
    445Ôûò             ->assertJsonStructure(['data', 'meta']);
    446Ôûò     }
    447Ôûò 
    448Ôûò     /** @test */

  ÔöÇÔöÇÔöÇÔöÇÔöÇÔöÇÔöÇÔöÇÔöÇÔöÇÔöÇÔöÇÔöÇÔöÇÔöÇÔöÇÔöÇÔöÇÔöÇÔöÇÔöÇÔöÇÔöÇÔöÇÔöÇÔöÇÔöÇÔöÇÔöÇÔöÇÔöÇÔöÇÔöÇÔöÇÔöÇÔöÇÔöÇÔöÇÔöÇÔöÇÔöÇÔöÇÔöÇÔöÇÔöÇÔöÇÔöÇÔöÇÔöÇÔöÇÔöÇÔöÇÔöÇÔöÇÔöÇÔöÇÔöÇÔöÇÔöÇÔöÇÔöÇÔöÇÔöÇÔöÇÔöÇÔöÇÔöÇÔöÇÔöÇÔöÇÔöÇÔöÇÔöÇÔöÇÔöÇÔöÇ  
   FAILED  Tests\Integration\ApiIntegrationTest > get host reservations         
  Expected response status code [200] but received 500.
Failed asserting that 500 is identical to 200.

The following exception occurred during the last request:

InvalidArgumentException: Auth guard [sanctum] is not defined. in C:\Users\Matheus\Desktop\box1111\PROJETO BOX11 V 1.0\backend\vendor\laravel\framework\src\Illuminate\Auth\AuthManager.php:85
Stack trace:
#0 C:\Users\Matheus\Desktop\box1111\PROJETO BOX11 V 1.0\backend\vendor\laravel\framework\src\Illuminate\Auth\AuthManager.php(69): Illuminate\Auth\AuthManager->resolve('sanctum')
#1 C:\Users\Matheus\Desktop\box1111\PROJETO BOX11 V 1.0\backend\vendor\laravel\framework\src\Illuminate\Auth\Middleware\Authenticate.php(82): Illuminate\Auth\AuthManager->guard('sanctum')
#2 C:\Users\Matheus\Desktop\box1111\PROJETO BOX11 V 1.0\backend\vendor\laravel\framework\src\Illuminate\Auth\Middleware\Authenticate.php(61): Illuminate\Auth\Middleware\Authenticate->authenticate(Object(Illuminate\Http\Request), Array)
#3 C:\Users\Matheus\Desktop\box1111\PROJETO BOX11 V 1.0\backend\vendor\laravel\framework\src\Illuminate\Pipeline\Pipeline.php(219): Illuminate\Auth\Middleware\Authenticate->handle(Object(Illuminate\Http\Request), Object(Closure), 'sanctum')
#4 C:\Users\Matheus\Desktop\box1111\PROJETO BOX11 V 1.0\backend\vendor\laravel\framework\src\Illuminate\Pipeline\Pipeline.php(137): Illuminate\Pipeline\Pipeline->Illuminate\Pipeline\{closure}(Object(Illuminate\Http\Request))
#5 C:\Users\Matheus\Desktop\box1111\PROJETO BOX11 V 1.0\backend\vendor\laravel\framework\src\Illuminate\Routing\Router.php(821): Illuminate\Pipeline\Pipeline->then(Object(Closure))
#6 C:\Users\Matheus\Desktop\box1111\PROJETO BOX11 V 1.0\backend\vendor\laravel\framework\src\Illuminate\Routing\Router.php(800): Illuminate\Routing\Router->runRouteWithinStack(Object(Illuminate\Routing\Route), Object(Illuminate\Http\Request))
#7 C:\Users\Matheus\Desktop\box1111\PROJETO BOX11 V 1.0\backend\vendor\laravel\framework\src\Illuminate\Routing\Router.php(764): Illuminate\Routing\Router->runRoute(Object(Illuminate\Http\Request), Object(Illuminate\Routing\Route))
#8 C:\Users\Matheus\Desktop\box1111\PROJETO BOX11 V 1.0\backend\vendor\laravel\framework\src\Illuminate\Routing\Router.php(753): Illuminate\Routing\Router->dispatchToRoute(Object(Illuminate\Http\Request))
#9 C:\Users\Matheus\Desktop\box1111\PROJETO BOX11 V 1.0\backend\vendor\laravel\framework\src\Illuminate\Foundation\Http\Kernel.php(200): Illuminate\Routing\Router->dispatch(Object(Illuminate\Http\Request))
#10 C:\Users\Matheus\Desktop\box1111\PROJETO BOX11 V 1.0\backend\vendor\laravel\framework\src\Illuminate\Pipeline\Pipeline.php(180): Illuminate\Foundation\Http\Kernel->Illuminate\Foundation\Http\{closure}(Object(Illuminate\Http\Request))
#11 C:\Users\Matheus\Desktop\box1111\PROJETO BOX11 V 1.0\backend\vendor\laravel\framework\src\Illuminate\Foundation\Http\Middleware\VerifyCsrfToken.php(87): Illuminate\Pipeline\Pipeline->Illuminate\Pipeline\{closure}(Object(Illuminate\Http\Request))
#12 C:\Users\Matheus\Desktop\box1111\PROJETO BOX11 V 1.0\backend\vendor\laravel\framework\src\Illuminate\Pipeline\Pipeline.php(219): Illuminate\Foundation\Http\Middleware\VerifyCsrfToken->handle(Object(Illuminate\Http\Request), Object(Closure))
#13 C:\Users\Matheus\Desktop\box1111\PROJETO BOX11 V 1.0\backend\vendor\laravel\framework\src\Illuminate\View\Middleware\ShareErrorsFromSession.php(48): Illuminate\Pipeline\Pipeline->Illuminate\Pipeline\{closure}(Object(Illuminate\Http\Request))
#14 C:\Users\Matheus\Desktop\box1111\PROJETO BOX11 V 1.0\backend\vendor\laravel\framework\src\Illuminate\Pipeline\Pipeline.php(219): Illuminate\View\Middleware\ShareErrorsFromSession->handle(Object(Illuminate\Http\Request), Object(Closure))
#15 C:\Users\Matheus\Desktop\box1111\PROJETO BOX11 V 1.0\backend\vendor\laravel\framework\src\Illuminate\Session\Middleware\StartSession.php(120): Illuminate\Pipeline\Pipeline->Illuminate\Pipeline\{closure}(Object(Illuminate\Http\Request))
#16 C:\Users\Matheus\Desktop\box1111\PROJETO BOX11 V 1.0\backend\vendor\laravel\framework\src\Illuminate\Session\Middleware\StartSession.php(63): Illuminate\Session\Middleware\StartSession->handleStatefulRequest(Object(Illuminate\Http\Request), Object(Illuminate\Session\Store), Object(Closure))
#17 C:\Users\Matheus\Desktop\box1111\PROJETO BOX11 V 1.0\backend\vendor\laravel\framework\src\Illuminate\Pipeline\Pipeline.php(219): Illuminate\Session\Middleware\StartSession->handle(Object(Illuminate\Http\Request), Object(Closure))
#18 C:\Users\Matheus\Desktop\box1111\PROJETO BOX11 V 1.0\backend\vendor\laravel\framework\src\Illuminate\Cookie\Middleware\EncryptCookies.php(74): Illuminate\Pipeline\Pipeline->Illuminate\Pipeline\{closure}(Object(Illuminate\Http\Request))
#19 C:\Users\Matheus\Desktop\box1111\PROJETO BOX11 V 1.0\backend\vendor\laravel\framework\src\Illuminate\Pipeline\Pipeline.php(219): Illuminate\Cookie\Middleware\EncryptCookies->handle(Object(Illuminate\Http\Request), Object(Closure))
#20 C:\Users\Matheus\Desktop\box1111\PROJETO BOX11 V 1.0\backend\vendor\laravel\framework\src\Illuminate\Foundation\Http\Middleware\TransformsRequest.php(21): Illuminate\Pipeline\Pipeline->Illuminate\Pipeline\{closure}(Object(Illuminate\Http\Request))
#21 C:\Users\Matheus\Desktop\box1111\PROJETO BOX11 V 1.0\backend\vendor\laravel\framework\src\Illuminate\Foundation\Http\Middleware\ConvertEmptyStringsToNull.php(31): Illuminate\Foundation\Http\Middleware\TransformsRequest->handle(Object(Illuminate\Http\Request), Object(Closure))
#22 C:\Users\Matheus\Desktop\box1111\PROJETO BOX11 V 1.0\backend\vendor\laravel\framework\src\Illuminate\Pipeline\Pipeline.php(219): Illuminate\Foundation\Http\Middleware\ConvertEmptyStringsToNull->handle(Object(Illuminate\Http\Request), Object(Closure))
#23 C:\Users\Matheus\Desktop\box1111\PROJETO BOX11 V 1.0\backend\vendor\laravel\framework\src\Illuminate\Foundation\Http\Middleware\TransformsRequest.php(21): Illuminate\Pipeline\Pipeline->Illuminate\Pipeline\{closure}(Object(Illuminate\Http\Request))
#24 C:\Users\Matheus\Desktop\box1111\PROJETO BOX11 V 1.0\backend\vendor\laravel\framework\src\Illuminate\Foundation\Http\Middleware\TrimStrings.php(51): Illuminate\Foundation\Http\Middleware\TransformsRequest->handle(Object(Illuminate\Http\Request), Object(Closure))
#25 C:\Users\Matheus\Desktop\box1111\PROJETO BOX11 V 1.0\backend\vendor\laravel\framework\src\Illuminate\Pipeline\Pipeline.php(219): Illuminate\Foundation\Http\Middleware\TrimStrings->handle(Object(Illuminate\Http\Request), Object(Closure))
#26 C:\Users\Matheus\Desktop\box1111\PROJETO BOX11 V 1.0\backend\vendor\laravel\framework\src\Illuminate\Http\Middleware\ValidatePostSize.php(27): Illuminate\Pipeline\Pipeline->Illuminate\Pipeline\{closure}(Object(Illuminate\Http\Request))
#27 C:\Users\Matheus\Desktop\box1111\PROJETO BOX11 V 1.0\backend\vendor\laravel\framework\src\Illuminate\Pipeline\Pipeline.php(219): Illuminate\Http\Middleware\ValidatePostSize->handle(Object(Illuminate\Http\Request), Object(Closure))
#28 C:\Users\Matheus\Desktop\box1111\PROJETO BOX11 V 1.0\backend\vendor\laravel\framework\src\Illuminate\Foundation\Http\Middleware\PreventRequestsDuringMaintenance.php(109): Illuminate\Pipeline\Pipeline->Illuminate\Pipeline\{closure}(Object(Illuminate\Http\Request))
#29 C:\Users\Matheus\Desktop\box1111\PROJETO BOX11 V 1.0\backend\vendor\laravel\framework\src\Illuminate\Pipeline\Pipeline.php(219): Illuminate\Foundation\Http\Middleware\PreventRequestsDuringMaintenance->handle(Object(Illuminate\Http\Request), Object(Closure))
#30 C:\Users\Matheus\Desktop\box1111\PROJETO BOX11 V 1.0\backend\vendor\laravel\framework\src\Illuminate\Http\Middleware\HandleCors.php(74): Illuminate\Pipeline\Pipeline->Illuminate\Pipeline\{closure}(Object(Illuminate\Http\Request))
#31 C:\Users\Matheus\Desktop\box1111\PROJETO BOX11 V 1.0\backend\vendor\laravel\framework\src\Illuminate\Pipeline\Pipeline.php(219): Illuminate\Http\Middleware\HandleCors->handle(Object(Illuminate\Http\Request), Object(Closure))
#32 C:\Users\Matheus\Desktop\box1111\PROJETO BOX11 V 1.0\backend\vendor\laravel\framework\src\Illuminate\Http\Middleware\TrustProxies.php(58): Illuminate\Pipeline\Pipeline->Illuminate\Pipeline\{closure}(Object(Illuminate\Http\Request))
#33 C:\Users\Matheus\Desktop\box1111\PROJETO BOX11 V 1.0\backend\vendor\laravel\framework\src\Illuminate\Pipeline\Pipeline.php(219): Illuminate\Http\Middleware\TrustProxies->handle(Object(Illuminate\Http\Request), Object(Closure))
#34 C:\Users\Matheus\Desktop\box1111\PROJETO BOX11 V 1.0\backend\vendor\laravel\framework\src\Illuminate\Foundation\Http\Middleware\InvokeDeferredCallbacks.php(22): Illuminate\Pipeline\Pipeline->Illuminate\Pipeline\{closure}(Object(Illuminate\Http\Request))
#35 C:\Users\Matheus\Desktop\box1111\PROJETO BOX11 V 1.0\backend\vendor\laravel\framework\src\Illuminate\Pipeline\Pipeline.php(219): Illuminate\Foundation\Http\Middleware\InvokeDeferredCallbacks->handle(Object(Illuminate\Http\Request), Object(Closure))
#36 C:\Users\Matheus\Desktop\box1111\PROJETO BOX11 V 1.0\backend\vendor\laravel\framework\src\Illuminate\Http\Middleware\ValidatePathEncoding.php(26): Illuminate\Pipeline\Pipeline->Illuminate\Pipeline\{closure}(Object(Illuminate\Http\Request))
#37 C:\Users\Matheus\Desktop\box1111\PROJETO BOX11 V 1.0\backend\vendor\laravel\framework\src\Illuminate\Pipeline\Pipeline.php(219): Illuminate\Http\Middleware\ValidatePathEncoding->handle(Object(Illuminate\Http\Request), Object(Closure))
#38 C:\Users\Matheus\Desktop\box1111\PROJETO BOX11 V 1.0\backend\vendor\laravel\framework\src\Illuminate\Pipeline\Pipeline.php(137): Illuminate\Pipeline\Pipeline->Illuminate\Pipeline\{closure}(Object(Illuminate\Http\Request))
#39 C:\Users\Matheus\Desktop\box1111\PROJETO BOX11 V 1.0\backend\vendor\laravel\framework\src\Illuminate\Foundation\Http\Kernel.php(175): Illuminate\Pipeline\Pipeline->then(Object(Closure))
#40 C:\Users\Matheus\Desktop\box1111\PROJETO BOX11 V 1.0\backend\vendor\laravel\framework\src\Illuminate\Foundation\Http\Kernel.php(144): Illuminate\Foundation\Http\Kernel->sendRequestThroughRouter(Object(Illuminate\Http\Request))
#41 C:\Users\Matheus\Desktop\box1111\PROJETO BOX11 V 1.0\backend\vendor\laravel\framework\src\Illuminate\Foundation\Testing\Concerns\MakesHttpRequests.php(607): Illuminate\Foundation\Http\Kernel->handle(Object(Illuminate\Http\Request))
#42 C:\Users\Matheus\Desktop\box1111\PROJETO BOX11 V 1.0\backend\vendor\laravel\framework\src\Illuminate\Foundation\Testing\Concerns\MakesHttpRequests.php(573): Illuminate\Foundation\Testing\TestCase->call('GET', '/api/reservatio...', Array, Array, Array, Array, '[]')
#43 C:\Users\Matheus\Desktop\box1111\PROJETO BOX11 V 1.0\backend\vendor\laravel\framework\src\Illuminate\Foundation\Testing\Concerns\MakesHttpRequests.php(381): Illuminate\Foundation\Testing\TestCase->json('GET', '/api/reservatio...', Array, Array, 0)
#44 C:\Users\Matheus\Desktop\box1111\PROJETO BOX11 V 1.0\backend\tests\Integration\ApiIntegrationTest.php(453): Illuminate\Foundation\Testing\TestCase->getJson('/api/reservatio...', Array)
#45 C:\Users\Matheus\Desktop\box1111\PROJETO BOX11 V 1.0\backend\vendor\phpunit\phpunit\src\Framework\TestCase.php(1667): Tests\Integration\ApiIntegrationTest->test_get_host_reservations()
#46 C:\Users\Matheus\Desktop\box1111\PROJETO BOX11 V 1.0\backend\vendor\phpunit\phpunit\src\Framework\TestCase.php(519): PHPUnit\Framework\TestCase->runTest()
#47 C:\Users\Matheus\Desktop\box1111\PROJETO BOX11 V 1.0\backend\vendor\phpunit\phpunit\src\Framework\TestRunner\TestRunner.php(87): PHPUnit\Framework\TestCase->runBare()
#48 C:\Users\Matheus\Desktop\box1111\PROJETO BOX11 V 1.0\backend\vendor\phpunit\phpunit\src\Framework\TestCase.php(365): PHPUnit\Framework\TestRunner->run(Object(Tests\Integration\ApiIntegrationTest))
#49 C:\Users\Matheus\Desktop\box1111\PROJETO BOX11 V 1.0\backend\vendor\phpunit\phpunit\src\Framework\TestSuite.php(369): PHPUnit\Framework\TestCase->run()
#50 C:\Users\Matheus\Desktop\box1111\PROJETO BOX11 V 1.0\backend\vendor\phpunit\phpunit\src\TextUI\TestRunner.php(64): PHPUnit\Framework\TestSuite->run()
#51 C:\Users\Matheus\Desktop\box1111\PROJETO BOX11 V 1.0\backend\vendor\phpunit\phpunit\src\TextUI\Application.php(211): PHPUnit\TextUI\TestRunner->run(Object(PHPUnit\TextUI\Configuration\Configuration), Object(PHPUnit\Runner\ResultCache\DefaultResultCache), Object(PHPUnit\Framework\TestSuite))
#52 C:\Users\Matheus\Desktop\box1111\PROJETO BOX11 V 1.0\backend\vendor\phpunit\phpunit\phpunit(104): PHPUnit\TextUI\Application->run(Array)
#53 {main}

----------------------------------------------------------------------------------

Auth guard [sanctum] is not defined.

  at tests\Integration\ApiIntegrationTest.php:458
    454Ôûò             '/api/reservations?as=host',
    455Ôûò             ['Authorization' => 'Bearer ' . $this->hostProfile->user->api_token]
    456Ôûò         );
    457Ôûò 
  Ô×£ 458Ôûò         $response->assertOk()
    459Ôûò             ->assertJsonStructure(['data', 'meta']);
    460Ôûò     }
    461Ôûò 
    462Ôûò     /** @test */


  Tests:    21 failed, 5 passed (36 assertions)
  Duration: 1.43s

